Component: ARM Compiler 6.14.1 Tool: armlink [5db06d00]

==============================================================================

Section Cross References

    main.o(.text.UART2_INIT) refers to main.o(.bss.cfg) for cfg
    main.o(.text.UART2_INIT) refers to uart_src.o(.text.MCAL_UART_Init) for MCAL_UART_Init
    main.o(.ARM.exidx.text.UART2_INIT) refers to main.o(.text.UART2_INIT) for [Anonymous Symbol]
    main.o(.text.main) refers to main.o(.text.UART2_INIT) for UART2_INIT
    main.o(.text.main) refers to main.o(.bss.cfg) for cfg
    main.o(.text.main) refers to main.o(.bss.first_latitude) for first_latitude
    main.o(.text.main) refers to main.o(.bss.first_longitude) for first_longitude
    main.o(.text.main) refers to gps.o(.text.HAL_GPS_Read) for HAL_GPS_Read
    main.o(.text.main) refers to main.o(.bss.current_latitude) for current_latitude
    main.o(.text.main) refers to main.o(.bss.current_longitude) for current_longitude
    main.o(.text.main) refers to main.o(.bss.distance) for distance
    main.o(.text.main) refers to app.o(.text.computeDistance) for computeDistance
    main.o(.ARM.exidx.text.main) refers to main.o(.text.main) for [Anonymous Symbol]
    uart_src.o(.text.MCAL_UART_Init) refers to uart_src.o(.text.UART_GPIO_RCC) for UART_GPIO_RCC
    uart_src.o(.ARM.exidx.text.MCAL_UART_Init) refers to uart_src.o(.text.MCAL_UART_Init) for [Anonymous Symbol]
    uart_src.o(.ARM.exidx.text.UART_GPIO_RCC) refers to uart_src.o(.text.UART_GPIO_RCC) for [Anonymous Symbol]
    uart_src.o(.ARM.exidx.text.MCAL_UART_Send_Byte_Poll) refers to uart_src.o(.text.MCAL_UART_Send_Byte_Poll) for [Anonymous Symbol]
    uart_src.o(.ARM.exidx.text.MCAL_UART_Receive_Byte_Poll) refers to uart_src.o(.text.MCAL_UART_Receive_Byte_Poll) for [Anonymous Symbol]
    uart_src.o(.ARM.exidx.text.MCAL_UART_Send_Byte_IT) refers to uart_src.o(.text.MCAL_UART_Send_Byte_IT) for [Anonymous Symbol]
    uart_src.o(.ARM.exidx.text.MCAL_UART_Receive_Byte_IT) refers to uart_src.o(.text.MCAL_UART_Receive_Byte_IT) for [Anonymous Symbol]
    uart_src.o(.text.MCAL_UART_Send_String) refers to uart_src.o(.text.MCAL_UART_Send_Byte_Poll) for MCAL_UART_Send_Byte_Poll
    uart_src.o(.ARM.exidx.text.MCAL_UART_Send_String) refers to uart_src.o(.text.MCAL_UART_Send_String) for [Anonymous Symbol]
    uart_src.o(.ARM.exidx.text.MCAL_UART_Receive_String) refers to uart_src.o(.text.MCAL_UART_Receive_String) for [Anonymous Symbol]
    gpio_proggramm.o(.ARM.exidx.text.MCAL_GPIO_INIT) refers to gpio_proggramm.o(.text.MCAL_GPIO_INIT) for [Anonymous Symbol]
    gpio_proggramm.o(.ARM.exidx.text.MCAL_GPIO_SetPinMode) refers to gpio_proggramm.o(.text.MCAL_GPIO_SetPinMode) for [Anonymous Symbol]
    gpio_proggramm.o(.ARM.exidx.text.MCAL_GPIO_SetPinValue) refers to gpio_proggramm.o(.text.MCAL_GPIO_SetPinValue) for [Anonymous Symbol]
    gpio_proggramm.o(.ARM.exidx.text.MCAL_GPIO_GetPinValue) refers to gpio_proggramm.o(.text.MCAL_GPIO_GetPinValue) for [Anonymous Symbol]
    gps.o(.text.parse_GPS_data) refers to gps.o(.rodata.str1.1) for .L.str
    gps.o(.text.parse_GPS_data) refers to strtok_r.o(.text) for strtok_r
    gps.o(.text.parse_GPS_data) refers to atof.o(i.__hardfp_atof) for __hardfp_atof
    gps.o(.text.parse_GPS_data) refers to d2f.o(x$fpl$d2f) for __aeabi_d2f
    gps.o(.text.parse_GPS_data) refers to gps.o(.text.HAL_GPS_Read) for HAL_GPS_Read
    gps.o(.ARM.exidx.text.parse_GPS_data) refers to gps.o(.text.parse_GPS_data) for [Anonymous Symbol]
    gps.o(.text.HAL_GPS_Read) refers to gps.o(.bss.GPS_Sentence) for GPS_Sentence
    gps.o(.text.HAL_GPS_Read) refers to gps.o(.text.parse_GPS_data) for parse_GPS_data
    gps.o(.text.HAL_GPS_Read) refers to uart_src.o(.text.MCAL_UART_Receive_Byte_Poll) for MCAL_UART_Receive_Byte_Poll
    gps.o(.ARM.exidx.text.HAL_GPS_Read) refers to gps.o(.text.HAL_GPS_Read) for [Anonymous Symbol]
    app.o(.text.to_degree) refers to f2d.o(x$fpl$f2d) for __aeabi_f2d
    app.o(.text.to_degree) refers to dflt_clz.o(x$fpl$dflt) for __aeabi_i2d
    app.o(.text.to_degree) refers to dmul.o(x$fpl$dmul) for __aeabi_dmul
    app.o(.text.to_degree) refers to daddsub_clz.o(x$fpl$dadd) for __aeabi_dadd
    app.o(.text.to_degree) refers to d2f.o(x$fpl$d2f) for __aeabi_d2f
    app.o(.text.to_degree) refers to ddiv.o(x$fpl$ddiv) for __aeabi_ddiv
    app.o(.ARM.exidx.text.to_degree) refers to app.o(.text.to_degree) for [Anonymous Symbol]
    app.o(.text.to_radian) refers to f2d.o(x$fpl$f2d) for __aeabi_f2d
    app.o(.text.to_radian) refers to dmul.o(x$fpl$dmul) for __aeabi_dmul
    app.o(.text.to_radian) refers to d2f.o(x$fpl$d2f) for __aeabi_d2f
    app.o(.ARM.exidx.text.to_radian) refers to app.o(.text.to_radian) for [Anonymous Symbol]
    app.o(.text.computeDistance) refers to app.o(.text.to_degree) for to_degree
    app.o(.text.computeDistance) refers to app.o(.text.to_radian) for to_radian
    app.o(.text.computeDistance) refers to app.o(.bss.deltaLong) for deltaLong
[...]
    ../fplib/dnaninf.s                       0x00000000   Number         0  dnaninf.o ABSOLUTE
    ../fplib/dretinf.s                       0x00000000   Number         0  dretinf.o ABSOLUTE
    ../fplib/drleqf.s                        0x00000000   Number         0  drleqf.o ABSOLUTE
    ../fplib/dsqrt.s                         0x00000000   Number         0  dsqrt_umaal.o ABSOLUTE
    ../fplib/f2d.s                           0x00000000   Number         0  f2d.o ABSOLUTE
    ../fplib/fnaninf.s                       0x00000000   Number         0  fnaninf.o ABSOLUTE
    ../fplib/fpconst.s                       0x00000000   Number         0  fpconst.o ABSOLUTE
    ../fplib/fpinit.s                        0x00000000   Number         0  fpinit.o ABSOLUTE
    ../fplib/fretinf.s                       0x00000000   Number         0  fretinf.o ABSOLUTE
    ../fplib/istatus.s                       0x00000000   Number         0  istatus.o ABSOLUTE
    ../fplib/retnan.s                        0x00000000   Number         0  retnan.o ABSOLUTE
    ../fplib/scalbn.s                        0x00000000   Number         0  scalbn.o ABSOLUTE
    ../fplib/scanf1.s                        0x00000000   Number         0  scanf1.o ABSOLUTE
    ../fplib/scanf2.s                        0x00000000   Number         0  scanf2.o ABSOLUTE
    ../fplib/scanf2a.s                       0x00000000   Number         0  scanf2a.o ABSOLUTE
    ../fplib/scanf2b.s                       0x00000000   Number         0  scanf2b.o ABSOLUTE
    ../fplib/trapv.s                         0x00000000   Number         0  trapv.o ABSOLUTE
    ../fplib/usenofp.s                       0x00000000   Number         0  usenofp.o ABSOLUTE
    ../mathlib/atan.c                        0x00000000   Number         0  atan.o ABSOLUTE
    ../mathlib/atan.c                        0x00000000   Number         0  atan_x.o ABSOLUTE
    ../mathlib/atan2.c                       0x00000000   Number         0  atan2.o ABSOLUTE
    ../mathlib/atan2.c                       0x00000000   Number         0  atan2_x.o ABSOLUTE
    ../mathlib/atof.c                        0x00000000   Number         0  atof.o ABSOLUTE
    ../mathlib/cos.c                         0x00000000   Number         0  cos.o ABSOLUTE
    ../mathlib/cos.c                         0x00000000   Number         0  cos_x.o ABSOLUTE
    ../mathlib/cos_i.c                       0x00000000   Number         0  cos_i.o ABSOLUTE
    ../mathlib/dunder.c                      0x00000000   Number         0  dunder.o ABSOLUTE
    ../mathlib/fabs.c                        0x00000000   Number         0  fabs.o ABSOLUTE
    ../mathlib/fpclassify.c                  0x00000000   Number         0  fpclassify.o ABSOLUTE
    ../mathlib/frexp.c                       0x00000000   Number         0  frexp.o ABSOLUTE
    ../mathlib/ldexp.c                       0x00000000   Number         0  ldexp.o ABSOLUTE
    ../mathlib/ldexp.c                       0x00000000   Number         0  ldexp_x.o ABSOLUTE
    ../mathlib/narrow.c                      0x00000000   Number         0  narrow.o ABSOLUTE
    ../mathlib/poly.c                        0x00000000   Number         0  poly.o ABSOLUTE
    ../mathlib/pow.c                         0x00000000   Number         0  pow.o ABSOLUTE
    ../mathlib/pow.c                         0x00000000   Number         0  pow_x.o ABSOLUTE
    ../mathlib/qnan.c                        0x00000000   Number         0  qnan.o ABSOLUTE
    ../mathlib/rred.c                        0x00000000   Number         0  rred.o ABSOLUTE
    ../mathlib/sin.c                         0x00000000   Number         0  sin.o ABSOLUTE
    ../mathlib/sin.c                         0x00000000   Number         0  sin_x.o ABSOLUTE
    ../mathlib/sin_i.c                       0x00000000   Number         0  sin_i.o ABSOLUTE
    ../mathlib/sin_i.c                       0x00000000   Number         0  sin_i_x.o ABSOLUTE
    ../mathlib/sqrt.c                        0x00000000   Number         0  sqrt.o ABSOLUTE
    ../mathlib/sqrt.c                        0x00000000   Number         0  sqrt_x.o ABSOLUTE
    APP.c                                    0x00000000   Number         0  app.o ABSOLUTE
    GPIO_Proggramm.c                         0x00000000   Number         0  gpio_proggramm.o ABSOLUTE
    GPS.c                                    0x00000000   Number         0  gps.o ABSOLUTE
    RTE/Device/TM4C123GH6PM/startup_TM4C123.s 0x00000000   Number         0  startup_tm4c123.o ABSOLUTE
    UART_src.c                               0x00000000   Number         0  uart_src.o ABSOLUTE
    dc.s                                     0x00000000   Number         0  dc.o ABSOLUTE
    main.c                                   0x00000000   Number         0  main.o ABSOLUTE
    system_TM4C123.c                         0x00000000   Number         0  system_tm4c123.o ABSOLUTE
    RESET                                    0x00000000   Section      620  startup_tm4c123.o(RESET)
    !!!main                                  0x0000026c   Section        8  __main.o(!!!main)
    !!!scatter                               0x00000274   Section       52  __scatter.o(!!!scatter)
    !!handler_zi                             0x000002a8   Section       28  __scatter_zi.o(!!handler_zi)
    .ARM.Collect$$libinit$$00000000          0x000002c4   Section        2  libinit.o(.ARM.Collect$$libinit$$00000000)
    .ARM.Collect$$libinit$$00000001          0x000002c6   Section        4  libinit2.o(.ARM.Collect$$libinit$$00000001)
    .ARM.Collect$$libinit$$00000004          0x000002ca   Section        0  libinit2.o(.ARM.Collect$$libinit$$00000004)
    .ARM.Collect$$libinit$$0000000A          0x000002ca   Section        0  libinit2.o(.ARM.Collect$$libinit$$0000000A)
    .ARM.Collect$$libinit$$0000000C          0x000002ca   Section        0  libinit2.o(.ARM.Collect$$libinit$$0000000C)
    .ARM.Collect$$libinit$$0000000E          0x000002ca   Section        0  libinit2.o(.ARM.Collect$$libinit$$0000000E)
    .ARM.Collect$$libinit$$0000000F          0x000002ca   Section        6  libinit2.o(.ARM.Collect$$libinit$$0000000F)
    .ARM.Collect$$libinit$$00000011          0x000002d0   Section        0  libinit2.o(.ARM.Collect$$libinit$$00000011)
    .ARM.Collect$$libinit$$00000012          0x000002d0   Section       12  libinit2.o(.ARM.Collect$$libinit$$00000012)
    .ARM.Collect$$libinit$$00000013          0x000002dc   Section        0  libinit2.o(.ARM.Collect$$libinit$$00000013)
    .ARM.Collect$$libinit$$00000015          0x000002dc   Section        0  libinit2.o(.ARM.Collect$$libinit$$00000015)
    .ARM.Collect$$libinit$$00000016          0x000002dc   Section       10  libinit2.o(.ARM.Collect$$libinit$$00000016)
    .ARM.Collect$$libinit$$00000017          0x000002e6   Section        0  libinit2.o(.ARM.Collect$$libinit$$00000017)
    .ARM.Collect$$libinit$$00000019          0x000002e6   Section        0  libinit2.o(.ARM.Collect$$libinit$$00000019)
    .ARM.Collect$$libinit$$0000001B          0x000002e6   Section        0  libinit2.o(.ARM.Collect$$libinit$$0000001B)
    .ARM.Collect$$libinit$$0000001D          0x000002e6   Section        0  libinit2.o(.ARM.Collect$$libinit$$0000001D)
    .ARM.Collect$$libinit$$0000001F          0x000002e6   Section        0  libinit2.o(.ARM.Collect$$libinit$$0000001F)
    .ARM.Collect$$libinit$$00000021          0x000002e6   Section        0  libinit2.o(.ARM.Collect$$libinit$$00000021)
    .ARM.Collect$$libinit$$00000023          0x000002e6   Section        0  libinit2.o(.ARM.Collect$$libinit$$00000023)
    .ARM.Collect$$libinit$$00000025          0x000002e6   Section        0  libinit2.o(.ARM.Collect$$libinit$$00000025)
    .ARM.Collect$$libinit$$0000002C          0x000002e6   Section        0  libinit2.o(.ARM.Collect$$libinit$$0000002C)
    .ARM.Collect$$libinit$$0000002E          0x000002e6   Section        0  libinit2.o(.ARM.Collect$$libinit$$0000002E)
    .ARM.Collect$$libinit$$00000030          0x000002e6   Section        0  libinit2.o(.ARM.Collect$$libinit$$00000030)
    .ARM.Collect$$libinit$$00000032          0x000002e6   Section        0  libinit2.o(.ARM.Collect$$libinit$$00000032)
    .ARM.Collect$$libinit$$00000033          0x000002e6   Section        2  libinit2.o(.ARM.Collect$$libinit$$00000033)
    .ARM.Collect$$libshutdown$$00000000      0x000002e8   Section        2  libshutdown.o(.ARM.Collect$$libshutdown$$00000000)
    .ARM.Collect$$libshutdown$$00000002      0x000002ea   Section        0  libshutdown2.o(.ARM.Collect$$libshutdown$$00000002)
    .ARM.Collect$$libshutdown$$00000004      0x000002ea   Section        0  libshutdown2.o(.ARM.Collect$$libshutdown$$00000004)
    .ARM.Collect$$libshutdown$$00000007      0x000002ea   Section        0  libshutdown2.o(.ARM.Collect$$libshutdown$$00000007)
    .ARM.Collect$$libshutdown$$0000000A      0x000002ea   Section        0  libshutdown2.o(.ARM.Collect$$libshutdown$$0000000A)
    .ARM.Collect$$libshutdown$$0000000C      0x000002ea   Section        0  libshutdown2.o(.ARM.Collect$$libshutdown$$0000000C)
    .ARM.Collect$$libshutdown$$0000000F      0x000002ea   Section        0  libshutdown2.o(.ARM.Collect$$libshutdown$$0000000F)
    .ARM.Collect$$libshutdown$$00000010      0x000002ea   Section        2  libshutdown2.o(.ARM.Collect$$libshutdown$$00000010)
    .ARM.Collect$$rtentry$$00000000          0x000002ec   Section        0  __rtentry.o(.ARM.Collect$$rtentry$$00000000)
    .ARM.Collect$$rtentry$$00000002          0x000002ec   Section        0  __rtentry2.o(.ARM.Collect$$rtentry$$00000002)
    .ARM.Collect$$rtentry$$00000004          0x000002ec   Section        6  __rtentry4.o(.ARM.Collect$$rtentry$$00000004)
    .ARM.Collect$$rtentry$$00000009          0x000002f2   Section        0  __rtentry2.o(.ARM.Collect$$rtentry$$00000009)
    .ARM.Collect$$rtentry$$0000000A          0x000002f2   Section        4  __rtentry2.o(.ARM.Collect$$rtentry$$0000000A)
    .ARM.Collect$$rtentry$$0000000C          0x000002f6   Section        0  __rtentry2.o(.ARM.Collect$$rtentry$$0000000C)
    .ARM.Collect$$rtentry$$0000000D          0x000002f6   Section        8  __rtentry2.o(.ARM.Collect$$rtentry$$0000000D)
    .ARM.Collect$$rtexit$$00000000           0x000002fe   Section        2  rtexit.o(.ARM.Collect$$rtexit$$00000000)
    .ARM.Collect$$rtexit$$00000002           0x00000300   Section        0  rtexit2.o(.ARM.Collect$$rtexit$$00000002)
    .ARM.Collect$$rtexit$$00000003           0x00000300   Section        4  rtexit2.o(.ARM.Collect$$rtexit$$00000003)
    .ARM.Collect$$rtexit$$00000004           0x00000304   Section        6  rtexit2.o(.ARM.Collect$$rtexit$$00000004)
    $v0                                      0x0000030c   Number         0  startup_tm4c123.o(.text)
    .text                                    0x0000030c   Section      276  startup_tm4c123.o(.text)
    .text                                    0x00000420   Section        0  strtok_r.o(.text)
    .text                                    0x00000424   Section        0  heapauxi.o(.text)
    .text                                    0x0000042a   Section        0  _rserrno.o(.text)
    _local_sscanf                            0x00000441   Thumb Code    68  strtod.o(.text)
    .text                                    0x00000440   Section        0  strtod.o(.text)
    .text                                    0x000004f0   Section        0  strtok_int.o(.text)
    .text                                    0x00000534   Section        8  rt_errno_addr_intlibspace.o(.text)
    .text                                    0x0000053c   Section        0  isspace.o(.text)
    .text                                    0x0000054e   Section        0  _sgetc.o(.text)
    .text                                    0x0000058e   Section        0  strcspn.o(.text)
    .text                                    0x000005ae   Section        0  strspn.o(.text)
    .text                                    0x000005cc   Section        8  libspace.o(.text)
    .text                                    0x000005d4   Section       74  sys_stackheap_outer.o(.text)
    .text                                    0x00000620   Section       16  rt_ctype_table.o(.text)
    _fp_value                                0x00000631   Thumb Code   588  scanf_fp.o(.text)
    .text                                    0x00000630   Section        0  scanf_fp.o(.text)
    .text                                    0x00000b28   Section        0  exit.o(.text)
    .text                                    0x00000b40   Section      124  strcmpv7em.o(.text)
    .text                                    0x00000bbc   Section        8  rt_locale_intlibspace.o(.text)
    .text                                    0x00000bc4   Section       38  llshl.o(.text)
    .text                                    0x00000bec   Section        0  bigflt0.o(.text)
    .text                                    0x00000cd0   Section        0  scanf_hexfp.o(.text)
    .text                                    0x00000ff0   Section        0  scanf_infnan.o(.text)
    .text                                    0x00001124   Section        0  sys_exit.o(.text)
    .text                                    0x00001130   Section        0  _chval.o(.text)
    .text                                    0x0000114c   Section        2  use_no_semi.o(.text)
    .text                                    0x0000114e   Section        0  indicate_semi.o(.text)
    [Anonymous Symbol]                       0x00001150   Section        0  gps.o(.text.HAL_GPS_Read)
    [Anonymous Symbol]                       0x000011bc   Section        0  uart_src.o(.text.MCAL_UART_Init)
    [Anonymous Symbol]                       0x00001238   Section        0  uart_src.o(.text.MCAL_UART_Receive_Byte_Poll)
    [Anonymous Symbol]                       0x00001248   Section        0  system_tm4c123.o(.text.SystemInit)
    [Anonymous Symbol]                       0x0000125c   Section        0  main.o(.text.UART2_INIT)
    UART_GPIO_RCC                            0x00001285   Thumb Code   558  uart_src.o(.text.UART_GPIO_RCC)
    [Anonymous Symbol]                       0x00001284   Section        0  uart_src.o(.text.UART_GPIO_RCC)
    [Anonymous Symbol]                       0x000014b8   Section        0  app.o(.text.computeDistance)
    [Anonymous Symbol]                       0x00001664   Section        0  main.o(.text.main)
    [Anonymous Symbol]                       0x000016c8   Section        0  gps.o(.text.parse_GPS_data)
    [Anonymous Symbol]                       0x00001750   Section        0  app.o(.text.to_degree)
    [Anonymous Symbol]                       0x000017d8   Section        0  app.o(.text.to_radian)
    CL$$btod_div_common                      0x00001800   Section      824  btod.o(CL$$btod_div_common)
    CL$$btod_e2d                             0x00001b38   Section      132  btod.o(CL$$btod_e2d)
    CL$$btod_e2e                             0x00001bbc   Section      220  btod.o(CL$$btod_e2e)
    CL$$btod_ediv                            0x00001c98   Section       42  btod.o(CL$$btod_ediv)
    CL$$btod_edivd                           0x00001cc2   Section       42  btod.o(CL$$btod_edivd)
    CL$$btod_emul                            0x00001cec   Section       42  btod.o(CL$$btod_emul)
    CL$$btod_emuld                           0x00001d16   Section       42  btod.o(CL$$btod_emuld)
    CL$$btod_mult_common                     0x00001d40   Section      580  btod.o(CL$$btod_mult_common)
    i.__ARM_fpclassify                       0x00001f84   Section        0  fpclassify.o(i.__ARM_fpclassify)
    i.__hardfp___mathlib_tofloat             0x00001fb8   Section        0  narrow.o(i.__hardfp___mathlib_tofloat)
    i.__hardfp_atan                          0x000020b0   Section        0  atan.o(i.__hardfp_atan)
    i.__hardfp_atan2                         0x00002388   Section        0  atan2.o(i.__hardfp_atan2)
    i.__hardfp_atof                          0x00002588   Section        0  atof.o(i.__hardfp_atof)
    i.__hardfp_cos                           0x000025c0   Section        0  cos.o(i.__hardfp_cos)
    i.__hardfp_ldexp                         0x00002688   Section        0  ldexp.o(i.__hardfp_ldexp)
    i.__hardfp_pow                           0x00002758   Section        0  pow.o(i.__hardfp_pow)
    i.__hardfp_sin                           0x000033a8   Section        0  sin.o(i.__hardfp_sin)
    i.__hardfp_sqrt                          0x00003470   Section        0  sqrt.o(i.__hardfp_sqrt)
    i.__ieee754_rem_pio2                     0x000034f0   Section        0  rred.o(i.__ieee754_rem_pio2)
    i.__kernel_cos                           0x00003928   Section        0  cos_i.o(i.__kernel_cos)
    i.__kernel_poly                          0x00003a98   Section        0  poly.o(i.__kernel_poly)
    i.__kernel_sin                           0x00003b90   Section        0  sin_i.o(i.__kernel_sin)
    i.__mathlib_dbl_divzero                  0x00003cc0   Section        0  dunder.o(i.__mathlib_dbl_divzero)
    i.__mathlib_dbl_infnan                   0x00003cf0   Section        0  dunder.o(i.__mathlib_dbl_infnan)
    i.__mathlib_dbl_infnan2                  0x00003d04   Section        0  dunder.o(i.__mathlib_dbl_infnan2)
    i.__mathlib_dbl_invalid                  0x00003d18   Section        0  dunder.o(i.__mathlib_dbl_invalid)
    i.__mathlib_dbl_overflow                 0x00003d38   Section        0  dunder.o(i.__mathlib_dbl_overflow)
    i.__mathlib_dbl_underflow                0x00003d58   Section        0  dunder.o(i.__mathlib_dbl_underflow)
    i.__mathlib_narrow                       0x00003d78   Section        0  narrow.o(i.__mathlib_narrow)
    i.__support_ldexp                        0x00003d8a   Section        0  ldexp.o(i.__support_ldexp)
    i._is_digit                              0x00003d9e   Section        0  scanf_fp.o(i._is_digit)
    i.atan                                   0x00003dac   Section        0  atan.o(i.atan)
    i.fabs                                   0x00003dbc   Section        0  fabs.o(i.fabs)
    i.frexp                                  0x00003dd8   Section        0  frexp.o(i.frexp)
    i.sqrt                                   0x00003e64   Section        0  sqrt.o(i.sqrt)
    locale$$code                             0x00003ed4   Section       44  lc_numeric_c.o(locale$$code)
    locale$$code                             0x00003f00   Section       44  lc_ctype_c.o(locale$$code)
    $v0                                      0x00003f2c   Number         0  basic.o(x$fpl$basic)
    x$fpl$basic                              0x00003f2c   Section       24  basic.o(x$fpl$basic)
    $v0                                      0x00003f44   Number         0  d2f.o(x$fpl$d2f)
    x$fpl$d2f                                0x00003f44   Section       98  d2f.o(x$fpl$d2f)
    $v0                                      0x00003fa8   Number         0  daddsub_clz.o(x$fpl$dadd)
    x$fpl$dadd                               0x00003fa8   Section      336  daddsub_clz.o(x$fpl$dadd)
    _dadd1                                   0x00003fb9   Thumb Code     0  daddsub_clz.o(x$fpl$dadd)
    $v0                                      0x000040f8   Number         0  dcheck1.o(x$fpl$dcheck1)
    x$fpl$dcheck1                            0x000040f8   Section       16  dcheck1.o(x$fpl$dcheck1)
    $v0                                      0x00004108   Number         0  dcmpi.o(x$fpl$dcmpinf)
    x$fpl$dcmpinf                            0x00004108   Section       24  dcmpi.o(x$fpl$dcmpinf)
    $v0                                      0x00004120   Number         0  ddiv.o(x$fpl$ddiv)
    x$fpl$ddiv                               0x00004120   Section      688  ddiv.o(x$fpl$ddiv)
    ddiv_entry                               0x00004127   Thumb Code     0  ddiv.o(x$fpl$ddiv)
    $v0                                      0x000043d0   Number         0  deqf.o(x$fpl$deqf)
    x$fpl$deqf                               0x000043d0   Section      120  deqf.o(x$fpl$deqf)
    $v0                                      0x00004448   Number         0  dfix.o(x$fpl$dfix)
    x$fpl$dfix                               0x00004448   Section       94  dfix.o(x$fpl$dfix)
    $v0                                      0x000044a6   Number         0  dflt_clz.o(x$fpl$dflt)
    x$fpl$dflt                               0x000044a6   Section       46  dflt_clz.o(x$fpl$dflt)
    $v0                                      0x000044d4   Number         0  dflt_clz.o(x$fpl$dfltu)
    x$fpl$dfltu                              0x000044d4   Section       38  dflt_clz.o(x$fpl$dfltu)
    $v0                                      0x000044fc   Number         0  dleqf.o(x$fpl$dleqf)
    x$fpl$dleqf                              0x000044fc   Section      120  dleqf.o(x$fpl$dleqf)
    $v0                                      0x00004574   Number         0  dmul.o(x$fpl$dmul)
    x$fpl$dmul                               0x00004574   Section      340  dmul.o(x$fpl$dmul)
    $v0                                      0x000046c8   Number         0  dnaninf.o(x$fpl$dnaninf)
    x$fpl$dnaninf                            0x000046c8   Section      156  dnaninf.o(x$fpl$dnaninf)
    $v0                                      0x00004764   Number         0  dretinf.o(x$fpl$dretinf)
    x$fpl$dretinf                            0x00004764   Section       12  dretinf.o(x$fpl$dretinf)
    $v0                                      0x00004770   Number         0  drleqf.o(x$fpl$drleqf)
    x$fpl$drleqf                             0x00004770   Section      108  drleqf.o(x$fpl$drleqf)
    $v0                                      0x000047dc   Number         0  daddsub_clz.o(x$fpl$drsb)
    x$fpl$drsb                               0x000047dc   Section       22  daddsub_clz.o(x$fpl$drsb)
    $v0                                      0x000047f4   Number         0  dsqrt_umaal.o(x$fpl$dsqrt)
    x$fpl$dsqrt                              0x000047f4   Section      408  dsqrt_umaal.o(x$fpl$dsqrt)
    $v0                                      0x0000498c   Number         0  daddsub_clz.o(x$fpl$dsub)
    x$fpl$dsub                               0x0000498c   Section      468  daddsub_clz.o(x$fpl$dsub)
    _dsub1                                   0x0000499d   Thumb Code     0  daddsub_clz.o(x$fpl$dsub)
    $v0                                      0x00004b60   Number         0  f2d.o(x$fpl$f2d)
    x$fpl$f2d                                0x00004b60   Section       86  f2d.o(x$fpl$f2d)
    $v0                                      0x00004bb6   Number         0  fnaninf.o(x$fpl$fnaninf)
    x$fpl$fnaninf                            0x00004bb6   Section      140  fnaninf.o(x$fpl$fnaninf)
    $v0                                      0x00004c42   Number         0  fpinit.o(x$fpl$fpinit)
    x$fpl$fpinit                             0x00004c42   Section       26  fpinit.o(x$fpl$fpinit)
    $v0                                      0x00004c5c   Number         0  fretinf.o(x$fpl$fretinf)
    x$fpl$fretinf                            0x00004c5c   Section       10  fretinf.o(x$fpl$fretinf)
    $v0                                      0x00004c66   Number         0  istatus.o(x$fpl$ieeestatus)
    x$fpl$ieeestatus                         0x00004c66   Section        6  istatus.o(x$fpl$ieeestatus)
    $v0                                      0x00004c6c   Number         0  retnan.o(x$fpl$retnan)
    x$fpl$retnan                             0x00004c6c   Section      100  retnan.o(x$fpl$retnan)
    $v0                                      0x00004cd0   Number         0  scalbn.o(x$fpl$scalbn)
    x$fpl$scalbn                             0x00004cd0   Section       92  scalbn.o(x$fpl$scalbn)
    $v0                                      0x00004d2c   Number         0  scanf1.o(x$fpl$scanf1)
    x$fpl$scanf1                             0x00004d2c   Section        4  scanf1.o(x$fpl$scanf1)
    $v0                                      0x00004d30   Number         0  scanf2.o(x$fpl$scanf2)
    x$fpl$scanf2                             0x00004d30   Section        8  scanf2.o(x$fpl$scanf2)
    $v0                                      0x00004d38   Number         0  trapv.o(x$fpl$trapveneer)
    x$fpl$trapveneer                         0x00004d38   Section       48  trapv.o(x$fpl$trapveneer)
    bp                                       0x00004d68   Data          16  pow.o(.constdata)
    .constdata                               0x00004d68   Section      136  pow.o(.constdata)
    x$fpl$usenofp                            0x00004d68   Section        0  usenofp.o(x$fpl$usenofp)
    dp_h                                     0x00004d78   Data          16  pow.o(.constdata)
    dp_l                                     0x00004d88   Data          16  pow.o(.constdata)
    L                                        0x00004d98   Data          48  pow.o(.constdata)
    P                                        0x00004dc8   Data          40  pow.o(.constdata)
    atanhi                                   0x00004df0   Data          32  atan.o(.constdata)
    .constdata                               0x00004df0   Section      152  atan.o(.constdata)
    atanlo                                   0x00004e10   Data          32  atan.o(.constdata)
    aTodd                                    0x00004e30   Data          40  atan.o(.constdata)
    aTeven                                   0x00004e58   Data          48  atan.o(.constdata)
    C                                        0x00004e88   Data          48  cos_i.o(.constdata)
    .constdata                               0x00004e88   Section       48  cos_i.o(.constdata)
    .constdata                               0x00004eb8   Section        8  qnan.o(.constdata)
    pio2s                                    0x00004ec0   Data          48  rred.o(.constdata)
    .constdata                               0x00004ec0   Section      204  rred.o(.constdata)
    twooverpi                                0x00004ef0   Data         156  rred.o(.constdata)
    S                                        0x00004f90   Data          40  sin_i.o(.constdata)
    .constdata                               0x00004f90   Section       40  sin_i.o(.constdata)
    tenpwrs_x                                0x00004fb8   Data          60  bigflt0.o(.constdata)
    .constdata                               0x00004fb8   Section      148  bigflt0.o(.constdata)
    tenpwrs_i                                0x00004ff4   Data          64  bigflt0.o(.constdata)
    .L.str                                   0x0000504c   Data           2  gps.o(.rodata.str1.1)
    [Anonymous Symbol]                       0x0000504c   Section        0  gps.o(.rodata.str1.1)
    c$$dinf                                  0x00005060   Section        8  fpconst.o(c$$dinf)
    c$$dmax                                  0x00005068   Section        8  fpconst.o(c$$dmax)
    locale$$data                             0x00005070   Section       28  lc_numeric_c.o(locale$$data)
    __lcnum_c_name                           0x00005074   Data           2  lc_numeric_c.o(locale$$data)
    __lcnum_c_start                          0x0000507c   Data           0  lc_numeric_c.o(locale$$data)
    __lcnum_c_point                          0x00005088   Data           0  lc_numeric_c.o(locale$$data)
    __lcnum_c_thousands                      0x0000508a   Data           0  lc_numeric_c.o(locale$$data)
    __lcnum_c_grouping                       0x0000508b   Data           0  lc_numeric_c.o(locale$$data)
    __lcnum_c_end                            0x0000508c   Data           0  lc_numeric_c.o(locale$$data)
    locale$$data                             0x0000508c   Section      272  lc_ctype_c.o(locale$$data)
    __lcctype_c_name                         0x00005090   Data           2  lc_ctype_c.o(locale$$data)
    __lcctype_c_start                        0x00005098   Data           0  lc_ctype_c.o(locale$$data)
    __lcctype_c_end                          0x0000519c   Data           0  lc_ctype_c.o(locale$$data)
    .bss                                     0x20000000   Section       96  libspace.o(.bss)
    Heap_Mem                                 0x200000f0   Data           0  startup_tm4c123.o(HEAP)
    Stack_Mem                                0x200000f0   Data         512  startup_tm4c123.o(STACK)
    HEAP                                     0x200000f0   Section        0  startup_tm4c123.o(HEAP)
    STACK                                    0x200000f0   Section      512  startup_tm4c123.o(STACK)
    __initial_sp                             0x200002f0   Data           0  startup_tm4c123.o(STACK)

    Global Symbols

    Symbol Name                              Value     Ov Type        Size  Object(Section)

    BuildAttributes$$THM_ISAv4$E$P$D$K$B$S$7EM$VFPi3$EXTD16$VFPS$VFMA$PE$A:L22UL41UL21$X:L11$S22US41US21$IEEE1$IW$~IW$USESV6$~STKCKD$USESV7$~SHL$OTIME$ROPI$IEEEX$EBA8$UX$STANDARDLIB$REQ8$PRES8$EABIv2 0x00000000   Number         0  anon$$obj.o ABSOLUTE
    __Vectors                                0x00000000   Data           4  startup_tm4c123.o(RESET)
    __ARM_exceptions_init                     - Undefined Weak Reference
    __alloca_initialize                       - Undefined Weak Reference
    __arm_preinit_                            - Undefined Weak Reference
    __cpp_initialize__aeabi_                  - Undefined Weak Reference
    __cxa_finalize                            - Undefined Weak Reference
    __sigvec_lookup                           - Undefined Weak Reference
    _atexit_init                              - Undefined Weak Reference
    _call_atexit_fns                          - Undefined Weak Reference
    _clock_init                               - Undefined Weak Reference
    _fp_trap_init                             - Undefined Weak Reference
    _fp_trap_shutdown                         - Undefined Weak Reference
    _get_lc_collate                           - Undefined Weak Reference
    _get_lc_monetary                          - Undefined Weak Reference
    _get_lc_time                              - Undefined Weak Reference
    _getenv_init                              - Undefined Weak Reference
    _handle_redirection                       - Undefined Weak Reference
    _init_alloc                               - Undefined Weak Reference
    _init_user_alloc                          - Undefined Weak Reference
    _initio                                   - Undefined Weak Reference
    _rand_init                                - Undefined Weak Reference
    _signal_finish                            - Undefined Weak Reference
    _signal_init                              - Undefined Weak Reference
    _terminate_alloc                          - Undefined Weak Reference
    _terminate_user_alloc                     - Undefined Weak Reference
    _terminateio                              - Undefined Weak Reference
    __Vectors_End                            0x0000026c   Data           0  startup_tm4c123.o(RESET)
    __Vectors_Size                           0x0000026c   Number         0  startup_tm4c123.o ABSOLUTE
    __main                                   0x0000026d   Thumb Code     8  __main.o(!!!main)
    __scatterload                            0x00000275   Thumb Code     0  __scatter.o(!!!scatter)
    __scatterload_rt2                        0x00000275   Thumb Code    44  __scatter.o(!!!scatter)
    __scatterload_rt2_thumb_only             0x00000275   Thumb Code     0  __scatter.o(!!!scatter)
    __scatterload_null                       0x00000283   Thumb Code     0  __scatter.o(!!!scatter)
    __scatterload_zeroinit                   0x000002a9   Thumb Code    28  __scatter_zi.o(!!handler_zi)
    __rt_lib_init                            0x000002c5   Thumb Code     0  libinit.o(.ARM.Collect$$libinit$$00000000)
    __rt_lib_init_fp_1                       0x000002c7   Thumb Code     0  libinit2.o(.ARM.Collect$$libinit$$00000001)
    __rt_lib_init_heap_1                     0x000002cb   Thumb Code     0  libinit2.o(.ARM.Collect$$libinit$$0000000A)
    __rt_lib_init_lc_common                  0x000002cb   Thumb Code     0  libinit2.o(.ARM.Collect$$libinit$$0000000F)
    __rt_lib_init_preinit_1                  0x000002cb   Thumb Code     0  libinit2.o(.ARM.Collect$$libinit$$00000004)
    __rt_lib_init_rand_1                     0x000002cb   Thumb Code     0  libinit2.o(.ARM.Collect$$libinit$$0000000E)
    __rt_lib_init_user_alloc_1               0x000002cb   Thumb Code     0  libinit2.o(.ARM.Collect$$libinit$$0000000C)
    __rt_lib_init_lc_collate_1               0x000002d1   Thumb Code     0  libinit2.o(.ARM.Collect$$libinit$$00000011)
    __rt_lib_init_lc_ctype_2                 0x000002d1   Thumb Code     0  libinit2.o(.ARM.Collect$$libinit$$00000012)
    __rt_lib_init_lc_ctype_1                 0x000002dd   Thumb Code     0  libinit2.o(.ARM.Collect$$libinit$$00000013)
    __rt_lib_init_lc_monetary_1              0x000002dd   Thumb Code     0  libinit2.o(.ARM.Collect$$libinit$$00000015)
    __rt_lib_init_lc_numeric_2               0x000002dd   Thumb Code     0  libinit2.o(.ARM.Collect$$libinit$$00000016)
    __rt_lib_init_alloca_1                   0x000002e7   Thumb Code     0  libinit2.o(.ARM.Collect$$libinit$$0000002E)
    __rt_lib_init_argv_1                     0x000002e7   Thumb Code     0  libinit2.o(.ARM.Collect$$libinit$$0000002C)
    __rt_lib_init_atexit_1                   0x000002e7   Thumb Code     0  libinit2.o(.ARM.Collect$$libinit$$0000001B)
    __rt_lib_init_clock_1                    0x000002e7   Thumb Code     0  libinit2.o(.ARM.Collect$$libinit$$00000021)
    __rt_lib_init_cpp_1                      0x000002e7   Thumb Code     0  libinit2.o(.ARM.Collect$$libinit$$00000032)
    __rt_lib_init_exceptions_1               0x000002e7   Thumb Code     0  libinit2.o(.ARM.Collect$$libinit$$00000030)
    __rt_lib_init_fp_trap_1                  0x000002e7   Thumb Code     0  libinit2.o(.ARM.Collect$$libinit$$0000001F)
    __rt_lib_init_getenv_1                   0x000002e7   Thumb Code     0  libinit2.o(.ARM.Collect$$libinit$$00000023)
    __rt_lib_init_lc_numeric_1               0x000002e7   Thumb Code     0  libinit2.o(.ARM.Collect$$libinit$$00000017)
    __rt_lib_init_lc_time_1                  0x000002e7   Thumb Code     0  libinit2.o(.ARM.Collect$$libinit$$00000019)
    __rt_lib_init_return                     0x000002e7   Thumb Code     0  libinit2.o(.ARM.Collect$$libinit$$00000033)
    __rt_lib_init_signal_1                   0x000002e7   Thumb Code     0  libinit2.o(.ARM.Collect$$libinit$$0000001D)
    __rt_lib_init_stdio_1                    0x000002e7   Thumb Code     0  libinit2.o(.ARM.Collect$$libinit$$00000025)
    __rt_lib_shutdown                        0x000002e9   Thumb Code     0  libshutdown.o(.ARM.Collect$$libshutdown$$00000000)
    __rt_lib_shutdown_cpp_1                  0x000002eb   Thumb Code     0  libshutdown2.o(.ARM.Collect$$libshutdown$$00000002)
    __rt_lib_shutdown_fp_trap_1              0x000002eb   Thumb Code     0  libshutdown2.o(.ARM.Collect$$libshutdown$$00000007)
    __rt_lib_shutdown_heap_1                 0x000002eb   Thumb Code     0  libshutdown2.o(.ARM.Collect$$libshutdown$$0000000F)
    __rt_lib_shutdown_return                 0x000002eb   Thumb Code     0  libshutdown2.o(.ARM.Collect$$libshutdown$$00000010)
    __rt_lib_shutdown_signal_1               0x000002eb   Thumb Code     0  libshutdown2.o(.ARM.Collect$$libshutdown$$0000000A)
    __rt_lib_shutdown_stdio_1                0x000002eb   Thumb Code     0  libshutdown2.o(.ARM.Collect$$libshutdown$$00000004)
    __rt_lib_shutdown_user_alloc_1           0x000002eb   Thumb Code     0  libshutdown2.o(.ARM.Collect$$libshutdown$$0000000C)
    __rt_entry                               0x000002ed   Thumb Code     0  __rtentry.o(.ARM.Collect$$rtentry$$00000000)
    __rt_entry_presh_1                       0x000002ed   Thumb Code     0  __rtentry2.o(.ARM.Collect$$rtentry$$00000002)
    __rt_entry_sh                            0x000002ed   Thumb Code     0  __rtentry4.o(.ARM.Collect$$rtentry$$00000004)
    __rt_entry_li                            0x000002f3   Thumb Code     0  __rtentry2.o(.ARM.Collect$$rtentry$$0000000A)
    __rt_entry_postsh_1                      0x000002f3   Thumb Code     0  __rtentry2.o(.ARM.Collect$$rtentry$$00000009)
    __rt_entry_main                          0x000002f7   Thumb Code     0  __rtentry2.o(.ARM.Collect$$rtentry$$0000000D)
    __rt_entry_postli_1                      0x000002f7   Thumb Code     0  __rtentry2.o(.ARM.Collect$$rtentry$$0000000C)
    __rt_exit                                0x000002ff   Thumb Code     0  rtexit.o(.ARM.Collect$$rtexit$$00000000)
    __rt_exit_ls                             0x00000301   Thumb Code     0  rtexit2.o(.ARM.Collect$$rtexit$$00000003)
    __rt_exit_prels_1                        0x00000301   Thumb Code     0  rtexit2.o(.ARM.Collect$$rtexit$$00000002)
    __rt_exit_exit                           0x00000305   Thumb Code     0  rtexit2.o(.ARM.Collect$$rtexit$$00000004)
    Reset_Handler                            0x0000030d   Thumb Code     8  startup_tm4c123.o(.text)
    NMI_Handler                              0x00000315   Thumb Code     2  startup_tm4c123.o(.text)
    HardFault_Handler                        0x00000317   Thumb Code     2  startup_tm4c123.o(.text)
    MemManage_Handler                        0x00000319   Thumb Code     2  startup_tm4c123.o(.text)
    BusFault_Handler                         0x0000031b   Thumb Code     2  startup_tm4c123.o(.text)
    UsageFault_Handler                       0x0000031d   Thumb Code     2  startup_tm4c123.o(.text)
    SVC_Handler                              0x0000031f   Thumb Code     2  startup_tm4c123.o(.text)
    DebugMon_Handler                         0x00000321   Thumb Code     2  startup_tm4c123.o(.text)
    PendSV_Handler                           0x00000323   Thumb Code     2  startup_tm4c123.o(.text)
    SysTick_Handler                          0x00000325   Thumb Code     2  startup_tm4c123.o(.text)
    GPIOA_Handler                            0x00000327   Thumb Code     2  startup_tm4c123.o(.text)
    GPIOB_Handler                            0x00000329   Thumb Code     2  startup_tm4c123.o(.text)
    GPIOC_Handler                            0x0000032b   Thumb Code     2  startup_tm4c123.o(.text)
    GPIOD_Handler                            0x0000032d   Thumb Code     2  startup_tm4c123.o(.text)
    GPIOE_Handler                            0x0000032f   Thumb Code     2  startup_tm4c123.o(.text)
    UART0_Handler                            0x00000331   Thumb Code     2  startup_tm4c123.o(.text)
    UART1_Handler                            0x00000333   Thumb Code     2  startup_tm4c123.o(.text)
    SSI0_Handler                             0x00000335   Thumb Code     2  startup_tm4c123.o(.text)
    I2C0_Handler                             0x00000337   Thumb Code     2  startup_tm4c123.o(.text)
    PMW0_FAULT_Handler                       0x00000339   Thumb Code     2  startup_tm4c123.o(.text)
    PWM0_0_Handler                           0x0000033b   Thumb Code     2  startup_tm4c123.o(.text)
    PWM0_1_Handler                           0x0000033d   Thumb Code     2  startup_tm4c123.o(.text)
    PWM0_2_Handler                           0x0000033f   Thumb Code     2  startup_tm4c123.o(.text)
    QEI0_Handler                             0x00000341   Thumb Code     2  startup_tm4c123.o(.text)
    ADC0SS0_Handler                          0x00000343   Thumb Code     2  startup_tm4c123.o(.text)
    ADC0SS1_Handler                          0x00000345   Thumb Code     2  startup_tm4c123.o(.text)
    ADC0SS2_Handler                          0x00000347   Thumb Code     2  startup_tm4c123.o(.text)
    ADC0SS3_Handler                          0x00000349   Thumb Code     2  startup_tm4c123.o(.text)
    WDT0_Handler                             0x0000034b   Thumb Code     2  startup_tm4c123.o(.text)
    TIMER0A_Handler                          0x0000034d   Thumb Code     2  startup_tm4c123.o(.text)
    TIMER0B_Handler                          0x0000034f   Thumb Code     2  startup_tm4c123.o(.text)
    TIMER1A_Handler                          0x00000351   Thumb Code     2  startup_tm4c123.o(.text)
    TIMER1B_Handler                          0x00000353   Thumb Code     2  startup_tm4c123.o(.text)
    TIMER2A_Handler                          0x00000355   Thumb Code     2  startup_tm4c123.o(.text)
    TIMER2B_Handler                          0x00000357   Thumb Code     2  startup_tm4c123.o(.text)
    COMP0_Handler                            0x00000359   Thumb Code     2  startup_tm4c123.o(.text)
    COMP1_Handler                            0x0000035b   Thumb Code     2  startup_tm4c123.o(.text)
    COMP2_Handler                            0x0000035d   Thumb Code     2  startup_tm4c123.o(.text)
    SYSCTL_Handler                           0x0000035f   Thumb Code     2  startup_tm4c123.o(.text)
    FLASH_Handler                            0x00000361   Thumb Code     2  startup_tm4c123.o(.text)
    GPIOF_Handler                            0x00000363   Thumb Code     2  startup_tm4c123.o(.text)
    GPIOG_Handler                            0x00000365   Thumb Code     2  startup_tm4c123.o(.text)
    GPIOH_Handler                            0x00000367   Thumb Code     2  startup_tm4c123.o(.text)
    UART2_Handler                            0x00000369   Thumb Code     2  startup_tm4c123.o(.text)
    SSI1_Handler                             0x0000036b   Thumb Code     2  startup_tm4c123.o(.text)
    TIMER3A_Handler                          0x0000036d   Thumb Code     2  startup_tm4c123.o(.text)
    TIMER3B_Handler                          0x0000036f   Thumb Code     2  startup_tm4c123.o(.text)
    I2C1_Handler                             0x00000371   Thumb Code     2  startup_tm4c123.o(.text)
    QEI1_Handler                             0x00000373   Thumb Code     2  startup_tm4c123.o(.text)
    CAN0_Handler                             0x00000375   Thumb Code     2  startup_tm4c123.o(.text)
    CAN1_Handler                             0x00000377   Thumb Code     2  startup_tm4c123.o(.text)
    CAN2_Handler                             0x00000379   Thumb Code     2  startup_tm4c123.o(.text)
    HIB_Handler                              0x0000037b   Thumb Code     2  startup_tm4c123.o(.text)
    USB0_Handler                             0x0000037d   Thumb Code     2  startup_tm4c123.o(.text)
    PWM0_3_Handler                           0x0000037f   Thumb Code     2  startup_tm4c123.o(.text)
    UDMA_Handler                             0x00000381   Thumb Code     2  startup_tm4c123.o(.text)
    UDMAERR_Handler                          0x00000383   Thumb Code     2  startup_tm4c123.o(.text)
    ADC1SS0_Handler                          0x00000385   Thumb Code     2  startup_tm4c123.o(.text)
    ADC1SS1_Handler                          0x00000387   Thumb Code     2  startup_tm4c123.o(.text)
    ADC1SS2_Handler                          0x00000389   Thumb Code     2  startup_tm4c123.o(.text)
    ADC1SS3_Handler                          0x0000038b   Thumb Code     2  startup_tm4c123.o(.text)
    GPIOJ_Handler                            0x0000038d   Thumb Code     2  startup_tm4c123.o(.text)
    GPIOK_Handler                            0x0000038f   Thumb Code     2  startup_tm4c123.o(.text)
    GPIOL_Handler                            0x00000391   Thumb Code     2  startup_tm4c123.o(.text)
    SSI2_Handler                             0x00000393   Thumb Code     2  startup_tm4c123.o(.text)
    SSI3_Handler                             0x00000395   Thumb Code     2  startup_tm4c123.o(.text)
    UART3_Handler                            0x00000397   Thumb Code     2  startup_tm4c123.o(.text)
    UART4_Handler                            0x00000399   Thumb Code     2  startup_tm4c123.o(.text)
    UART5_Handler                            0x0000039b   Thumb Code     2  startup_tm4c123.o(.text)
    UART6_Handler                            0x0000039d   Thumb Code     2  startup_tm4c123.o(.text)
    UART7_Handler                            0x0000039f   Thumb Code     2  startup_tm4c123.o(.text)
    I2C2_Handler                             0x000003a1   Thumb Code     2  startup_tm4c123.o(.text)
    I2C3_Handler                             0x000003a3   Thumb Code     2  startup_tm4c123.o(.text)
    TIMER4A_Handler                          0x000003a5   Thumb Code     2  startup_tm4c123.o(.text)
    TIMER4B_Handler                          0x000003a7   Thumb Code     2  startup_tm4c123.o(.text)
    TIMER5A_Handler                          0x000003a9   Thumb Code     2  startup_tm4c123.o(.text)
    TIMER5B_Handler                          0x000003ab   Thumb Code     2  startup_tm4c123.o(.text)
    WTIMER0A_Handler                         0x000003ad   Thumb Code     2  startup_tm4c123.o(.text)
    WTIMER0B_Handler                         0x000003af   Thumb Code     2  startup_tm4c123.o(.text)
    WTIMER1A_Handler                         0x000003b1   Thumb Code     2  startup_tm4c123.o(.text)
    WTIMER1B_Handler                         0x000003b3   Thumb Code     2  startup_tm4c123.o(.text)
    WTIMER2A_Handler                         0x000003b5   Thumb Code     2  startup_tm4c123.o(.text)
    WTIMER2B_Handler                         0x000003b7   Thumb Code     2  startup_tm4c123.o(.text)
    WTIMER3A_Handler                         0x000003b9   Thumb Code     2  startup_tm4c123.o(.text)
    WTIMER3B_Handler                         0x000003bb   Thumb Code     2  startup_tm4c123.o(.text)
    WTIMER4A_Handler                         0x000003bd   Thumb Code     2  startup_tm4c123.o(.text)
    WTIMER4B_Handler                         0x000003bf   Thumb Code     2  startup_tm4c123.o(.text)
    WTIMER5A_Handler                         0x000003c1   Thumb Code     2  startup_tm4c123.o(.text)
    WTIMER5B_Handler                         0x000003c3   Thumb Code     2  startup_tm4c123.o(.text)
    FPU_Handler                              0x000003c5   Thumb Code     2  startup_tm4c123.o(.text)
    I2C4_Handler                             0x000003c7   Thumb Code     2  startup_tm4c123.o(.text)
    I2C5_Handler                             0x000003c9   Thumb Code     2  startup_tm4c123.o(.text)
    GPIOM_Handler                            0x000003cb   Thumb Code     2  startup_tm4c123.o(.text)
    GPION_Handler                            0x000003cd   Thumb Code     2  startup_tm4c123.o(.text)
    QEI2_Handler                             0x000003cf   Thumb Code     2  startup_tm4c123.o(.text)
    GPIOP0_Handler                           0x000003d1   Thumb Code     2  startup_tm4c123.o(.text)
    GPIOP1_Handler                           0x000003d3   Thumb Code     2  startup_tm4c123.o(.text)
    GPIOP2_Handler                           0x000003d5   Thumb Code     2  startup_tm4c123.o(.text)
    GPIOP3_Handler                           0x000003d7   Thumb Code     2  startup_tm4c123.o(.text)
    GPIOP4_Handler                           0x000003d9   Thumb Code     2  startup_tm4c123.o(.text)
    GPIOP5_Handler                           0x000003db   Thumb Code     2  startup_tm4c123.o(.text)
    GPIOP6_Handler                           0x000003dd   Thumb Code     2  startup_tm4c123.o(.text)
    GPIOP7_Handler                           0x000003df   Thumb Code     2  startup_tm4c123.o(.text)
    GPIOQ0_Handler                           0x000003e1   Thumb Code     2  startup_tm4c123.o(.text)
    GPIOQ1_Handler                           0x000003e3   Thumb Code     2  startup_tm4c123.o(.text)
    GPIOQ2_Handler                           0x000003e5   Thumb Code     2  startup_tm4c123.o(.text)
    GPIOQ3_Handler                           0x000003e7   Thumb Code     2  startup_tm4c123.o(.text)
    GPIOQ4_Handler                           0x000003e9   Thumb Code     2  startup_tm4c123.o(.text)
    GPIOQ5_Handler                           0x000003eb   Thumb Code     2  startup_tm4c123.o(.text)
    GPIOQ6_Handler                           0x000003ed   Thumb Code     2  startup_tm4c123.o(.text)
    GPIOQ7_Handler                           0x000003ef   Thumb Code     2  startup_tm4c123.o(.text)
    GPIOR_Handler                            0x000003f1   Thumb Code     2  startup_tm4c123.o(.text)
    GPIOS_Handler                            0x000003f3   Thumb Code     2  startup_tm4c123.o(.text)
    PMW1_0_Handler                           0x000003f5   Thumb Code     2  startup_tm4c123.o(.text)
    PWM1_1_Handler                           0x000003f7   Thumb Code     2  startup_tm4c123.o(.text)
    PWM1_2_Handler                           0x000003f9   Thumb Code     2  startup_tm4c123.o(.text)
    PWM1_3_Handler                           0x000003fb   Thumb Code     2  startup_tm4c123.o(.text)
    PWM1_FAULT_Handler                       0x000003fd   Thumb Code     2  startup_tm4c123.o(.text)
    __user_initial_stackheap                 0x00000401   Thumb Code     0  startup_tm4c123.o(.text)
    _strtok_r                                0x00000421   Thumb Code     4  strtok_r.o(.text)
    strtok_r                                 0x00000421   Thumb Code     0  strtok_r.o(.text)
    __use_two_region_memory                  0x00000425   Thumb Code     2  heapauxi.o(.text)
    __rt_heap_escrow$2region                 0x00000427   Thumb Code     2  heapauxi.o(.text)
    __rt_heap_expand$2region                 0x00000429   Thumb Code     2  heapauxi.o(.text)
    __read_errno                             0x0000042b   Thumb Code    10  _rserrno.o(.text)
    __set_errno                              0x00000435   Thumb Code    12  _rserrno.o(.text)
    __strtod_int                             0x00000485   Thumb Code    94  strtod.o(.text)
    __strtok_internal                        0x000004f1   Thumb Code    64  strtok_int.o(.text)
    __aeabi_errno_addr                       0x00000535   Thumb Code     8  rt_errno_addr_intlibspace.o(.text)
    __errno$intlibspace                      0x00000535   Thumb Code     0  rt_errno_addr_intlibspace.o(.text)
    __rt_errno_addr$intlibspace              0x00000535   Thumb Code     0  rt_errno_addr_intlibspace.o(.text)
    isspace                                  0x0000053d   Thumb Code    18  isspace.o(.text)
    _sgetc                                   0x0000054f   Thumb Code    30  _sgetc.o(.text)
    _sbackspace                              0x0000056d   Thumb Code    34  _sgetc.o(.text)
    strcspn                                  0x0000058f   Thumb Code    32  strcspn.o(.text)
    strspn                                   0x000005af   Thumb Code    28  strspn.o(.text)
    __user_libspace                          0x000005cd   Thumb Code     8  libspace.o(.text)
    __user_perproc_libspace                  0x000005cd   Thumb Code     0  libspace.o(.text)
    __user_perthread_libspace                0x000005cd   Thumb Code     0  libspace.o(.text)
    __user_setup_stackheap                   0x000005d5   Thumb Code    74  sys_stackheap_outer.o(.text)
    __rt_ctype_table                         0x00000621   Thumb Code    16  rt_ctype_table.o(.text)
    _scanf_really_real                       0x0000087d   Thumb Code   684  scanf_fp.o(.text)
    exit                                     0x00000b29   Thumb Code    18  exit.o(.text)
    strcmp                                   0x00000b41   Thumb Code   124  strcmpv7em.o(.text)
    __rt_locale                              0x00000bbd   Thumb Code     8  rt_locale_intlibspace.o(.text)
    __aeabi_llsl                             0x00000bc5   Thumb Code     0  llshl.o(.text)
    _ll_shift_l                              0x00000bc5   Thumb Code    38  llshl.o(.text)
    _btod_etento                             0x00000bed   Thumb Code   224  bigflt0.o(.text)
    _scanf_really_hex_real                   0x00000cd1   Thumb Code   786  scanf_hexfp.o(.text)
    _scanf_really_infnan                     0x00000ff1   Thumb Code   292  scanf_infnan.o(.text)
    _sys_exit                                0x00001125   Thumb Code     8  sys_exit.o(.text)
    _chval                                   0x00001131   Thumb Code    28  _chval.o(.text)
    __I$use$semihosting                      0x0000114d   Thumb Code     0  use_no_semi.o(.text)
    __use_no_semihosting_swi                 0x0000114d   Thumb Code     2  use_no_semi.o(.text)
    __semihosting_library_function           0x0000114f   Thumb Code     0  indicate_semi.o(.text)
    HAL_GPS_Read                             0x00001151   Thumb Code   108  gps.o(.text.HAL_GPS_Read)
    MCAL_UART_Init                           0x000011bd   Thumb Code   124  uart_src.o(.text.MCAL_UART_Init)
    MCAL_UART_Receive_Byte_Poll              0x00001239   Thumb Code    16  uart_src.o(.text.MCAL_UART_Receive_Byte_Poll)
    SystemInit                               0x00001249   Thumb Code    18  system_tm4c123.o(.text.SystemInit)
    UART2_INIT                               0x0000125d   Thumb Code    40  main.o(.text.UART2_INIT)
    computeDistance                          0x000014b9   Thumb Code   428  app.o(.text.computeDistance)
    main                                     0x00001665   Thumb Code   100  main.o(.text.main)
    parse_GPS_data                           0x000016c9   Thumb Code   132  gps.o(.text.parse_GPS_data)
    to_degree                                0x00001751   Thumb Code   132  app.o(.text.to_degree)
    to_radian                                0x000017d9   Thumb Code    40  app.o(.text.to_radian)
    __btod_div_common                        0x00001801   Thumb Code   696  btod.o(CL$$btod_div_common)
    _e2d                                     0x00001b39   Thumb Code   122  btod.o(CL$$btod_e2d)
    _e2e                                     0x00001bbd   Thumb Code   220  btod.o(CL$$btod_e2e)
    _btod_ediv                               0x00001c99   Thumb Code    42  btod.o(CL$$btod_ediv)
    _btod_edivd                              0x00001cc3   Thumb Code    42  btod.o(CL$$btod_edivd)
    _btod_emul                               0x00001ced   Thumb Code    42  btod.o(CL$$btod_emul)
    _btod_emuld                              0x00001d17   Thumb Code    42  btod.o(CL$$btod_emuld)
    __btod_mult_common                       0x00001d41   Thumb Code   580  btod.o(CL$$btod_mult_common)
    __ARM_fpclassify                         0x00001f85   Thumb Code    48  fpclassify.o(i.__ARM_fpclassify)
    __hardfp___mathlib_tofloat               0x00001fb9   Thumb Code   232  narrow.o(i.__hardfp___mathlib_tofloat)
    __hardfp_atan                            0x000020b1   Thumb Code   622  atan.o(i.__hardfp_atan)
    __hardfp_atan2                           0x00002389   Thumb Code   448  atan2.o(i.__hardfp_atan2)
    __hardfp_atof                            0x00002589   Thumb Code    46  atof.o(i.__hardfp_atof)
    __hardfp_cos                             0x000025c1   Thumb Code   180  cos.o(i.__hardfp_cos)
    __hardfp_ldexp                           0x00002689   Thumb Code   200  ldexp.o(i.__hardfp_ldexp)
    __hardfp_pow                             0x00002759   Thumb Code  3072  pow.o(i.__hardfp_pow)
    __hardfp_sin                             0x000033a9   Thumb Code   180  sin.o(i.__hardfp_sin)
    __hardfp_sqrt                            0x00003471   Thumb Code   122  sqrt.o(i.__hardfp_sqrt)
    __ieee754_rem_pio2                       0x000034f1   Thumb Code   938  rred.o(i.__ieee754_rem_pio2)
    __kernel_cos                             0x00003929   Thumb Code   322  cos_i.o(i.__kernel_cos)
    __kernel_poly                            0x00003a99   Thumb Code   248  poly.o(i.__kernel_poly)
    __kernel_sin                             0x00003b91   Thumb Code   280  sin_i.o(i.__kernel_sin)
    __mathlib_dbl_divzero                    0x00003cc1   Thumb Code    28  dunder.o(i.__mathlib_dbl_divzero)
    __mathlib_dbl_infnan                     0x00003cf1   Thumb Code    20  dunder.o(i.__mathlib_dbl_infnan)
    __mathlib_dbl_infnan2                    0x00003d05   Thumb Code    20  dunder.o(i.__mathlib_dbl_infnan2)
    __mathlib_dbl_invalid                    0x00003d19   Thumb Code    24  dunder.o(i.__mathlib_dbl_invalid)
    __mathlib_dbl_overflow                   0x00003d39   Thumb Code    24  dunder.o(i.__mathlib_dbl_overflow)
    __mathlib_dbl_underflow                  0x00003d59   Thumb Code    24  dunder.o(i.__mathlib_dbl_underflow)
    __mathlib_narrow                         0x00003d79   Thumb Code    18  narrow.o(i.__mathlib_narrow)
    __support_ldexp                          0x00003d8b   Thumb Code    20  ldexp.o(i.__support_ldexp)
    _is_digit                                0x00003d9f   Thumb Code    14  scanf_fp.o(i._is_digit)
    atan                                     0x00003dad   Thumb Code    16  atan.o(i.atan)
    fabs                                     0x00003dbd   Thumb Code    24  fabs.o(i.fabs)
    frexp                                    0x00003dd9   Thumb Code   118  frexp.o(i.frexp)
    sqrt                                     0x00003e65   Thumb Code   110  sqrt.o(i.sqrt)
    _get_lc_numeric                          0x00003ed5   Thumb Code    44  lc_numeric_c.o(locale$$code)
    _get_lc_ctype                            0x00003f01   Thumb Code    44  lc_ctype_c.o(locale$$code)
    __aeabi_dneg                             0x00003f2d   Thumb Code     0  basic.o(x$fpl$basic)
    _dneg                                    0x00003f2d   Thumb Code     6  basic.o(x$fpl$basic)
    __aeabi_fneg                             0x00003f33   Thumb Code     0  basic.o(x$fpl$basic)
    _fneg                                    0x00003f33   Thumb Code     6  basic.o(x$fpl$basic)
    _dabs                                    0x00003f39   Thumb Code     6  basic.o(x$fpl$basic)
    _fabs                                    0x00003f3f   Thumb Code     6  basic.o(x$fpl$basic)
    __aeabi_d2f                              0x00003f45   Thumb Code     0  d2f.o(x$fpl$d2f)
    _d2f                                     0x00003f45   Thumb Code    98  d2f.o(x$fpl$d2f)
    __aeabi_dadd                             0x00003fa9   Thumb Code     0  daddsub_clz.o(x$fpl$dadd)
    _dadd                                    0x00003fa9   Thumb Code   332  daddsub_clz.o(x$fpl$dadd)
    __fpl_dcheck_NaN1                        0x000040f9   Thumb Code    10  dcheck1.o(x$fpl$dcheck1)
    __fpl_dcmp_Inf                           0x00004109   Thumb Code    24  dcmpi.o(x$fpl$dcmpinf)
    __aeabi_ddiv                             0x00004121   Thumb Code     0  ddiv.o(x$fpl$ddiv)
    _ddiv                                    0x00004121   Thumb Code   552  ddiv.o(x$fpl$ddiv)
    __aeabi_cdcmpeq                          0x000043d1   Thumb Code     0  deqf.o(x$fpl$deqf)
    _dcmpeq                                  0x000043d1   Thumb Code   120  deqf.o(x$fpl$deqf)
    __aeabi_d2iz                             0x00004449   Thumb Code     0  dfix.o(x$fpl$dfix)
    _dfix                                    0x00004449   Thumb Code    94  dfix.o(x$fpl$dfix)
    __aeabi_i2d                              0x000044a7   Thumb Code     0  dflt_clz.o(x$fpl$dflt)
    _dflt                                    0x000044a7   Thumb Code    46  dflt_clz.o(x$fpl$dflt)
    __aeabi_ui2d                             0x000044d5   Thumb Code     0  dflt_clz.o(x$fpl$dfltu)
    _dfltu                                   0x000044d5   Thumb Code    38  dflt_clz.o(x$fpl$dfltu)
    __aeabi_cdcmple                          0x000044fd   Thumb Code     0  dleqf.o(x$fpl$dleqf)
    _dcmple                                  0x000044fd   Thumb Code   120  dleqf.o(x$fpl$dleqf)
    __fpl_dcmple_InfNaN                      0x0000455f   Thumb Code     0  dleqf.o(x$fpl$dleqf)
    __aeabi_dmul                             0x00004575   Thumb Code     0  dmul.o(x$fpl$dmul)
    _dmul                                    0x00004575   Thumb Code   332  dmul.o(x$fpl$dmul)
    __fpl_dnaninf                            0x000046c9   Thumb Code   156  dnaninf.o(x$fpl$dnaninf)
    __fpl_dretinf                            0x00004765   Thumb Code    12  dretinf.o(x$fpl$dretinf)
    __aeabi_cdrcmple                         0x00004771   Thumb Code     0  drleqf.o(x$fpl$drleqf)
    _drcmple                                 0x00004771   Thumb Code   108  drleqf.o(x$fpl$drleqf)
    __aeabi_drsub                            0x000047dd   Thumb Code     0  daddsub_clz.o(x$fpl$drsb)
    _drsb                                    0x000047dd   Thumb Code    22  daddsub_clz.o(x$fpl$drsb)
    _dsqrt                                   0x000047f5   Thumb Code   404  dsqrt_umaal.o(x$fpl$dsqrt)
    __aeabi_dsub                             0x0000498d   Thumb Code     0  daddsub_clz.o(x$fpl$dsub)
    _dsub                                    0x0000498d   Thumb Code   464  daddsub_clz.o(x$fpl$dsub)
    __aeabi_f2d                              0x00004b61   Thumb Code     0  f2d.o(x$fpl$f2d)
    _f2d                                     0x00004b61   Thumb Code    86  f2d.o(x$fpl$f2d)
    __fpl_fnaninf                            0x00004bb7   Thumb Code   140  fnaninf.o(x$fpl$fnaninf)
    _fp_init                                 0x00004c43   Thumb Code    26  fpinit.o(x$fpl$fpinit)
    __fplib_config_fpu_vfp                   0x00004c5b   Thumb Code     0  fpinit.o(x$fpl$fpinit)
    __fplib_config_pureend_doubles           0x00004c5b   Thumb Code     0  fpinit.o(x$fpl$fpinit)
    __fpl_fretinf                            0x00004c5d   Thumb Code    10  fretinf.o(x$fpl$fretinf)
    __ieee_status                            0x00004c67   Thumb Code     6  istatus.o(x$fpl$ieeestatus)
    __fpl_return_NaN                         0x00004c6d   Thumb Code   100  retnan.o(x$fpl$retnan)
    __ARM_scalbn                             0x00004cd1   Thumb Code    92  scalbn.o(x$fpl$scalbn)
    _scanf_real                              0x00004d2d   Thumb Code     4  scanf1.o(x$fpl$scanf1)
    _scanf_hex_real                          0x00004d31   Thumb Code     4  scanf2.o(x$fpl$scanf2)
    _scanf_infnan                            0x00004d35   Thumb Code     4  scanf2.o(x$fpl$scanf2)
    __fpl_cmpreturn                          0x00004d39   Thumb Code    48  trapv.o(x$fpl$trapveneer)
    __I$use$fp                               0x00004d68   Number         0  usenofp.o(x$fpl$usenofp)
    __mathlib_zero                           0x00004eb8   Data           8  qnan.o(.constdata)
    Region$$Table$$Base                      0x00005050   Number         0  anon$$obj.o(Region$$Table)
    Region$$Table$$Limit                     0x00005060   Number         0  anon$$obj.o(Region$$Table)
    __aeabi_HUGE_VAL                         0x00005060   Data           0  fpconst.o(c$$dinf)
    __aeabi_HUGE_VALL                        0x00005060   Data           0  fpconst.o(c$$dinf)
    __aeabi_INFINITY                         0x00005060   Data           0  fpconst.o(c$$dinf)
    __dInf                                   0x00005060   Data           0  fpconst.o(c$$dinf)
    __huge_val                               0x00005060   Data           0  fpconst.o(c$$dinf)
    __dbl_max                                0x00005068   Data           0  fpconst.o(c$$dmax)
    __ctype                                  0x00005099   Data           0  lc_ctype_c.o(locale$$data)
    __libspace_start                         0x20000000   Data          96  libspace.o(.bss)
    GPS_Sentence                             0x20000060   Data         100  gps.o(.bss.GPS_Sentence)
    __temporary_stack_top$libspace           0x20000060   Data           0  libspace.o(.bss)
    cfg                                      0x200000c4   Data          12  main.o(.bss.cfg)
    current_latitude                         0x200000d0   Data           4  main.o(.bss.current_latitude)
    current_longitude                        0x200000d4   Data           4  main.o(.bss.current_longitude)
    deltaLat                                 0x200000d8   Data           4  app.o(.bss.deltaLat)
    deltaLong                                0x200000dc   Data           4  app.o(.bss.deltaLong)
    distance                                 0x200000e0   Data           4  main.o(.bss.distance)
    first_latitude                           0x200000e4   Data           4  main.o(.bss.first_latitude)
    first_longitude                          0x200000e8   Data           4  main.o(.bss.first_longitude)



==============================================================================

Memory Map of the image

  Image Entry point : 0x0000030d

  Load Region LR_1 (Base: 0x00000000, Size: 0x0000519c, Max: 0xffffffff, ABSOLUTE)

    Execution Region ER_RO (Exec base: 0x00000000, Load base: 0x00000000, Size: 0x0000519c, Max: 0xffffffff, ABSOLUTE)

    Exec Addr    Load Addr    Size         Type   Attr      Idx    E Section Name        Object

    0x00000000   0x00000000   0x0000026c   Data   RO           91    RESET               startup_tm4c123.o
    0x0000026c   0x0000026c   0x00000008   Code   RO          120  * !!!main             c_w.l(__main.o)
    0x00000274   0x00000274   0x00000034   Code   RO          607    !!!scatter          c_w.l(__scatter.o)
    0x000002a8   0x000002a8   0x0000001c   Code   RO          609    !!handler_zi        c_w.l(__scatter_zi.o)
    0x000002c4   0x000002c4   0x00000002   Code   RO          356    .ARM.Collect$$libinit$$00000000  c_w.l(libinit.o)
    0x000002c6   0x000002c6   0x00000004   Code   RO          357    .ARM.Collect$$libinit$$00000001  c_w.l(libinit2.o)
    0x000002ca   0x000002ca   0x00000000   Code   RO          360    .ARM.Collect$$libinit$$00000004  c_w.l(libinit2.o)
    0x000002ca   0x000002ca   0x00000000   Code   RO          363    .ARM.Collect$$libinit$$0000000A  c_w.l(libinit2.o)
    0x000002ca   0x000002ca   0x00000000   Code   RO          365    .ARM.Collect$$libinit$$0000000C  c_w.l(libinit2.o)
    0x000002ca   0x000002ca   0x00000000   Code   RO          367    .ARM.Collect$$libinit$$0000000E  c_w.l(libinit2.o)
    0x000002ca   0x000002ca   0x00000006   Code   RO          368    .ARM.Collect$$libinit$$0000000F  c_w.l(libinit2.o)
    0x000002d0   0x000002d0   0x00000000   Code   RO          370    .ARM.Collect$$libinit$$00000011  c_w.l(libinit2.o)
    0x000002d0   0x000002d0   0x0000000c   Code   RO          371    .ARM.Collect$$libinit$$00000012  c_w.l(libinit2.o)
    0x000002dc   0x000002dc   0x00000000   Code   RO          372    .ARM.Collect$$libinit$$00000013  c_w.l(libinit2.o)
    0x000002dc   0x000002dc   0x00000000   Code   RO          374    .ARM.Collect$$libinit$$00000015  c_w.l(libinit2.o)
    0x000002dc   0x000002dc   0x0000000a   Code   RO          375    .ARM.Collect$$libinit$$00000016  c_w.l(libinit2.o)
    0x000002e6   0x000002e6   0x00000000   Code   RO          376    .ARM.Collect$$libinit$$00000017  c_w.l(libinit2.o)
    0x000002e6   0x000002e6   0x00000000   Code   RO          378    .ARM.Collect$$libinit$$00000019  c_w.l(libinit2.o)
    0x000002e6   0x000002e6   0x00000000   Code   RO          380    .ARM.Collect$$libinit$$0000001B  c_w.l(libinit2.o)
    0x000002e6   0x000002e6   0x00000000   Code   RO          382    .ARM.Collect$$libinit$$0000001D  c_w.l(libinit2.o)
    0x000002e6   0x000002e6   0x00000000   Code   RO          384    .ARM.Collect$$libinit$$0000001F  c_w.l(libinit2.o)
    0x000002e6   0x000002e6   0x00000000   Code   RO          386    .ARM.Collect$$libinit$$00000021  c_w.l(libinit2.o)
    0x000002e6   0x000002e6   0x00000000   Code   RO          388    .ARM.Collect$$libinit$$00000023  c_w.l(libinit2.o)
    0x000002e6   0x000002e6   0x00000000   Code   RO          390    .ARM.Collect$$libinit$$00000025  c_w.l(libinit2.o)
    0x000002e6   0x000002e6   0x00000000   Code   RO          394    .ARM.Collect$$libinit$$0000002C  c_w.l(libinit2.o)
    0x000002e6   0x000002e6   0x00000000   Code   RO          396    .ARM.Collect$$libinit$$0000002E  c_w.l(libinit2.o)
    0x000002e6   0x000002e6   0x00000000   Code   RO          398    .ARM.Collect$$libinit$$00000030  c_w.l(libinit2.o)
    0x000002e6   0x000002e6   0x00000000   Code   RO          400    .ARM.Collect$$libinit$$00000032  c_w.l(libinit2.o)
    0x000002e6   0x000002e6   0x00000002   Code   RO          401    .ARM.Collect$$libinit$$00000033  c_w.l(libinit2.o)
    0x000002e8   0x000002e8   0x00000002   Code   RO          537    .ARM.Collect$$libshutdown$$00000000  c_w.l(libshutdown.o)
    0x000002ea   0x000002ea   0x00000000   Code   RO          564    .ARM.Collect$$libshutdown$$00000002  c_w.l(libshutdown2.o)
    0x000002ea   0x000002ea   0x00000000   Code   RO          566    .ARM.Collect$$libshutdown$$00000004  c_w.l(libshutdown2.o)
    0x000002ea   0x000002ea   0x00000000   Code   RO          569    .ARM.Collect$$libshutdown$$00000007  c_w.l(libshutdown2.o)
    0x000002ea   0x000002ea   0x00000000   Code   RO          572    .ARM.Collect$$libshutdown$$0000000A  c_w.l(libshutdown2.o)
    0x000002ea   0x000002ea   0x00000000   Code   RO          574    .ARM.Collect$$libshutdown$$0000000C  c_w.l(libshutdown2.o)
    0x000002ea   0x000002ea   0x00000000   Code   RO          577    .ARM.Collect$$libshutdown$$0000000F  c_w.l(libshutdown2.o)
    0x000002ea   0x000002ea   0x00000002   Code   RO          578    .ARM.Collect$$libshutdown$$00000010  c_w.l(libshutdown2.o)
    0x000002ec   0x000002ec   0x00000000   Code   RO          212    .ARM.Collect$$rtentry$$00000000  c_w.l(__rtentry.o)
    0x000002ec   0x000002ec   0x00000000   Code   RO          294    .ARM.Collect$$rtentry$$00000002  c_w.l(__rtentry2.o)
    0x000002ec   0x000002ec   0x00000006   Code   RO          306    .ARM.Collect$$rtentry$$00000004  c_w.l(__rtentry4.o)
    0x000002f2   0x000002f2   0x00000000   Code   RO          296    .ARM.Collect$$rtentry$$00000009  c_w.l(__rtentry2.o)
    0x000002f2   0x000002f2   0x00000004   Code   RO          297    .ARM.Collect$$rtentry$$0000000A  c_w.l(__rtentry2.o)
    0x000002f6   0x000002f6   0x00000000   Code   RO          299    .ARM.Collect$$rtentry$$0000000C  c_w.l(__rtentry2.o)
    0x000002f6   0x000002f6   0x00000008   Code   RO          300    .ARM.Collect$$rtentry$$0000000D  c_w.l(__rtentry2.o)
    0x000002fe   0x000002fe   0x00000002   Code   RO          404    .ARM.Collect$$rtexit$$00000000  c_w.l(rtexit.o)
    0x00000300   0x00000300   0x00000000   Code   RO          475    .ARM.Collect$$rtexit$$00000002  c_w.l(rtexit2.o)
    0x00000300   0x00000300   0x00000004   Code   RO          476    .ARM.Collect$$rtexit$$00000003  c_w.l(rtexit2.o)
    0x00000304   0x00000304   0x00000006   Code   RO          477    .ARM.Collect$$rtexit$$00000004  c_w.l(rtexit2.o)
    0x0000030a   0x0000030a   0x00000002   PAD
    0x0000030c   0x0000030c   0x00000114   Code   RO           92  * .text               startup_tm4c123.o
    0x00000420   0x00000420   0x00000004   Code   RO          116    .text               c_w.l(strtok_r.o)
    0x00000424   0x00000424   0x00000006   Code   RO          118    .text               c_w.l(heapauxi.o)
    0x0000042a   0x0000042a   0x00000016   Code   RO          213    .text               c_w.l(_rserrno.o)
    0x00000440   0x00000440   0x000000b0   Code   RO          215    .text               c_w.l(strtod.o)
    0x000004f0   0x000004f0   0x00000044   Code   RO          217    .text               c_w.l(strtok_int.o)
    0x00000534   0x00000534   0x00000008   Code   RO          311    .text               c_w.l(rt_errno_addr_intlibspace.o)
    0x0000053c   0x0000053c   0x00000012   Code   RO          313    .text               c_w.l(isspace.o)
    0x0000054e   0x0000054e   0x00000040   Code   RO          315    .text               c_w.l(_sgetc.o)
    0x0000058e   0x0000058e   0x00000020   Code   RO          320    .text               c_w.l(strcspn.o)
    0x000005ae   0x000005ae   0x0000001c   Code   RO          322    .text               c_w.l(strspn.o)
    0x000005ca   0x000005ca   0x00000002   PAD
    0x000005cc   0x000005cc   0x00000008   Code   RO          334    .text               c_w.l(libspace.o)
    0x000005d4   0x000005d4   0x0000004a   Code   RO          337    .text               c_w.l(sys_stackheap_outer.o)
    0x0000061e   0x0000061e   0x00000002   PAD
    0x00000620   0x00000620   0x00000010   Code   RO          339    .text               c_w.l(rt_ctype_table.o)
    0x00000630   0x00000630   0x000004f8   Code   RO          341    .text               c_w.l(scanf_fp.o)
    0x00000b28   0x00000b28   0x00000012   Code   RO          347    .text               c_w.l(exit.o)
    0x00000b3a   0x00000b3a   0x00000006   PAD
    0x00000b40   0x00000b40   0x0000007c   Code   RO          349    .text               c_w.l(strcmpv7em.o)
    0x00000bbc   0x00000bbc   0x00000008   Code   RO          409    .text               c_w.l(rt_locale_intlibspace.o)
    0x00000bc4   0x00000bc4   0x00000026   Code   RO          411    .text               c_w.l(llshl.o)
    0x00000bea   0x00000bea   0x00000002   PAD
    0x00000bec   0x00000bec   0x000000e4   Code   RO          415    .text               c_w.l(bigflt0.o)
    0x00000cd0   0x00000cd0   0x00000320   Code   RO          500    .text               c_w.l(scanf_hexfp.o)
    0x00000ff0   0x00000ff0   0x00000134   Code   RO          502    .text               c_w.l(scanf_infnan.o)
    0x00001124   0x00001124   0x0000000c   Code   RO          518    .text               c_w.l(sys_exit.o)
    0x00001130   0x00001130   0x0000001c   Code   RO          529    .text               c_w.l(_chval.o)
    0x0000114c   0x0000114c   0x00000002   Code   RO          554    .text               c_w.l(use_no_semi.o)
    0x0000114e   0x0000114e   0x00000000   Code   RO          556    .text               c_w.l(indicate_semi.o)
    0x0000114e   0x0000114e   0x00000002   PAD
    0x00001150   0x00001150   0x0000006c   Code   RO           62    .text.HAL_GPS_Read  gps.o
    0x000011bc   0x000011bc   0x0000007c   Code   RO           20    .text.MCAL_UART_Init  uart_src.o
    0x00001238   0x00001238   0x00000010   Code   RO           26    .text.MCAL_UART_Receive_Byte_Poll  uart_src.o
    0x00001248   0x00001248   0x00000012   Code   RO          103    .text.SystemInit    system_tm4c123.o
    0x0000125a   0x0000125a   0x00000002   PAD
    0x0000125c   0x0000125c   0x00000028   Code   RO            2    .text.UART2_INIT    main.o
    0x00001284   0x00001284   0x0000022e   Code   RO           22    .text.UART_GPIO_RCC  uart_src.o
    0x000014b2   0x000014b2   0x00000006   PAD
    0x000014b8   0x000014b8   0x000001ac   Code   RO           78    .text.computeDistance  app.o
    0x00001664   0x00001664   0x00000064   Code   RO            4    .text.main          main.o
    0x000016c8   0x000016c8   0x00000084   Code   RO           60    .text.parse_GPS_data  gps.o
    0x0000174c   0x0000174c   0x00000004   PAD
    0x00001750   0x00001750   0x00000084   Code   RO           74    .text.to_degree     app.o
    0x000017d4   0x000017d4   0x00000004   PAD
    0x000017d8   0x000017d8   0x00000028   Code   RO           76    .text.to_radian     app.o
    0x00001800   0x00001800   0x00000338   Code   RO          428    CL$$btod_div_common  c_w.l(btod.o)
    0x00001b38   0x00001b38   0x00000084   Code   RO          426    CL$$btod_e2d        c_w.l(btod.o)
    0x00001bbc   0x00001bbc   0x000000dc   Code   RO          425    CL$$btod_e2e        c_w.l(btod.o)
    0x00001c98   0x00001c98   0x0000002a   Code   RO          422    CL$$btod_ediv       c_w.l(btod.o)
    0x00001cc2   0x00001cc2   0x0000002a   Code   RO          424    CL$$btod_edivd      c_w.l(btod.o)
    0x00001cec   0x00001cec   0x0000002a   Code   RO          421    CL$$btod_emul       c_w.l(btod.o)
    0x00001d16   0x00001d16   0x0000002a   Code   RO          423    CL$$btod_emuld      c_w.l(btod.o)
    0x00001d40   0x00001d40   0x00000244   Code   RO          427    CL$$btod_mult_common  c_w.l(btod.o)
    0x00001f84   0x00001f84   0x00000030   Code   RO          277    i.__ARM_fpclassify  m_wm.l(fpclassify.o)
    0x00001fb4   0x00001fb4   0x00000004   PAD
    0x00001fb8   0x00001fb8   0x000000f8   Code   RO          466    i.__hardfp___mathlib_tofloat  m_wm.l(narrow.o)
    0x000020b0   0x000020b0   0x000002d8   Code   RO          240    i.__hardfp_atan     m_wm.l(atan.o)
    0x00002388   0x00002388   0x00000200   Code   RO          144    i.__hardfp_atan2    m_wm.l(atan2.o)
    0x00002588   0x00002588   0x00000038   Code   RO          156    i.__hardfp_atof     m_wm.l(atof.o)
    0x000025c0   0x000025c0   0x000000c8   Code   RO          162    i.__hardfp_cos      m_wm.l(cos.o)
    0x00002688   0x00002688   0x000000d0   Code   RO          538    i.__hardfp_ldexp    m_wm.l(ldexp.o)
    0x00002758   0x00002758   0x00000c50   Code   RO          174    i.__hardfp_pow      m_wm.l(pow.o)
    0x000033a8   0x000033a8   0x000000c8   Code   RO          188    i.__hardfp_sin      m_wm.l(sin.o)
    0x00003470   0x00003470   0x0000007a   Code   RO          200    i.__hardfp_sqrt     m_wm.l(sqrt.o)
    0x000034ea   0x000034ea   0x00000006   PAD
    0x000034f0   0x000034f0   0x00000438   Code   RO          282    i.__ieee754_rem_pio2  m_wm.l(rred.o)
    0x00003928   0x00003928   0x00000170   Code   RO          254    i.__kernel_cos      m_wm.l(cos_i.o)
    0x00003a98   0x00003a98   0x000000f8   Code   RO          279    i.__kernel_poly     m_wm.l(poly.o)
    0x00003b90   0x00003b90   0x00000130   Code   RO          287    i.__kernel_sin      m_wm.l(sin_i.o)
    0x00003cc0   0x00003cc0   0x00000030   Code   RO          257    i.__mathlib_dbl_divzero  m_wm.l(dunder.o)
    0x00003cf0   0x00003cf0   0x00000014   Code   RO          258    i.__mathlib_dbl_infnan  m_wm.l(dunder.o)
    0x00003d04   0x00003d04   0x00000014   Code   RO          259    i.__mathlib_dbl_infnan2  m_wm.l(dunder.o)
    0x00003d18   0x00003d18   0x00000020   Code   RO          260    i.__mathlib_dbl_invalid  m_wm.l(dunder.o)
    0x00003d38   0x00003d38   0x00000020   Code   RO          261    i.__mathlib_dbl_overflow  m_wm.l(dunder.o)
    0x00003d58   0x00003d58   0x00000020   Code   RO          263    i.__mathlib_dbl_underflow  m_wm.l(dunder.o)
    0x00003d78   0x00003d78   0x00000012   Code   RO          467    i.__mathlib_narrow  m_wm.l(narrow.o)
    0x00003d8a   0x00003d8a   0x00000014   Code   RO          540    i.__support_ldexp   m_wm.l(ldexp.o)
    0x00003d9e   0x00003d9e   0x0000000e   Code   RO          343    i._is_digit         c_w.l(scanf_fp.o)
    0x00003dac   0x00003dac   0x00000010   Code   RO          242    i.atan              m_wm.l(atan.o)
    0x00003dbc   0x00003dbc   0x00000018   Code   RO          273    i.fabs              m_wm.l(fabs.o)
    0x00003dd4   0x00003dd4   0x00000004   PAD
    0x00003dd8   0x00003dd8   0x0000008c   Code   RO          512    i.frexp             m_wm.l(frexp.o)
    0x00003e64   0x00003e64   0x0000006e   Code   RO          202    i.sqrt              m_wm.l(sqrt.o)
    0x00003ed2   0x00003ed2   0x00000002   PAD
    0x00003ed4   0x00003ed4   0x0000002c   Code   RO          318    locale$$code        c_w.l(lc_numeric_c.o)
    0x00003f00   0x00003f00   0x0000002c   Code   RO          444    locale$$code        c_w.l(lc_ctype_c.o)
    0x00003f2c   0x00003f2c   0x00000018   Code   RO          219    x$fpl$basic         fz_wm.l(basic.o)
    0x00003f44   0x00003f44   0x00000062   Code   RO          122    x$fpl$d2f           fz_wm.l(d2f.o)
    0x00003fa6   0x00003fa6   0x00000002   PAD
    0x00003fa8   0x00003fa8   0x00000150   Code   RO          124    x$fpl$dadd          fz_wm.l(daddsub_clz.o)
    0x000040f8   0x000040f8   0x00000010   Code   RO          324    x$fpl$dcheck1       fz_wm.l(dcheck1.o)
    0x00004108   0x00004108   0x00000018   Code   RO          326    x$fpl$dcmpinf       fz_wm.l(dcmpi.o)
    0x00004120   0x00004120   0x000002b0   Code   RO          131    x$fpl$ddiv          fz_wm.l(ddiv.o)
    0x000043d0   0x000043d0   0x00000078   Code   RO          221    x$fpl$deqf          fz_wm.l(deqf.o)
    0x00004448   0x00004448   0x0000005e   Code   RO          328    x$fpl$dfix          fz_wm.l(dfix.o)
    0x000044a6   0x000044a6   0x0000002e   Code   RO          135    x$fpl$dflt          fz_wm.l(dflt_clz.o)
    0x000044d4   0x000044d4   0x00000026   Code   RO          134    x$fpl$dfltu         fz_wm.l(dflt_clz.o)
    0x000044fa   0x000044fa   0x00000002   PAD
    0x000044fc   0x000044fc   0x00000078   Code   RO          223    x$fpl$dleqf         fz_wm.l(dleqf.o)
    0x00004574   0x00004574   0x00000154   Code   RO          140    x$fpl$dmul          fz_wm.l(dmul.o)
    0x000046c8   0x000046c8   0x0000009c   Code   RO          225    x$fpl$dnaninf       fz_wm.l(dnaninf.o)
    0x00004764   0x00004764   0x0000000c   Code   RO          227    x$fpl$dretinf       fz_wm.l(dretinf.o)
    0x00004770   0x00004770   0x0000006c   Code   RO          229    x$fpl$drleqf        fz_wm.l(drleqf.o)
    0x000047dc   0x000047dc   0x00000016   Code   RO          125    x$fpl$drsb          fz_wm.l(daddsub_clz.o)
    0x000047f2   0x000047f2   0x00000002   PAD
    0x000047f4   0x000047f4   0x00000198   Code   RO          231    x$fpl$dsqrt         fz_wm.l(dsqrt_umaal.o)
    0x0000498c   0x0000498c   0x000001d4   Code   RO          126    x$fpl$dsub          fz_wm.l(daddsub_clz.o)
    0x00004b60   0x00004b60   0x00000056   Code   RO          142    x$fpl$f2d           fz_wm.l(f2d.o)
    0x00004bb6   0x00004bb6   0x0000008c   Code   RO          233    x$fpl$fnaninf       fz_wm.l(fnaninf.o)
    0x00004c42   0x00004c42   0x0000001a   Code   RO          454    x$fpl$fpinit        fz_wm.l(fpinit.o)
    0x00004c5c   0x00004c5c   0x0000000a   Code   RO          235    x$fpl$fretinf       fz_wm.l(fretinf.o)
    0x00004c66   0x00004c66   0x00000006   Code   RO          456    x$fpl$ieeestatus    fz_wm.l(istatus.o)
    0x00004c6c   0x00004c6c   0x00000064   Code   RO          402    x$fpl$retnan        fz_wm.l(retnan.o)
    0x00004cd0   0x00004cd0   0x0000005c   Code   RO          237    x$fpl$scalbn        fz_wm.l(scalbn.o)
    0x00004d2c   0x00004d2c   0x00000004   Code   RO          332    x$fpl$scanf1        fz_wm.l(scanf1.o)
    0x00004d30   0x00004d30   0x00000008   Code   RO          458    x$fpl$scanf2        fz_wm.l(scanf2.o)
    0x00004d38   0x00004d38   0x00000030   Code   RO          464    x$fpl$trapveneer    fz_wm.l(trapv.o)
    0x00004d68   0x00004d68   0x00000000   Code   RO          239    x$fpl$usenofp       fz_wm.l(usenofp.o)
    0x00004d68   0x00004d68   0x00000088   Data   RO          177    .constdata          m_wm.l(pow.o)
    0x00004df0   0x00004df0   0x00000098   Data   RO          243    .constdata          m_wm.l(atan.o)
    0x00004e88   0x00004e88   0x00000030   Data   RO          255    .constdata          m_wm.l(cos_i.o)
    0x00004eb8   0x00004eb8   0x00000008   Data   RO          281    .constdata          m_wm.l(qnan.o)
    0x00004ec0   0x00004ec0   0x000000cc   Data   RO          284    .constdata          m_wm.l(rred.o)
    0x00004f8c   0x00004f8c   0x00000004   PAD
    0x00004f90   0x00004f90   0x00000028   Data   RO          288    .constdata          m_wm.l(sin_i.o)
    0x00004fb8   0x00004fb8   0x00000094   Data   RO          416    .constdata          c_w.l(bigflt0.o)
    0x0000504c   0x0000504c   0x00000002   Data   RO           64    .rodata.str1.1      gps.o
    0x0000504e   0x0000504e   0x00000002   PAD
    0x00005050   0x00005050   0x00000010   Data   RO          606    Region$$Table       anon$$obj.o
    0x00005060   0x00005060   0x00000008   Data   RO          450    c$$dinf             fz_wm.l(fpconst.o)
    0x00005068   0x00005068   0x00000008   Data   RO          453    c$$dmax             fz_wm.l(fpconst.o)
    0x00005070   0x00005070   0x0000001c   Data   RO          317    locale$$data        c_w.l(lc_numeric_c.o)
    0x0000508c   0x0000508c   0x00000110   Data   RO          443    locale$$data        c_w.l(lc_ctype_c.o)


    Execution Region ER_RW (Exec base: 0x20000000, Load base: 0x0000519c, Size: 0x00000000, Max: 0xffffffff, ABSOLUTE)

    **** No section assigned to this execution region ****


    Execution Region ER_ZI (Exec base: 0x20000000, Load base: 0x0000519c, Size: 0x000002f0, Max: 0xffffffff, ABSOLUTE)

    Exec Addr    Load Addr    Size         Type   Attr      Idx    E Section Name        Object

    0x20000000        -       0x00000060   Zero   RW          335    .bss                c_w.l(libspace.o)
    0x20000060        -       0x00000064   Zero   RW           65    .bss.GPS_Sentence   gps.o
    0x200000c4        -       0x0000000c   Zero   RW           11    .bss.cfg            main.o
    0x200000d0        -       0x00000004   Zero   RW            6    .bss.current_latitude  main.o
    0x200000d4        -       0x00000004   Zero   RW            7    .bss.current_longitude  main.o
    0x200000d8        -       0x00000004   Zero   RW           80    .bss.deltaLat       app.o
    0x200000dc        -       0x00000004   Zero   RW           81    .bss.deltaLong      app.o
    0x200000e0        -       0x00000004   Zero   RW           10    .bss.distance       main.o
    0x200000e4        -       0x00000004   Zero   RW            8    .bss.first_latitude  main.o
    0x200000e8        -       0x00000004   Zero   RW            9    .bss.first_longitude  main.o
    0x200000ec   0x0000519c   0x00000004   PAD
    0x200000f0        -       0x00000000   Zero   RW           90    HEAP                startup_tm4c123.o
    0x200000f0        -       0x00000200   Zero   RW           89    STACK               startup_tm4c123.o


==============================================================================

Image component sizes


      Code (inc. data)   RO Data    RW Data    ZI Data      Debug   Object Name

       600         48          0          0          8       1637   app.o
       240          8          2          0        100       2966   gps.o
       140          0          0          0         32       1977   main.o
       276         24        620          0        512       5460   startup_tm4c123.o
        18          0          0          0          0       6485   system_tm4c123.o
       698          8          0          0          0       3310   uart_src.o

    ----------------------------------------------------------------------
      1988         92        640          0        656      21835   Object Totals
         0          0         16          0          0          0   (incl. Generated)
        16          4          2          0          4          0   (incl. Padding)

    ----------------------------------------------------------------------

      Code (inc. data)   RO Data    RW Data    ZI Data      Debug   Library Member Name

         8          0          0          0          0         68   __main.o
         0          0          0          0          0          0   __rtentry.o
        12          0          0          0          0          0   __rtentry2.o
         6          0          0          0          0          0   __rtentry4.o
        52          8          0          0          0          0   __scatter.o
        28          0          0          0          0          0   __scatter_zi.o
        28          0          0          0          0         68   _chval.o
        22          0          0          0          0        100   _rserrno.o
        64          0          0          0          0         84   _sgetc.o
       228          4        148          0          0         96   bigflt0.o
      1924        136          0          0          0        756   btod.o
        18          0          0          0          0         80   exit.o
         6          0          0          0          0        152   heapauxi.o
         0          0          0          0          0          0   indicate_semi.o
        18          0          0          0          0         76   isspace.o
        44         10        272          0          0         76   lc_ctype_c.o
        44         10         28          0          0         76   lc_numeric_c.o
         2          0          0          0          0          0   libinit.o
        34          0          0          0          0          0   libinit2.o
         2          0          0          0          0          0   libshutdown.o
         2          0          0          0          0          0   libshutdown2.o
         8          4          0          0         96         68   libspace.o
        38          0          0          0          0         68   llshl.o
        16          4          0          0          0         76   rt_ctype_table.o
         8          4          0          0          0         68   rt_errno_addr_intlibspace.o
         8          4          0          0          0         68   rt_locale_intlibspace.o
         2          0          0          0          0          0   rtexit.o
        10          0          0          0          0          0   rtexit2.o
      1286         16          0          0          0        236   scanf_fp.o
       800         14          0          0          0        100   scanf_hexfp.o
       308         16          0          0          0        100   scanf_infnan.o
       124          0          0          0          0         88   strcmpv7em.o
        32          0          0          0          0         80   strcspn.o
        28          0          0          0          0         80   strspn.o
       176         14          0          0          0        124   strtod.o
        68          4          0          0          0         84   strtok_int.o
         4          0          0          0          0         68   strtok_r.o
        12          4          0          0          0         68   sys_exit.o
        74          0          0          0          0         80   sys_stackheap_outer.o
         2          0          0          0          0         68   use_no_semi.o
        24          0          0          0          0        164   basic.o
        98          4          0          0          0        140   d2f.o
       826         16          0          0          0        500   daddsub_clz.o
        16          4          0          0          0        116   dcheck1.o
        24          0          0          0          0        116   dcmpi.o
       688        140          0          0          0        264   ddiv.o
       120          4          0          0          0        140   deqf.o
        94          4          0          0          0        140   dfix.o
        84          0          0          0          0        232   dflt_clz.o
       120          4          0          0          0        140   dleqf.o
       340         12          0          0          0        152   dmul.o
       156          4          0          0          0        140   dnaninf.o
        12          0          0          0          0        116   dretinf.o
       108          0          0          0          0        128   drleqf.o
       408         56          0          0          0        168   dsqrt_umaal.o
        86          4          0          0          0        132   f2d.o
       140          4          0          0          0        132   fnaninf.o
         0          0         16          0          0          0   fpconst.o
        26          0          0          0          0        116   fpinit.o
        10          0          0          0          0        116   fretinf.o
         6          0          0          0          0        116   istatus.o
       100          0          0          0          0        116   retnan.o
        92          0          0          0          0        116   scalbn.o
         4          0          0          0          0        116   scanf1.o
         8          0          0          0          0        132   scanf2.o
        48          0          0          0          0        116   trapv.o
         0          0          0          0          0          0   usenofp.o
       744        106        152          0          0        352   atan.o
       512         64          0          0          0        208   atan2.o
        56         10          0          0          0        132   atof.o
       200         20          0          0          0        164   cos.o
       368         46         48          0          0        200   cos_i.o
       184         44          0          0          0        744   dunder.o
        24          0          0          0          0        124   fabs.o
        48          0          0          0          0        124   fpclassify.o
       140         22          0          0          0        132   frexp.o
       228          8          0          0          0        308   ldexp.o
       266         16          0          0          0        308   narrow.o
       248          0          0          0          0        152   poly.o
      3152        296        136          0          0        352   pow.o
         0          0          8          0          0          0   qnan.o
      1080        142        204          0          0        188   rred.o
       200         20          0          0          0        164   sin.o
       304         24         40          0          0        208   sin_i.o
       232          0          0          0          0        296   sqrt.o

    ----------------------------------------------------------------------
     17208       1326       1056          0         96      11176   Library Totals
        38          0          4          0          0          0   (incl. Padding)

    ----------------------------------------------------------------------

      Code (inc. data)   RO Data    RW Data    ZI Data      Debug   Library Name

      5546        252        448          0         96       3156   c_w.l
      3638        256         16          0          0       3864   fz_wm.l
      7986        818        588          0          0       4156   m_wm.l

    ----------------------------------------------------------------------
     17208       1326       1056          0         96      11176   Library Totals

    ----------------------------------------------------------------------

==============================================================================


      Code (inc. data)   RO Data    RW Data    ZI Data      Debug   

     19196       1418       1696          0        752      26015   Grand Totals
     19196       1418       1696          0        752      26015   ELF Image Totals
     19196       1418       1696          0          0          0   ROM Totals

==============================================================================

    Total RO  Size (Code + RO Data)                20892 (  20.40kB)
    Total RW  Size (RW Data + ZI Data)               752 (   0.73kB)
    Total ROM Size (Code + RO Data + RW Data)      20892 (  20.40kB)

==============================================================================

