<html>
<body>
<pre>
<h1>µVision Build Log</h1>
<h2>Tool Versions:</h2>
IDE-Version: µVision V5.32.0.0
Copyright (C) 2020 ARM Ltd and ARM Germany GmbH. All rights reserved.
License Information: mohamed elsahzly, learn-in-depth, LIC=----
 
Tool Versions:
Toolchain:       MDK-Lite  Version: 5.32.0.0
Toolchain Path:  C:\Keil_v5\ARM\ARMCLANG\Bin
C Compiler:      ArmClang.exe V6.14.1
Assembler:       Armasm.exe V6.14.1
Linker/Locator:  ArmLink.exe V6.14.1
Library Manager: ArmAr.exe V6.14.1
Hex Converter:   FromElf.exe V6.14.1
CPU DLL:         SARMCM3.DLL V5.32.0.0
Dialog DLL:      DCM.DLL V1.17.3.0
Target DLL:      lmidk-agdi.dll V???
Dialog DLL:      TCM.DLL V1.46.0.0
 
<h2>Project:</h2>
C:\Users\mw296\OneDrive\Desktop\LL\TM4C\TM4C.uvprojx
Project File Date:  04/25/2024

<h2>Output:</h2>
*** Using Compiler 'V6.14.1', folder: 'C:\Keil_v5\ARM\ARMCLANG\Bin'
Build target 'Target 1'
main.c(4): warning: In file included from...
./Drivers/MCAL/INC\GPIO_Interface.h(10): warning: In file included from...
./Drivers/SERVICES/INC\STD_TYPES.h(26): warning: 'NULL' macro redefined [-Wmacro-redefined]
#define NULL ((void *)0)
        ^
C:\Keil_v5\ARM\ARMCLANG\Bin\..\include\stdlib.h(76): note: previous definition is here
#define NULL 0                   /* see <stddef.h> */
        ^
main.c(5): warning: In file included from...
./Drivers/MCAL/INC\GPIO_Private.h(23): warning: 'GPIO_PORTF_DATA_R' macro redefined [-Wmacro-redefined]
#define GPIO_PORTF_DATA_R       (*((volatile u32 *)0x400253FC))
        ^
./Drivers/MCAL/INC/tm4c123gh6pme.h(701): note: previous definition is here
#define GPIO_PORTF_DATA_R       (*((volatile uint32_t *)0x400253FC))
        ^
2 warnings generated.
compiling main.c...
linking...
Program Size: Code=19196 RO-data=1696 RW-data=0 ZI-data=752  
FromELF: creating hex file...
".\Objects\TM4C.axf" - 0 Error(s), 2 Warning(s).

<h2>Software Packages used:</h2>

Package Vendor: ARM
                http://www.keil.com/pack/ARM.CMSIS.5.9.0.pack
                ARM.CMSIS.5.9.0
                CMSIS (Common Microcontroller Software Interface Standard)
   * Component: CORE Version: 5.6.0

Package Vendor: Keil
                http://www.keil.com/pack/Keil.TM4C_DFP.1.1.0.pack
                Keil.TM4C_DFP.1.1.0
                Texas Instruments Tiva C Series Device Support and Examples
   * Component: Startup Version: 1.0.1

<h2>Collection of Component include folders:</h2>
  .\RTE\_Target_1
  C:\Users\mw296\AppData\Local\Arm\Packs\ARM\CMSIS\5.9.0\CMSIS\Core\Include
  C:\Users\mw296\AppData\Local\Arm\Packs\Keil\TM4C_DFP\1.1.0\Device\Include\TM4C123

<h2>Collection of Component Files used:</h2>

   * Component: ARM::CMSIS:CORE:5.6.0

   * Component: Keil::Device:Startup:1.0.1
      Include file:  Device\Include\TM4C123\TM4C123.h
      Source file:   Device\Source\ARM\startup_TM4C123.s
      Source file:   Device\Source\system_TM4C123.c
Build Time Elapsed:  00:00:01
</pre>
</body>
</html>
