Component: ARM Compiler 6.14.1 Tool: armlink [5db06d00]

==============================================================================

Section Cross References

    main.o(.text.main) refers to main.o(.bss.cfg2) for cfg2
    main.o(.text.main) refers to main.o(.bss.cfg1) for cfg1
    main.o(.text.main) refers to app.o(.text.APP_System_Init) for APP_System_Init
    main.o(.text.main) refers to app.o(.text.APP_Prompt_Dump_Read) for APP_Prompt_Dump_Read
    main.o(.text.main) refers to main.o(.bss.cmd) for cmd
    main.o(.text.main) refers to app.o(.text.APP_LCD_Clear_Write) for APP_LCD_Clear_Write
    main.o(.text.main) refers to app.o(.text.APP_Send_Sentences) for APP_Send_Sentences
    main.o(.text.main) refers to main.o(.rodata.str1.1) for .L.str.1
    main.o(.text.main) refers to stk_program.o(.text.MCAL_STK_Delay_ms) for MCAL_STK_Delay_ms
    main.o(.text.main) refers to app.o(.text.APP_LCD_Write) for APP_LCD_Write
    main.o(.text.main) refers to main.o(.bss.prev_latitude) for prev_latitude
    main.o(.text.main) refers to main.o(.bss.prev_longitude) for prev_longitude
    main.o(.text.main) refers to gps.o(.text.HAL_GPS_Read) for HAL_GPS_Read
    main.o(.text.main) refers to main.o(.bss.current_latitude) for current_latitude
    main.o(.text.main) refers to main.o(.bss.current_longitude) for current_longitude
    main.o(.text.main) refers to app.o(.text.APP_Float_To_Int) for APP_Float_To_Int
    main.o(.text.main) refers to main.o(.data.counter) for counter
    main.o(.text.main) refers to app.o(.text.APP_Write_Point) for APP_Write_Point
    main.o(.text.main) refers to main.o(.bss.distance) for distance
    main.o(.text.main) refers to app.o(.text.APP_Compute_Distance) for APP_Compute_Distance
    main.o(.text.main) refers to f2d.o(x$fpl$f2d) for __aeabi_f2d
    main.o(.text.main) refers to dcmp.o(x$fpl$fcmp) for __aeabi_dcmplt
    main.o(.text.main) refers to lcd.o(.text.HAL_LCD_XY) for HAL_LCD_XY
    main.o(.text.main) refers to lcd.o(.text.HAL_LCD_Send_Number) for HAL_LCD_Send_Number
    main.o(.text.main) refers to switch.o(.text.HAL_SWITCH_GET) for HAL_SWITCH_GET
    main.o(.text.main) refers to app.o(.text.APP_Destination_Reached) for APP_Destination_Reached
    main.o(.ARM.exidx.text.main) refers to main.o(.text.main) for [Anonymous Symbol]
    eeprom_programme.o(.text.MCAL_EEPROM_INIT) refers to stk_program.o(.text.MCAL_STK_Delay_ms) for MCAL_STK_Delay_ms
    eeprom_programme.o(.text.MCAL_EEPROM_INIT) refers to eeprom_programme.o(.text.MCAL_EEPROM_Software_Reset) for MCAL_EEPROM_Software_Reset
    eeprom_programme.o(.text.MCAL_EEPROM_INIT) refers to eeprom_programme.o(.text.MCAL_EEPROM_Fix_Error) for MCAL_EEPROM_Fix_Error
    eeprom_programme.o(.ARM.exidx.text.MCAL_EEPROM_INIT) refers to eeprom_programme.o(.text.MCAL_EEPROM_INIT) for [Anonymous Symbol]
    eeprom_programme.o(.text.MCAL_EEPROM_Software_Reset) refers to stk_program.o(.text.MCAL_STK_Delay_ms) for MCAL_STK_Delay_ms
    eeprom_programme.o(.ARM.exidx.text.MCAL_EEPROM_Software_Reset) refers to eeprom_programme.o(.text.MCAL_EEPROM_Software_Reset) for [Anonymous Symbol]
    eeprom_programme.o(.text.MCAL_EEPROM_Fix_Error) refers to stk_program.o(.text.MCAL_STK_Delay_ms) for MCAL_STK_Delay_ms
    eeprom_programme.o(.text.MCAL_EEPROM_Fix_Error) refers to eeprom_programme.o(.text.MCAL_EEPROM_Software_Reset) for MCAL_EEPROM_Software_Reset
    eeprom_programme.o(.ARM.exidx.text.MCAL_EEPROM_Fix_Error) refers to eeprom_programme.o(.text.MCAL_EEPROM_Fix_Error) for [Anonymous Symbol]
    eeprom_programme.o(.ARM.exidx.text.delay) refers to eeprom_programme.o(.text.delay) for [Anonymous Symbol]
    eeprom_programme.o(.ARM.exidx.text.MCAL_EEPROM_Config_BlockOffset) refers to eeprom_programme.o(.text.MCAL_EEPROM_Config_BlockOffset) for [Anonymous Symbol]
    eeprom_programme.o(.text.MCAL_EEPROM_Read) refers to eeprom_programme.o(.text.MCAL_EEPROM_Config_BlockOffset) for MCAL_EEPROM_Config_BlockOffset
    eeprom_programme.o(.ARM.exidx.text.MCAL_EEPROM_Read) refers to eeprom_programme.o(.text.MCAL_EEPROM_Read) for [Anonymous Symbol]
    eeprom_programme.o(.text.MCAL_EEPROM_Write) refers to eeprom_programme.o(.text.MCAL_EEPROM_Config_BlockOffset) for MCAL_EEPROM_Config_BlockOffset
    eeprom_programme.o(.ARM.exidx.text.MCAL_EEPROM_Write) refers to eeprom_programme.o(.text.MCAL_EEPROM_Write) for [Anonymous Symbol]
    eeprom_programme.o(.ARM.exidx.text.MCAL_EEPROM_Mass_Erase) refers to eeprom_programme.o(.text.MCAL_EEPROM_Mass_Erase) for [Anonymous Symbol]
    gpio_proggramm.o(.ARM.exidx.text.MCAL_GPIO_INIT) refers to gpio_proggramm.o(.text.MCAL_GPIO_INIT) for [Anonymous Symbol]
    gpio_proggramm.o(.ARM.exidx.text.MCAL_GPIO_SetPinMode) refers to gpio_proggramm.o(.text.MCAL_GPIO_SetPinMode) for [Anonymous Symbol]
    gpio_proggramm.o(.ARM.exidx.text.MCAL_GPIO_SetPinValue) refers to gpio_proggramm.o(.text.MCAL_GPIO_SetPinValue) for [Anonymous Symbol]
[...]
    $v0                                      0x00005428   Number         0  ddiv.o(x$fpl$ddiv)
    x$fpl$ddiv                               0x00005428   Section      688  ddiv.o(x$fpl$ddiv)
    ddiv_entry                               0x0000542f   Thumb Code     0  ddiv.o(x$fpl$ddiv)
    $v0                                      0x000056d8   Number         0  deqf.o(x$fpl$deqf)
    x$fpl$deqf                               0x000056d8   Section      120  deqf.o(x$fpl$deqf)
    $v0                                      0x00005750   Number         0  dfix.o(x$fpl$dfix)
    x$fpl$dfix                               0x00005750   Section       94  dfix.o(x$fpl$dfix)
    $v0                                      0x000057b0   Number         0  dfixu.o(x$fpl$dfixu)
    x$fpl$dfixu                              0x000057b0   Section       90  dfixu.o(x$fpl$dfixu)
    $v0                                      0x0000580a   Number         0  dflt_clz.o(x$fpl$dflt)
    x$fpl$dflt                               0x0000580a   Section       46  dflt_clz.o(x$fpl$dflt)
    $v0                                      0x00005838   Number         0  dflt_clz.o(x$fpl$dfltu)
    x$fpl$dfltu                              0x00005838   Section       38  dflt_clz.o(x$fpl$dfltu)
    $v0                                      0x00005860   Number         0  dgeqf.o(x$fpl$dgeqf)
    x$fpl$dgeqf                              0x00005860   Section      120  dgeqf.o(x$fpl$dgeqf)
    $v0                                      0x000058d8   Number         0  dleqf.o(x$fpl$dleqf)
    x$fpl$dleqf                              0x000058d8   Section      120  dleqf.o(x$fpl$dleqf)
    $v0                                      0x00005950   Number         0  dmul.o(x$fpl$dmul)
    x$fpl$dmul                               0x00005950   Section      340  dmul.o(x$fpl$dmul)
    $v0                                      0x00005aa4   Number         0  dnaninf.o(x$fpl$dnaninf)
    x$fpl$dnaninf                            0x00005aa4   Section      156  dnaninf.o(x$fpl$dnaninf)
    $v0                                      0x00005b40   Number         0  dretinf.o(x$fpl$dretinf)
    x$fpl$dretinf                            0x00005b40   Section       12  dretinf.o(x$fpl$dretinf)
    $v0                                      0x00005b4c   Number         0  drleqf.o(x$fpl$drleqf)
    x$fpl$drleqf                             0x00005b4c   Section      108  drleqf.o(x$fpl$drleqf)
    $v0                                      0x00005bb8   Number         0  daddsub_clz.o(x$fpl$drsb)
    x$fpl$drsb                               0x00005bb8   Section       22  daddsub_clz.o(x$fpl$drsb)
    $v0                                      0x00005bd0   Number         0  dsqrt_umaal.o(x$fpl$dsqrt)
    x$fpl$dsqrt                              0x00005bd0   Section      408  dsqrt_umaal.o(x$fpl$dsqrt)
    $v0                                      0x00005d68   Number         0  daddsub_clz.o(x$fpl$dsub)
    x$fpl$dsub                               0x00005d68   Section      468  daddsub_clz.o(x$fpl$dsub)
    _dsub1                                   0x00005d79   Thumb Code     0  daddsub_clz.o(x$fpl$dsub)
    $v0                                      0x00005f3c   Number         0  f2d.o(x$fpl$f2d)
    x$fpl$f2d                                0x00005f3c   Section       86  f2d.o(x$fpl$f2d)
    $v0                                      0x00005f92   Number         0  dcmp.o(x$fpl$fcmp)
    x$fpl$fcmp                               0x00005f92   Section       84  dcmp.o(x$fpl$fcmp)
    $v0                                      0x00005fe6   Number         0  fnaninf.o(x$fpl$fnaninf)
    x$fpl$fnaninf                            0x00005fe6   Section      140  fnaninf.o(x$fpl$fnaninf)
    $v0                                      0x00006072   Number         0  fpinit.o(x$fpl$fpinit)
    x$fpl$fpinit                             0x00006072   Section       26  fpinit.o(x$fpl$fpinit)
    $v0                                      0x0000608c   Number         0  fretinf.o(x$fpl$fretinf)
    x$fpl$fretinf                            0x0000608c   Section       10  fretinf.o(x$fpl$fretinf)
    $v0                                      0x00006096   Number         0  istatus.o(x$fpl$ieeestatus)
    x$fpl$ieeestatus                         0x00006096   Section        6  istatus.o(x$fpl$ieeestatus)
    $v0                                      0x0000609c   Number         0  printf1.o(x$fpl$printf1)
    x$fpl$printf1                            0x0000609c   Section        4  printf1.o(x$fpl$printf1)
    $v0                                      0x000060a0   Number         0  retnan.o(x$fpl$retnan)
    x$fpl$retnan                             0x000060a0   Section      100  retnan.o(x$fpl$retnan)
    $v0                                      0x00006104   Number         0  scalbn.o(x$fpl$scalbn)
    x$fpl$scalbn                             0x00006104   Section       92  scalbn.o(x$fpl$scalbn)
    $v0                                      0x00006160   Number         0  scanf1.o(x$fpl$scanf1)
    x$fpl$scanf1                             0x00006160   Section        4  scanf1.o(x$fpl$scanf1)
    $v0                                      0x00006164   Number         0  scanf2.o(x$fpl$scanf2)
    x$fpl$scanf2                             0x00006164   Section        8  scanf2.o(x$fpl$scanf2)
    $v0                                      0x0000616c   Number         0  trapv.o(x$fpl$trapveneer)
    x$fpl$trapveneer                         0x0000616c   Section       48  trapv.o(x$fpl$trapveneer)
    x$fpl$usenofp                            0x0000619c   Section        0  usenofp.o(x$fpl$usenofp)
    bp                                       0x000061a0   Data          16  pow.o(.constdata)
    .constdata                               0x000061a0   Section      136  pow.o(.constdata)
    dp_h                                     0x000061b0   Data          16  pow.o(.constdata)
    dp_l                                     0x000061c0   Data          16  pow.o(.constdata)
    L                                        0x000061d0   Data          48  pow.o(.constdata)
    P                                        0x00006200   Data          40  pow.o(.constdata)
    atanhi                                   0x00006228   Data          32  atan.o(.constdata)
    .constdata                               0x00006228   Section      152  atan.o(.constdata)
    atanlo                                   0x00006248   Data          32  atan.o(.constdata)
    aTodd                                    0x00006268   Data          40  atan.o(.constdata)
    aTeven                                   0x00006290   Data          48  atan.o(.constdata)
    C                                        0x000062c0   Data          48  cos_i.o(.constdata)
    .constdata                               0x000062c0   Section       48  cos_i.o(.constdata)
    .constdata                               0x000062f0   Section        8  qnan.o(.constdata)
    pio2s                                    0x000062f8   Data          48  rred.o(.constdata)
    .constdata                               0x000062f8   Section      204  rred.o(.constdata)
    twooverpi                                0x00006328   Data         156  rred.o(.constdata)
    S                                        0x000063c8   Data          40  sin_i.o(.constdata)
    .constdata                               0x000063c8   Section       40  sin_i.o(.constdata)
    tenpwrs_x                                0x000063f0   Data          60  bigflt0.o(.constdata)
    .constdata                               0x000063f0   Section      148  bigflt0.o(.constdata)
    tenpwrs_i                                0x0000642c   Data          64  bigflt0.o(.constdata)
    .L.str.1                                 0x00006484   Data          14  main.o(.rodata.str1.1)
    [Anonymous Symbol]                       0x00006484   Section        0  main.o(.rodata.str1.1)
    .L.str                                   0x00006492   Data           2  gps.o(.rodata.str1.1)
    [Anonymous Symbol]                       0x00006492   Section        0  gps.o(.rodata.str1.1)
    c$$dinf                                  0x000064b4   Section        8  fpconst.o(c$$dinf)
    c$$dmax                                  0x000064bc   Section        8  fpconst.o(c$$dmax)
    locale$$data                             0x000064c4   Section       28  lc_numeric_c.o(locale$$data)
    __lcnum_c_name                           0x000064c8   Data           2  lc_numeric_c.o(locale$$data)
    __lcnum_c_start                          0x000064d0   Data           0  lc_numeric_c.o(locale$$data)
    __lcnum_c_point                          0x000064dc   Data           0  lc_numeric_c.o(locale$$data)
    __lcnum_c_thousands                      0x000064de   Data           0  lc_numeric_c.o(locale$$data)
    __lcnum_c_grouping                       0x000064df   Data           0  lc_numeric_c.o(locale$$data)
    __lcnum_c_end                            0x000064e0   Data           0  lc_numeric_c.o(locale$$data)
    locale$$data                             0x000064e0   Section      272  lc_ctype_c.o(locale$$data)
    __lcctype_c_name                         0x000064e4   Data           2  lc_ctype_c.o(locale$$data)
    __lcctype_c_start                        0x000064ec   Data           0  lc_ctype_c.o(locale$$data)
    __lcctype_c_end                          0x000065f0   Data           0  lc_ctype_c.o(locale$$data)
    .bss                                     0x20000008   Section       96  libspace.o(.bss)
    Heap_Mem                                 0x20000108   Data           0  startup_tm4c123.o(HEAP)
    Stack_Mem                                0x20000108   Data         512  startup_tm4c123.o(STACK)
    HEAP                                     0x20000108   Section        0  startup_tm4c123.o(HEAP)
    STACK                                    0x20000108   Section      512  startup_tm4c123.o(STACK)
    __initial_sp                             0x20000308   Data           0  startup_tm4c123.o(STACK)

    Global Symbols

    Symbol Name                              Value     Ov Type        Size  Object(Section)

    BuildAttributes$$THM_ISAv4$E$P$D$K$B$S$7EM$VFPi3$EXTD16$VFPS$VFMA$PE$A:L22UL41UL21$X:L11$S22US41US21$IEEE1$IW$~IW$USESV6$~STKCKD$USESV7$~SHL$OTIME$ROPI$IEEEX$EBA8$UX$STANDARDLIB$REQ8$PRES8$EABIv2 0x00000000   Number         0  anon$$obj.o ABSOLUTE
    __Vectors                                0x00000000   Data           4  startup_tm4c123.o(RESET)
    _printf_flags                            0x00000000   Number         0  printf_stubs.o ABSOLUTE
    _printf_return_value                     0x00000000   Number         0  printf_stubs.o ABSOLUTE
    _printf_sizespec                         0x00000000   Number         0  printf_stubs.o ABSOLUTE
    _printf_widthprec                        0x00000000   Number         0  printf_stubs.o ABSOLUTE
    __ARM_exceptions_init                     - Undefined Weak Reference
    __alloca_initialize                       - Undefined Weak Reference
    __arm_preinit_                            - Undefined Weak Reference
    __cpp_initialize__aeabi_                  - Undefined Weak Reference
    __cxa_finalize                            - Undefined Weak Reference
    __sigvec_lookup                           - Undefined Weak Reference
    _atexit_init                              - Undefined Weak Reference
    _call_atexit_fns                          - Undefined Weak Reference
    _clock_init                               - Undefined Weak Reference
    _fp_trap_init                             - Undefined Weak Reference
    _fp_trap_shutdown                         - Undefined Weak Reference
    _get_lc_collate                           - Undefined Weak Reference
    _get_lc_monetary                          - Undefined Weak Reference
    _get_lc_time                              - Undefined Weak Reference
    _getenv_init                              - Undefined Weak Reference
    _handle_redirection                       - Undefined Weak Reference
    _init_alloc                               - Undefined Weak Reference
    _init_user_alloc                          - Undefined Weak Reference
    _initio                                   - Undefined Weak Reference
    _printf_post_padding                      - Undefined Weak Reference
    _printf_pre_padding                       - Undefined Weak Reference
    _printf_truncate_signed                   - Undefined Weak Reference
    _printf_truncate_unsigned                 - Undefined Weak Reference
    _rand_init                                - Undefined Weak Reference
    _signal_finish                            - Undefined Weak Reference
    _signal_init                              - Undefined Weak Reference
    _terminate_alloc                          - Undefined Weak Reference
    _terminate_user_alloc                     - Undefined Weak Reference
    _terminateio                              - Undefined Weak Reference
    __Vectors_End                            0x0000026c   Data           0  startup_tm4c123.o(RESET)
    __Vectors_Size                           0x0000026c   Number         0  startup_tm4c123.o ABSOLUTE
    __main                                   0x0000026d   Thumb Code     8  __main.o(!!!main)
    __scatterload                            0x00000275   Thumb Code     0  __scatter.o(!!!scatter)
    __scatterload_rt2                        0x00000275   Thumb Code    44  __scatter.o(!!!scatter)
    __scatterload_rt2_thumb_only             0x00000275   Thumb Code     0  __scatter.o(!!!scatter)
    __scatterload_null                       0x00000283   Thumb Code     0  __scatter.o(!!!scatter)
    __scatterload_copy                       0x000002a9   Thumb Code    26  __scatter_copy.o(!!handler_copy)
    __scatterload_zeroinit                   0x000002c5   Thumb Code    28  __scatter_zi.o(!!handler_zi)
    _printf_f                                0x000002e1   Thumb Code     0  _printf_f.o(.ARM.Collect$$_printf_percent$$00000003)
    _printf_percent                          0x000002e1   Thumb Code     0  _printf_percent.o(.ARM.Collect$$_printf_percent$$00000000)
    _printf_d                                0x000002e7   Thumb Code     0  _printf_d.o(.ARM.Collect$$_printf_percent$$00000009)
    _printf_percent_end                      0x000002ed   Thumb Code     0  _printf_percent_end.o(.ARM.Collect$$_printf_percent$$00000017)
    __rt_lib_init                            0x000002f1   Thumb Code     0  libinit.o(.ARM.Collect$$libinit$$00000000)
    __rt_lib_init_fp_1                       0x000002f3   Thumb Code     0  libinit2.o(.ARM.Collect$$libinit$$00000001)
    __rt_lib_init_heap_1                     0x000002f7   Thumb Code     0  libinit2.o(.ARM.Collect$$libinit$$0000000A)
    __rt_lib_init_lc_common                  0x000002f7   Thumb Code     0  libinit2.o(.ARM.Collect$$libinit$$0000000F)
    __rt_lib_init_preinit_1                  0x000002f7   Thumb Code     0  libinit2.o(.ARM.Collect$$libinit$$00000004)
    __rt_lib_init_rand_1                     0x000002f7   Thumb Code     0  libinit2.o(.ARM.Collect$$libinit$$0000000E)
    __rt_lib_init_user_alloc_1               0x000002f7   Thumb Code     0  libinit2.o(.ARM.Collect$$libinit$$0000000C)
    __rt_lib_init_lc_collate_1               0x000002fd   Thumb Code     0  libinit2.o(.ARM.Collect$$libinit$$00000011)
    __rt_lib_init_lc_ctype_2                 0x000002fd   Thumb Code     0  libinit2.o(.ARM.Collect$$libinit$$00000012)
    __rt_lib_init_lc_ctype_1                 0x00000309   Thumb Code     0  libinit2.o(.ARM.Collect$$libinit$$00000013)
    __rt_lib_init_lc_monetary_1              0x00000309   Thumb Code     0  libinit2.o(.ARM.Collect$$libinit$$00000015)
    __rt_lib_init_lc_numeric_2               0x00000309   Thumb Code     0  libinit2.o(.ARM.Collect$$libinit$$00000016)
    __rt_lib_init_alloca_1                   0x00000313   Thumb Code     0  libinit2.o(.ARM.Collect$$libinit$$0000002E)
    __rt_lib_init_argv_1                     0x00000313   Thumb Code     0  libinit2.o(.ARM.Collect$$libinit$$0000002C)
    __rt_lib_init_atexit_1                   0x00000313   Thumb Code     0  libinit2.o(.ARM.Collect$$libinit$$0000001B)
    __rt_lib_init_clock_1                    0x00000313   Thumb Code     0  libinit2.o(.ARM.Collect$$libinit$$00000021)
    __rt_lib_init_cpp_1                      0x00000313   Thumb Code     0  libinit2.o(.ARM.Collect$$libinit$$00000032)
    __rt_lib_init_exceptions_1               0x00000313   Thumb Code     0  libinit2.o(.ARM.Collect$$libinit$$00000030)
    __rt_lib_init_fp_trap_1                  0x00000313   Thumb Code     0  libinit2.o(.ARM.Collect$$libinit$$0000001F)
    __rt_lib_init_getenv_1                   0x00000313   Thumb Code     0  libinit2.o(.ARM.Collect$$libinit$$00000023)
    __rt_lib_init_lc_numeric_1               0x00000313   Thumb Code     0  libinit2.o(.ARM.Collect$$libinit$$00000017)
    __rt_lib_init_lc_time_1                  0x00000313   Thumb Code     0  libinit2.o(.ARM.Collect$$libinit$$00000019)
    __rt_lib_init_return                     0x00000313   Thumb Code     0  libinit2.o(.ARM.Collect$$libinit$$00000033)
    __rt_lib_init_signal_1                   0x00000313   Thumb Code     0  libinit2.o(.ARM.Collect$$libinit$$0000001D)
    __rt_lib_init_stdio_1                    0x00000313   Thumb Code     0  libinit2.o(.ARM.Collect$$libinit$$00000025)
    __rt_lib_shutdown                        0x00000315   Thumb Code     0  libshutdown.o(.ARM.Collect$$libshutdown$$00000000)
    __rt_lib_shutdown_cpp_1                  0x00000317   Thumb Code     0  libshutdown2.o(.ARM.Collect$$libshutdown$$00000002)
    __rt_lib_shutdown_fp_trap_1              0x00000317   Thumb Code     0  libshutdown2.o(.ARM.Collect$$libshutdown$$00000007)
    __rt_lib_shutdown_heap_1                 0x00000317   Thumb Code     0  libshutdown2.o(.ARM.Collect$$libshutdown$$0000000F)
    __rt_lib_shutdown_return                 0x00000317   Thumb Code     0  libshutdown2.o(.ARM.Collect$$libshutdown$$00000010)
    __rt_lib_shutdown_signal_1               0x00000317   Thumb Code     0  libshutdown2.o(.ARM.Collect$$libshutdown$$0000000A)
    __rt_lib_shutdown_stdio_1                0x00000317   Thumb Code     0  libshutdown2.o(.ARM.Collect$$libshutdown$$00000004)
    __rt_lib_shutdown_user_alloc_1           0x00000317   Thumb Code     0  libshutdown2.o(.ARM.Collect$$libshutdown$$0000000C)
    __rt_entry                               0x00000319   Thumb Code     0  __rtentry.o(.ARM.Collect$$rtentry$$00000000)
    __rt_entry_presh_1                       0x00000319   Thumb Code     0  __rtentry2.o(.ARM.Collect$$rtentry$$00000002)
    __rt_entry_sh                            0x00000319   Thumb Code     0  __rtentry4.o(.ARM.Collect$$rtentry$$00000004)
    __rt_entry_li                            0x0000031f   Thumb Code     0  __rtentry2.o(.ARM.Collect$$rtentry$$0000000A)
    __rt_entry_postsh_1                      0x0000031f   Thumb Code     0  __rtentry2.o(.ARM.Collect$$rtentry$$00000009)
    __rt_entry_main                          0x00000323   Thumb Code     0  __rtentry2.o(.ARM.Collect$$rtentry$$0000000D)
    __rt_entry_postli_1                      0x00000323   Thumb Code     0  __rtentry2.o(.ARM.Collect$$rtentry$$0000000C)
    __rt_exit                                0x0000032b   Thumb Code     0  rtexit.o(.ARM.Collect$$rtexit$$00000000)
    __rt_exit_ls                             0x0000032d   Thumb Code     0  rtexit2.o(.ARM.Collect$$rtexit$$00000003)
    __rt_exit_prels_1                        0x0000032d   Thumb Code     0  rtexit2.o(.ARM.Collect$$rtexit$$00000002)
    __rt_exit_exit                           0x00000331   Thumb Code     0  rtexit2.o(.ARM.Collect$$rtexit$$00000004)
    Reset_Handler                            0x00000339   Thumb Code     8  startup_tm4c123.o(.text)
    NMI_Handler                              0x00000341   Thumb Code     2  startup_tm4c123.o(.text)
    HardFault_Handler                        0x00000343   Thumb Code     2  startup_tm4c123.o(.text)
    MemManage_Handler                        0x00000345   Thumb Code     2  startup_tm4c123.o(.text)
    BusFault_Handler                         0x00000347   Thumb Code     2  startup_tm4c123.o(.text)
    UsageFault_Handler                       0x00000349   Thumb Code     2  startup_tm4c123.o(.text)
    SVC_Handler                              0x0000034b   Thumb Code     2  startup_tm4c123.o(.text)
    DebugMon_Handler                         0x0000034d   Thumb Code     2  startup_tm4c123.o(.text)
    PendSV_Handler                           0x0000034f   Thumb Code     2  startup_tm4c123.o(.text)
    SysTick_Handler                          0x00000351   Thumb Code     2  startup_tm4c123.o(.text)
    GPIOA_Handler                            0x00000353   Thumb Code     2  startup_tm4c123.o(.text)
    GPIOB_Handler                            0x00000355   Thumb Code     2  startup_tm4c123.o(.text)
    GPIOC_Handler                            0x00000357   Thumb Code     2  startup_tm4c123.o(.text)
    GPIOD_Handler                            0x00000359   Thumb Code     2  startup_tm4c123.o(.text)
    GPIOE_Handler                            0x0000035b   Thumb Code     2  startup_tm4c123.o(.text)
    UART0_Handler                            0x0000035d   Thumb Code     2  startup_tm4c123.o(.text)
    UART1_Handler                            0x0000035f   Thumb Code     2  startup_tm4c123.o(.text)
    SSI0_Handler                             0x00000361   Thumb Code     2  startup_tm4c123.o(.text)
    I2C0_Handler                             0x00000363   Thumb Code     2  startup_tm4c123.o(.text)
    PMW0_FAULT_Handler                       0x00000365   Thumb Code     2  startup_tm4c123.o(.text)
    PWM0_0_Handler                           0x00000367   Thumb Code     2  startup_tm4c123.o(.text)
    PWM0_1_Handler                           0x00000369   Thumb Code     2  startup_tm4c123.o(.text)
    PWM0_2_Handler                           0x0000036b   Thumb Code     2  startup_tm4c123.o(.text)
    QEI0_Handler                             0x0000036d   Thumb Code     2  startup_tm4c123.o(.text)
    ADC0SS0_Handler                          0x0000036f   Thumb Code     2  startup_tm4c123.o(.text)
    ADC0SS1_Handler                          0x00000371   Thumb Code     2  startup_tm4c123.o(.text)
    ADC0SS2_Handler                          0x00000373   Thumb Code     2  startup_tm4c123.o(.text)
    ADC0SS3_Handler                          0x00000375   Thumb Code     2  startup_tm4c123.o(.text)
    WDT0_Handler                             0x00000377   Thumb Code     2  startup_tm4c123.o(.text)
    TIMER0A_Handler                          0x00000379   Thumb Code     2  startup_tm4c123.o(.text)
    TIMER0B_Handler                          0x0000037b   Thumb Code     2  startup_tm4c123.o(.text)
    TIMER1A_Handler                          0x0000037d   Thumb Code     2  startup_tm4c123.o(.text)
    TIMER1B_Handler                          0x0000037f   Thumb Code     2  startup_tm4c123.o(.text)
    TIMER2A_Handler                          0x00000381   Thumb Code     2  startup_tm4c123.o(.text)
    TIMER2B_Handler                          0x00000383   Thumb Code     2  startup_tm4c123.o(.text)
    COMP0_Handler                            0x00000385   Thumb Code     2  startup_tm4c123.o(.text)
    COMP1_Handler                            0x00000387   Thumb Code     2  startup_tm4c123.o(.text)
    COMP2_Handler                            0x00000389   Thumb Code     2  startup_tm4c123.o(.text)
    SYSCTL_Handler                           0x0000038b   Thumb Code     2  startup_tm4c123.o(.text)
    FLASH_Handler                            0x0000038d   Thumb Code     2  startup_tm4c123.o(.text)
    GPIOF_Handler                            0x0000038f   Thumb Code     2  startup_tm4c123.o(.text)
    GPIOG_Handler                            0x00000391   Thumb Code     2  startup_tm4c123.o(.text)
    GPIOH_Handler                            0x00000393   Thumb Code     2  startup_tm4c123.o(.text)
    UART2_Handler                            0x00000395   Thumb Code     2  startup_tm4c123.o(.text)
    SSI1_Handler                             0x00000397   Thumb Code     2  startup_tm4c123.o(.text)
    TIMER3A_Handler                          0x00000399   Thumb Code     2  startup_tm4c123.o(.text)
    TIMER3B_Handler                          0x0000039b   Thumb Code     2  startup_tm4c123.o(.text)
    I2C1_Handler                             0x0000039d   Thumb Code     2  startup_tm4c123.o(.text)
    QEI1_Handler                             0x0000039f   Thumb Code     2  startup_tm4c123.o(.text)
    CAN0_Handler                             0x000003a1   Thumb Code     2  startup_tm4c123.o(.text)
    CAN1_Handler                             0x000003a3   Thumb Code     2  startup_tm4c123.o(.text)
    CAN2_Handler                             0x000003a5   Thumb Code     2  startup_tm4c123.o(.text)
    HIB_Handler                              0x000003a7   Thumb Code     2  startup_tm4c123.o(.text)
    USB0_Handler                             0x000003a9   Thumb Code     2  startup_tm4c123.o(.text)
    PWM0_3_Handler                           0x000003ab   Thumb Code     2  startup_tm4c123.o(.text)
    UDMA_Handler                             0x000003ad   Thumb Code     2  startup_tm4c123.o(.text)
    UDMAERR_Handler                          0x000003af   Thumb Code     2  startup_tm4c123.o(.text)
    ADC1SS0_Handler                          0x000003b1   Thumb Code     2  startup_tm4c123.o(.text)
    ADC1SS1_Handler                          0x000003b3   Thumb Code     2  startup_tm4c123.o(.text)
    ADC1SS2_Handler                          0x000003b5   Thumb Code     2  startup_tm4c123.o(.text)
    ADC1SS3_Handler                          0x000003b7   Thumb Code     2  startup_tm4c123.o(.text)
    GPIOJ_Handler                            0x000003b9   Thumb Code     2  startup_tm4c123.o(.text)
    GPIOK_Handler                            0x000003bb   Thumb Code     2  startup_tm4c123.o(.text)
    GPIOL_Handler                            0x000003bd   Thumb Code     2  startup_tm4c123.o(.text)
    SSI2_Handler                             0x000003bf   Thumb Code     2  startup_tm4c123.o(.text)
    SSI3_Handler                             0x000003c1   Thumb Code     2  startup_tm4c123.o(.text)
    UART3_Handler                            0x000003c3   Thumb Code     2  startup_tm4c123.o(.text)
    UART4_Handler                            0x000003c5   Thumb Code     2  startup_tm4c123.o(.text)
    UART5_Handler                            0x000003c7   Thumb Code     2  startup_tm4c123.o(.text)
    UART6_Handler                            0x000003c9   Thumb Code     2  startup_tm4c123.o(.text)
    UART7_Handler                            0x000003cb   Thumb Code     2  startup_tm4c123.o(.text)
    I2C2_Handler                             0x000003cd   Thumb Code     2  startup_tm4c123.o(.text)
    I2C3_Handler                             0x000003cf   Thumb Code     2  startup_tm4c123.o(.text)
    TIMER4A_Handler                          0x000003d1   Thumb Code     2  startup_tm4c123.o(.text)
    TIMER4B_Handler                          0x000003d3   Thumb Code     2  startup_tm4c123.o(.text)
    TIMER5A_Handler                          0x000003d5   Thumb Code     2  startup_tm4c123.o(.text)
    TIMER5B_Handler                          0x000003d7   Thumb Code     2  startup_tm4c123.o(.text)
    WTIMER0A_Handler                         0x000003d9   Thumb Code     2  startup_tm4c123.o(.text)
    WTIMER0B_Handler                         0x000003db   Thumb Code     2  startup_tm4c123.o(.text)
    WTIMER1A_Handler                         0x000003dd   Thumb Code     2  startup_tm4c123.o(.text)
    WTIMER1B_Handler                         0x000003df   Thumb Code     2  startup_tm4c123.o(.text)
    WTIMER2A_Handler                         0x000003e1   Thumb Code     2  startup_tm4c123.o(.text)
    WTIMER2B_Handler                         0x000003e3   Thumb Code     2  startup_tm4c123.o(.text)
    WTIMER3A_Handler                         0x000003e5   Thumb Code     2  startup_tm4c123.o(.text)
    WTIMER3B_Handler                         0x000003e7   Thumb Code     2  startup_tm4c123.o(.text)
    WTIMER4A_Handler                         0x000003e9   Thumb Code     2  startup_tm4c123.o(.text)
    WTIMER4B_Handler                         0x000003eb   Thumb Code     2  startup_tm4c123.o(.text)
    WTIMER5A_Handler                         0x000003ed   Thumb Code     2  startup_tm4c123.o(.text)
    WTIMER5B_Handler                         0x000003ef   Thumb Code     2  startup_tm4c123.o(.text)
    FPU_Handler                              0x000003f1   Thumb Code     2  startup_tm4c123.o(.text)
    I2C4_Handler                             0x000003f3   Thumb Code     2  startup_tm4c123.o(.text)
    I2C5_Handler                             0x000003f5   Thumb Code     2  startup_tm4c123.o(.text)
    GPIOM_Handler                            0x000003f7   Thumb Code     2  startup_tm4c123.o(.text)
    GPION_Handler                            0x000003f9   Thumb Code     2  startup_tm4c123.o(.text)
    QEI2_Handler                             0x000003fb   Thumb Code     2  startup_tm4c123.o(.text)
    GPIOP0_Handler                           0x000003fd   Thumb Code     2  startup_tm4c123.o(.text)
    GPIOP1_Handler                           0x000003ff   Thumb Code     2  startup_tm4c123.o(.text)
    GPIOP2_Handler                           0x00000401   Thumb Code     2  startup_tm4c123.o(.text)
    GPIOP3_Handler                           0x00000403   Thumb Code     2  startup_tm4c123.o(.text)
    GPIOP4_Handler                           0x00000405   Thumb Code     2  startup_tm4c123.o(.text)
    GPIOP5_Handler                           0x00000407   Thumb Code     2  startup_tm4c123.o(.text)
    GPIOP6_Handler                           0x00000409   Thumb Code     2  startup_tm4c123.o(.text)
    GPIOP7_Handler                           0x0000040b   Thumb Code     2  startup_tm4c123.o(.text)
    GPIOQ0_Handler                           0x0000040d   Thumb Code     2  startup_tm4c123.o(.text)
    GPIOQ1_Handler                           0x0000040f   Thumb Code     2  startup_tm4c123.o(.text)
    GPIOQ2_Handler                           0x00000411   Thumb Code     2  startup_tm4c123.o(.text)
    GPIOQ3_Handler                           0x00000413   Thumb Code     2  startup_tm4c123.o(.text)
    GPIOQ4_Handler                           0x00000415   Thumb Code     2  startup_tm4c123.o(.text)
    GPIOQ5_Handler                           0x00000417   Thumb Code     2  startup_tm4c123.o(.text)
    GPIOQ6_Handler                           0x00000419   Thumb Code     2  startup_tm4c123.o(.text)
    GPIOQ7_Handler                           0x0000041b   Thumb Code     2  startup_tm4c123.o(.text)
    GPIOR_Handler                            0x0000041d   Thumb Code     2  startup_tm4c123.o(.text)
    GPIOS_Handler                            0x0000041f   Thumb Code     2  startup_tm4c123.o(.text)
    PMW1_0_Handler                           0x00000421   Thumb Code     2  startup_tm4c123.o(.text)
    PWM1_1_Handler                           0x00000423   Thumb Code     2  startup_tm4c123.o(.text)
    PWM1_2_Handler                           0x00000425   Thumb Code     2  startup_tm4c123.o(.text)
    PWM1_3_Handler                           0x00000427   Thumb Code     2  startup_tm4c123.o(.text)
    PWM1_FAULT_Handler                       0x00000429   Thumb Code     2  startup_tm4c123.o(.text)
    __user_initial_stackheap                 0x0000042d   Thumb Code     0  startup_tm4c123.o(.text)
    __2sprintf                               0x0000044d   Thumb Code    34  noretval__2sprintf.o(.text)
    __2snprintf                              0x00000475   Thumb Code    48  noretval__2snprintf.o(.text)
    _printf_int_dec                          0x000004a9   Thumb Code   104  _printf_dec.o(.text)
    __printf                                 0x00000521   Thumb Code   270  __printf_wp.o(.text)
    _strtok_r                                0x0000062f   Thumb Code     4  strtok_r.o(.text)
    strtok_r                                 0x0000062f   Thumb Code     0  strtok_r.o(.text)
    __use_two_region_memory                  0x00000633   Thumb Code     2  heapauxi.o(.text)
    __rt_heap_escrow$2region                 0x00000635   Thumb Code     2  heapauxi.o(.text)
    __rt_heap_expand$2region                 0x00000637   Thumb Code     2  heapauxi.o(.text)
    __read_errno                             0x00000639   Thumb Code    10  _rserrno.o(.text)
    __set_errno                              0x00000643   Thumb Code    12  _rserrno.o(.text)
    _printf_int_common                       0x0000064f   Thumb Code   178  _printf_intcommon.o(.text)
    _printf_fp_dec_real                      0x000008b1   Thumb Code   620  _printf_fp_dec.o(.text)
    _printf_char_common                      0x00000b27   Thumb Code    32  _printf_char_common.o(.text)
    _sputc                                   0x00000b4d   Thumb Code    10  _sputc.o(.text)
    _snputc                                  0x00000b57   Thumb Code    16  _snputc.o(.text)
    __strtod_int                             0x00000bad   Thumb Code    94  strtod.o(.text)
    __strtok_internal                        0x00000c19   Thumb Code    64  strtok_int.o(.text)
    __rt_locale                              0x00000c5d   Thumb Code     8  rt_locale_intlibspace.o(.text)
    __aeabi_errno_addr                       0x00000c65   Thumb Code     8  rt_errno_addr_intlibspace.o(.text)
    __errno$intlibspace                      0x00000c65   Thumb Code     0  rt_errno_addr_intlibspace.o(.text)
    __rt_errno_addr$intlibspace              0x00000c65   Thumb Code     0  rt_errno_addr_intlibspace.o(.text)
    _ll_udiv10                               0x00000c6d   Thumb Code   138  lludiv10.o(.text)
    isspace                                  0x00000cf7   Thumb Code    18  isspace.o(.text)
    _printf_fp_infnan                        0x00000d09   Thumb Code   112  _printf_fp_infnan.o(.text)
    _sgetc                                   0x00000d89   Thumb Code    30  _sgetc.o(.text)
    _sbackspace                              0x00000da7   Thumb Code    34  _sgetc.o(.text)
    _btod_etento                             0x00000dc9   Thumb Code   224  bigflt0.o(.text)
    strcspn                                  0x00000ead   Thumb Code    32  strcspn.o(.text)
    strspn                                   0x00000ecd   Thumb Code    28  strspn.o(.text)
    __user_libspace                          0x00000ee9   Thumb Code     8  libspace.o(.text)
    __user_perproc_libspace                  0x00000ee9   Thumb Code     0  libspace.o(.text)
    __user_perthread_libspace                0x00000ee9   Thumb Code     0  libspace.o(.text)
    __user_setup_stackheap                   0x00000ef1   Thumb Code    74  sys_stackheap_outer.o(.text)
    __rt_ctype_table                         0x00000f3d   Thumb Code    16  rt_ctype_table.o(.text)
    _scanf_really_real                       0x00001199   Thumb Code   684  scanf_fp.o(.text)
    exit                                     0x00001445   Thumb Code    18  exit.o(.text)
    strcmp                                   0x00001459   Thumb Code   124  strcmpv7em.o(.text)
    __aeabi_llsl                             0x000014d5   Thumb Code     0  llshl.o(.text)
    _ll_shift_l                              0x000014d5   Thumb Code    38  llshl.o(.text)
    _scanf_really_hex_real                   0x000014fd   Thumb Code   786  scanf_hexfp.o(.text)
    _scanf_really_infnan                     0x0000181d   Thumb Code   292  scanf_infnan.o(.text)
    _sys_exit                                0x00001951   Thumb Code     8  sys_exit.o(.text)
    _chval                                   0x0000195d   Thumb Code    28  _chval.o(.text)
    __I$use$semihosting                      0x00001979   Thumb Code     0  use_no_semi.o(.text)
    __use_no_semihosting_swi                 0x00001979   Thumb Code     2  use_no_semi.o(.text)
    __semihosting_library_function           0x0000197b   Thumb Code     0  indicate_semi.o(.text)
    APP_Compute_Distance                     0x00001981   Thumb Code   428  app.o(.text.APP_Compute_Distance)
    APP_Destination_Reached                  0x00001b2d   Thumb Code   164  app.o(.text.APP_Destination_Reached)
    APP_Float_To_Int                         0x00001bd1   Thumb Code    24  app.o(.text.APP_Float_To_Int)
    APP_LCD_Clear_Write                      0x00001be9   Thumb Code    24  app.o(.text.APP_LCD_Clear_Write)
    APP_LCD_Write                            0x00001c01   Thumb Code    20  app.o(.text.APP_LCD_Write)
    APP_Prompt_Dump_Read                     0x00001c15   Thumb Code    56  app.o(.text.APP_Prompt_Dump_Read)
    APP_Read_Point                           0x00001c4d   Thumb Code    34  app.o(.text.APP_Read_Point)
    APP_Send_Sentences                       0x00001c71   Thumb Code   212  app.o(.text.APP_Send_Sentences)
    APP_System_Init                          0x00001d45   Thumb Code    44  app.o(.text.APP_System_Init)
    APP_To_Degree                            0x00001d71   Thumb Code   132  app.o(.text.APP_To_Degree)
    APP_To_Radian                            0x00001df9   Thumb Code    40  app.o(.text.APP_To_Radian)
    APP_UART_INIT                            0x00001e21   Thumb Code    24  app.o(.text.APP_UART_INIT)
    APP_Write_Point                          0x00001e39   Thumb Code    40  app.o(.text.APP_Write_Point)
    HAL_GPS_Read                             0x00001e89   Thumb Code   124  gps.o(.text.HAL_GPS_Read)
    HAL_LCD_Clear                            0x00001f05   Thumb Code    10  lcd.o(.text.HAL_LCD_Clear)
    HAL_LCD_Init                             0x00001f11   Thumb Code    38  lcd.o(.text.HAL_LCD_Init)
    HAL_LCD_Send_CMD                         0x00001f39   Thumb Code    90  lcd.o(.text.HAL_LCD_Send_CMD)
    HAL_LCD_Send_Char                        0x00001f95   Thumb Code    90  lcd.o(.text.HAL_LCD_Send_Char)
    HAL_LCD_Send_Number                      0x00001ff1   Thumb Code    44  lcd.o(.text.HAL_LCD_Send_Number)
    HAL_LCD_Send_String                      0x0000201d   Thumb Code    34  lcd.o(.text.HAL_LCD_Send_String)
    HAL_LCD_XY                               0x00002041   Thumb Code    26  lcd.o(.text.HAL_LCD_XY)
    HAL_LEDS_INIT                            0x0000205d   Thumb Code    56  led.o(.text.HAL_LEDS_INIT)
    HAL_LED_SET                              0x00002095   Thumb Code    20  led.o(.text.HAL_LED_SET)
    HAL_SWITCH_GET                           0x000020a9   Thumb Code    36  switch.o(.text.HAL_SWITCH_GET)
    MCAL_EEPROM_Config_BlockOffset           0x00002141   Thumb Code    20  eeprom_programme.o(.text.MCAL_EEPROM_Config_BlockOffset)
    MCAL_EEPROM_Fix_Error                    0x00002155   Thumb Code    52  eeprom_programme.o(.text.MCAL_EEPROM_Fix_Error)
    MCAL_EEPROM_INIT                         0x00002189   Thumb Code    76  eeprom_programme.o(.text.MCAL_EEPROM_INIT)
    MCAL_EEPROM_Read                         0x000021d5   Thumb Code    26  eeprom_programme.o(.text.MCAL_EEPROM_Read)
    MCAL_EEPROM_Software_Reset               0x000021f1   Thumb Code    40  eeprom_programme.o(.text.MCAL_EEPROM_Software_Reset)
    MCAL_EEPROM_Write                        0x00002219   Thumb Code    26  eeprom_programme.o(.text.MCAL_EEPROM_Write)
    MCAL_GPIO_GetPinValue                    0x00002235   Thumb Code    30  gpio_proggramm.o(.text.MCAL_GPIO_GetPinValue)
    MCAL_GPIO_INIT                           0x00002255   Thumb Code    60  gpio_proggramm.o(.text.MCAL_GPIO_INIT)
    MCAL_GPIO_SetPinMode                     0x00002291   Thumb Code   142  gpio_proggramm.o(.text.MCAL_GPIO_SetPinMode)
    MCAL_GPIO_SetPinValue                    0x00002321   Thumb Code    38  gpio_proggramm.o(.text.MCAL_GPIO_SetPinValue)
    MCAL_STK_Delay_ms                        0x00002349   Thumb Code    28  stk_program.o(.text.MCAL_STK_Delay_ms)
    MCAL_UART_Init                           0x00002369   Thumb Code   216  uart_src.o(.text.MCAL_UART_Init)
    MCAL_UART_Receive_Byte_Poll              0x00002441   Thumb Code    16  uart_src.o(.text.MCAL_UART_Receive_Byte_Poll)
    MCAL_UART_Send_Byte_Poll                 0x00002451   Thumb Code    14  uart_src.o(.text.MCAL_UART_Send_Byte_Poll)
    MCAL_UART_Send_String                    0x00002461   Thumb Code    34  uart_src.o(.text.MCAL_UART_Send_String)
    STK_wait                                 0x000024c1   Thumb Code    34  stk_program.o(.text.STK_wait)
    SystemInit                               0x000024e5   Thumb Code   112  system_tm4c123.o(.text.SystemInit)
    delay_ms                                 0x00002785   Thumb Code    40  lcd.o(.text.delay_ms)
    main                                     0x000027b1   Thumb Code   500  main.o(.text.main)
    parse_GPS_data                           0x000029a5   Thumb Code   126  gps.o(.text.parse_GPS_data)
    _btod_d2e                                0x00002a23   Thumb Code    62  btod.o(CL$$btod_d2e)
    _d2e_denorm_low                          0x00002a61   Thumb Code    70  btod.o(CL$$btod_d2e_denorm_low)
    _d2e_norm_op1                            0x00002aa7   Thumb Code    96  btod.o(CL$$btod_d2e_norm_op1)
    __btod_div_common                        0x00002b07   Thumb Code   696  btod.o(CL$$btod_div_common)
    _e2d                                     0x00002e41   Thumb Code   122  btod.o(CL$$btod_e2d)
    _e2e                                     0x00002ec5   Thumb Code   220  btod.o(CL$$btod_e2e)
    _btod_ediv                               0x00002fa1   Thumb Code    42  btod.o(CL$$btod_ediv)
    _btod_edivd                              0x00002fcb   Thumb Code    42  btod.o(CL$$btod_edivd)
    _btod_emul                               0x00002ff5   Thumb Code    42  btod.o(CL$$btod_emul)
    _btod_emuld                              0x0000301f   Thumb Code    42  btod.o(CL$$btod_emuld)
    __btod_mult_common                       0x00003049   Thumb Code   580  btod.o(CL$$btod_mult_common)
    __ARM_fpclassify                         0x0000328d   Thumb Code    48  fpclassify.o(i.__ARM_fpclassify)
    __hardfp___mathlib_tofloat               0x000032c1   Thumb Code   232  narrow.o(i.__hardfp___mathlib_tofloat)
    __hardfp_atan                            0x000033b9   Thumb Code   622  atan.o(i.__hardfp_atan)
    __hardfp_atan2                           0x00003691   Thumb Code   448  atan2.o(i.__hardfp_atan2)
    __hardfp_atof                            0x00003891   Thumb Code    46  atof.o(i.__hardfp_atof)
    __hardfp_cos                             0x000038c9   Thumb Code   180  cos.o(i.__hardfp_cos)
    __hardfp_ldexp                           0x00003991   Thumb Code   200  ldexp.o(i.__hardfp_ldexp)
    __hardfp_pow                             0x00003a61   Thumb Code  3072  pow.o(i.__hardfp_pow)
    __hardfp_sin                             0x000046b1   Thumb Code   180  sin.o(i.__hardfp_sin)
    __hardfp_sqrt                            0x00004779   Thumb Code   122  sqrt.o(i.__hardfp_sqrt)
    __ieee754_rem_pio2                       0x000047f9   Thumb Code   938  rred.o(i.__ieee754_rem_pio2)
    __kernel_cos                             0x00004c31   Thumb Code   322  cos_i.o(i.__kernel_cos)
    __kernel_poly                            0x00004da1   Thumb Code   248  poly.o(i.__kernel_poly)
    __kernel_sin                             0x00004e99   Thumb Code   280  sin_i.o(i.__kernel_sin)
    __mathlib_dbl_divzero                    0x00004fc9   Thumb Code    28  dunder.o(i.__mathlib_dbl_divzero)
    __mathlib_dbl_infnan                     0x00004ff9   Thumb Code    20  dunder.o(i.__mathlib_dbl_infnan)
    __mathlib_dbl_infnan2                    0x0000500d   Thumb Code    20  dunder.o(i.__mathlib_dbl_infnan2)
    __mathlib_dbl_invalid                    0x00005021   Thumb Code    24  dunder.o(i.__mathlib_dbl_invalid)
    __mathlib_dbl_overflow                   0x00005041   Thumb Code    24  dunder.o(i.__mathlib_dbl_overflow)
    __mathlib_dbl_underflow                  0x00005061   Thumb Code    24  dunder.o(i.__mathlib_dbl_underflow)
    __mathlib_narrow                         0x00005081   Thumb Code    18  narrow.o(i.__mathlib_narrow)
    __support_ldexp                          0x00005093   Thumb Code    20  ldexp.o(i.__support_ldexp)
    _is_digit                                0x000050a7   Thumb Code    14  __printf_wp.o(i._is_digit)
    atan                                     0x000050b5   Thumb Code    16  atan.o(i.atan)
    fabs                                     0x000050c5   Thumb Code    24  fabs.o(i.fabs)
    frexp                                    0x000050e1   Thumb Code   118  frexp.o(i.frexp)
    sqrt                                     0x0000516d   Thumb Code   110  sqrt.o(i.sqrt)
    _get_lc_numeric                          0x000051dd   Thumb Code    44  lc_numeric_c.o(locale$$code)
    _get_lc_ctype                            0x00005209   Thumb Code    44  lc_ctype_c.o(locale$$code)
    __aeabi_dneg                             0x00005235   Thumb Code     0  basic.o(x$fpl$basic)
    _dneg                                    0x00005235   Thumb Code     6  basic.o(x$fpl$basic)
    __aeabi_fneg                             0x0000523b   Thumb Code     0  basic.o(x$fpl$basic)
    _fneg                                    0x0000523b   Thumb Code     6  basic.o(x$fpl$basic)
    _dabs                                    0x00005241   Thumb Code     6  basic.o(x$fpl$basic)
    _fabs                                    0x00005247   Thumb Code     6  basic.o(x$fpl$basic)
    __aeabi_d2f                              0x0000524d   Thumb Code     0  d2f.o(x$fpl$d2f)
    _d2f                                     0x0000524d   Thumb Code    98  d2f.o(x$fpl$d2f)
    __aeabi_dadd                             0x000052b1   Thumb Code     0  daddsub_clz.o(x$fpl$dadd)
    _dadd                                    0x000052b1   Thumb Code   332  daddsub_clz.o(x$fpl$dadd)
    __fpl_dcheck_NaN1                        0x00005401   Thumb Code    10  dcheck1.o(x$fpl$dcheck1)
    __fpl_dcmp_Inf                           0x00005411   Thumb Code    24  dcmpi.o(x$fpl$dcmpinf)
    __aeabi_ddiv                             0x00005429   Thumb Code     0  ddiv.o(x$fpl$ddiv)
    _ddiv                                    0x00005429   Thumb Code   552  ddiv.o(x$fpl$ddiv)
    __aeabi_cdcmpeq                          0x000056d9   Thumb Code     0  deqf.o(x$fpl$deqf)
    _dcmpeq                                  0x000056d9   Thumb Code   120  deqf.o(x$fpl$deqf)
    __aeabi_d2iz                             0x00005751   Thumb Code     0  dfix.o(x$fpl$dfix)
    _dfix                                    0x00005751   Thumb Code    94  dfix.o(x$fpl$dfix)
    __aeabi_d2uiz                            0x000057b1   Thumb Code     0  dfixu.o(x$fpl$dfixu)
    _dfixu                                   0x000057b1   Thumb Code    90  dfixu.o(x$fpl$dfixu)
    __aeabi_i2d                              0x0000580b   Thumb Code     0  dflt_clz.o(x$fpl$dflt)
    _dflt                                    0x0000580b   Thumb Code    46  dflt_clz.o(x$fpl$dflt)
    __aeabi_ui2d                             0x00005839   Thumb Code     0  dflt_clz.o(x$fpl$dfltu)
    _dfltu                                   0x00005839   Thumb Code    38  dflt_clz.o(x$fpl$dfltu)
    __aeabi_cdcmpge                          0x00005861   Thumb Code     0  dgeqf.o(x$fpl$dgeqf)
    _dcmpge                                  0x00005861   Thumb Code   120  dgeqf.o(x$fpl$dgeqf)
    __aeabi_cdcmple                          0x000058d9   Thumb Code     0  dleqf.o(x$fpl$dleqf)
    _dcmple                                  0x000058d9   Thumb Code   120  dleqf.o(x$fpl$dleqf)
    __fpl_dcmple_InfNaN                      0x0000593b   Thumb Code     0  dleqf.o(x$fpl$dleqf)
    __aeabi_dmul                             0x00005951   Thumb Code     0  dmul.o(x$fpl$dmul)
    _dmul                                    0x00005951   Thumb Code   332  dmul.o(x$fpl$dmul)
    __fpl_dnaninf                            0x00005aa5   Thumb Code   156  dnaninf.o(x$fpl$dnaninf)
    __fpl_dretinf                            0x00005b41   Thumb Code    12  dretinf.o(x$fpl$dretinf)
    __aeabi_cdrcmple                         0x00005b4d   Thumb Code     0  drleqf.o(x$fpl$drleqf)
    _drcmple                                 0x00005b4d   Thumb Code   108  drleqf.o(x$fpl$drleqf)
    __aeabi_drsub                            0x00005bb9   Thumb Code     0  daddsub_clz.o(x$fpl$drsb)
    _drsb                                    0x00005bb9   Thumb Code    22  daddsub_clz.o(x$fpl$drsb)
    _dsqrt                                   0x00005bd1   Thumb Code   404  dsqrt_umaal.o(x$fpl$dsqrt)
    __aeabi_dsub                             0x00005d69   Thumb Code     0  daddsub_clz.o(x$fpl$dsub)
    _dsub                                    0x00005d69   Thumb Code   464  daddsub_clz.o(x$fpl$dsub)
    __aeabi_f2d                              0x00005f3d   Thumb Code     0  f2d.o(x$fpl$f2d)
    _f2d                                     0x00005f3d   Thumb Code    86  f2d.o(x$fpl$f2d)
    __aeabi_dcmpeq                           0x00005f93   Thumb Code     0  dcmp.o(x$fpl$fcmp)
    _deq                                     0x00005f93   Thumb Code    14  dcmp.o(x$fpl$fcmp)
    _dneq                                    0x00005fa1   Thumb Code    14  dcmp.o(x$fpl$fcmp)
    __aeabi_dcmpgt                           0x00005faf   Thumb Code     0  dcmp.o(x$fpl$fcmp)
    _dgr                                     0x00005faf   Thumb Code    14  dcmp.o(x$fpl$fcmp)
    __aeabi_dcmpge                           0x00005fbd   Thumb Code     0  dcmp.o(x$fpl$fcmp)
    _dgeq                                    0x00005fbd   Thumb Code    14  dcmp.o(x$fpl$fcmp)
    __aeabi_dcmple                           0x00005fcb   Thumb Code     0  dcmp.o(x$fpl$fcmp)
    _dleq                                    0x00005fcb   Thumb Code    14  dcmp.o(x$fpl$fcmp)
    __aeabi_dcmplt                           0x00005fd9   Thumb Code     0  dcmp.o(x$fpl$fcmp)
    _dls                                     0x00005fd9   Thumb Code    14  dcmp.o(x$fpl$fcmp)
    __fpl_fnaninf                            0x00005fe7   Thumb Code   140  fnaninf.o(x$fpl$fnaninf)
    _fp_init                                 0x00006073   Thumb Code    26  fpinit.o(x$fpl$fpinit)
    __fplib_config_fpu_vfp                   0x0000608b   Thumb Code     0  fpinit.o(x$fpl$fpinit)
    __fplib_config_pureend_doubles           0x0000608b   Thumb Code     0  fpinit.o(x$fpl$fpinit)
    __fpl_fretinf                            0x0000608d   Thumb Code    10  fretinf.o(x$fpl$fretinf)
    __ieee_status                            0x00006097   Thumb Code     6  istatus.o(x$fpl$ieeestatus)
    _printf_fp_dec                           0x0000609d   Thumb Code     4  printf1.o(x$fpl$printf1)
    __fpl_return_NaN                         0x000060a1   Thumb Code   100  retnan.o(x$fpl$retnan)
    __ARM_scalbn                             0x00006105   Thumb Code    92  scalbn.o(x$fpl$scalbn)
    _scanf_real                              0x00006161   Thumb Code     4  scanf1.o(x$fpl$scanf1)
    _scanf_hex_real                          0x00006165   Thumb Code     4  scanf2.o(x$fpl$scanf2)
    _scanf_infnan                            0x00006169   Thumb Code     4  scanf2.o(x$fpl$scanf2)
    __fpl_cmpreturn                          0x0000616d   Thumb Code    48  trapv.o(x$fpl$trapveneer)
    __I$use$fp                               0x0000619c   Number         0  usenofp.o(x$fpl$usenofp)
    __mathlib_zero                           0x000062f0   Data           8  qnan.o(.constdata)
    Region$$Table$$Base                      0x00006494   Number         0  anon$$obj.o(Region$$Table)
    Region$$Table$$Limit                     0x000064b4   Number         0  anon$$obj.o(Region$$Table)
    __aeabi_HUGE_VAL                         0x000064b4   Data           0  fpconst.o(c$$dinf)
    __aeabi_HUGE_VALL                        0x000064b4   Data           0  fpconst.o(c$$dinf)
    __aeabi_INFINITY                         0x000064b4   Data           0  fpconst.o(c$$dinf)
    __dInf                                   0x000064b4   Data           0  fpconst.o(c$$dinf)
    __huge_val                               0x000064b4   Data           0  fpconst.o(c$$dinf)
    __dbl_max                                0x000064bc   Data           0  fpconst.o(c$$dmax)
    __ctype                                  0x000064ed   Data           0  lc_ctype_c.o(locale$$data)
    counter                                  0x20000000   Data           4  main.o(.data.counter)
    __libspace_start                         0x20000008   Data          96  libspace.o(.bss)
    GPS_Sentence                             0x20000068   Data         100  gps.o(.bss.GPS_Sentence)
    __temporary_stack_top$libspace           0x20000068   Data           0  libspace.o(.bss)
    cfg1                                     0x200000cc   Data          12  main.o(.bss.cfg1)
    cfg2                                     0x200000d8   Data          12  main.o(.bss.cfg2)
    cmd                                      0x200000e4   Data           1  main.o(.bss.cmd)
    current_latitude                         0x200000e8   Data           4  main.o(.bss.current_latitude)
    current_longitude                        0x200000ec   Data           4  main.o(.bss.current_longitude)
    deltaLat                                 0x200000f0   Data           4  app.o(.bss.deltaLat)
    deltaLong                                0x200000f4   Data           4  app.o(.bss.deltaLong)
    distance                                 0x200000f8   Data           4  main.o(.bss.distance)
    prev_latitude                            0x200000fc   Data           4  main.o(.bss.prev_latitude)
    prev_longitude                           0x20000100   Data           4  main.o(.bss.prev_longitude)



==============================================================================

Memory Map of the image

  Image Entry point : 0x00000339

  Load Region LR_1 (Base: 0x00000000, Size: 0x000065f4, Max: 0xffffffff, ABSOLUTE)

    Execution Region ER_RO (Exec base: 0x00000000, Load base: 0x00000000, Size: 0x000065f0, Max: 0xffffffff, ABSOLUTE)

    Exec Addr    Load Addr    Size         Type   Attr      Idx    E Section Name        Object

    0x00000000   0x00000000   0x0000026c   Data   RO          226    RESET               startup_tm4c123.o
    0x0000026c   0x0000026c   0x00000008   Code   RO          290  * !!!main             c_w.l(__main.o)
    0x00000274   0x00000274   0x00000034   Code   RO          784    !!!scatter          c_w.l(__scatter.o)
    0x000002a8   0x000002a8   0x0000001a   Code   RO          786    !!handler_copy      c_w.l(__scatter_copy.o)
    0x000002c2   0x000002c2   0x00000002   PAD
    0x000002c4   0x000002c4   0x0000001c   Code   RO          788    !!handler_zi        c_w.l(__scatter_zi.o)
    0x000002e0   0x000002e0   0x00000000   Code   RO          285    .ARM.Collect$$_printf_percent$$00000000  c_w.l(_printf_percent.o)
    0x000002e0   0x000002e0   0x00000006   Code   RO          284    .ARM.Collect$$_printf_percent$$00000003  c_w.l(_printf_f.o)
    0x000002e6   0x000002e6   0x00000006   Code   RO          283    .ARM.Collect$$_printf_percent$$00000009  c_w.l(_printf_d.o)
    0x000002ec   0x000002ec   0x00000004   Code   RO          405    .ARM.Collect$$_printf_percent$$00000017  c_w.l(_printf_percent_end.o)
    0x000002f0   0x000002f0   0x00000002   Code   RO          589    .ARM.Collect$$libinit$$00000000  c_w.l(libinit.o)
    0x000002f2   0x000002f2   0x00000004   Code   RO          590    .ARM.Collect$$libinit$$00000001  c_w.l(libinit2.o)
    0x000002f6   0x000002f6   0x00000000   Code   RO          593    .ARM.Collect$$libinit$$00000004  c_w.l(libinit2.o)
    0x000002f6   0x000002f6   0x00000000   Code   RO          596    .ARM.Collect$$libinit$$0000000A  c_w.l(libinit2.o)
    0x000002f6   0x000002f6   0x00000000   Code   RO          598    .ARM.Collect$$libinit$$0000000C  c_w.l(libinit2.o)
    0x000002f6   0x000002f6   0x00000000   Code   RO          600    .ARM.Collect$$libinit$$0000000E  c_w.l(libinit2.o)
    0x000002f6   0x000002f6   0x00000006   Code   RO          601    .ARM.Collect$$libinit$$0000000F  c_w.l(libinit2.o)
    0x000002fc   0x000002fc   0x00000000   Code   RO          603    .ARM.Collect$$libinit$$00000011  c_w.l(libinit2.o)
    0x000002fc   0x000002fc   0x0000000c   Code   RO          604    .ARM.Collect$$libinit$$00000012  c_w.l(libinit2.o)
    0x00000308   0x00000308   0x00000000   Code   RO          605    .ARM.Collect$$libinit$$00000013  c_w.l(libinit2.o)
    0x00000308   0x00000308   0x00000000   Code   RO          607    .ARM.Collect$$libinit$$00000015  c_w.l(libinit2.o)
    0x00000308   0x00000308   0x0000000a   Code   RO          608    .ARM.Collect$$libinit$$00000016  c_w.l(libinit2.o)
    0x00000312   0x00000312   0x00000000   Code   RO          609    .ARM.Collect$$libinit$$00000017  c_w.l(libinit2.o)
    0x00000312   0x00000312   0x00000000   Code   RO          611    .ARM.Collect$$libinit$$00000019  c_w.l(libinit2.o)
    0x00000312   0x00000312   0x00000000   Code   RO          613    .ARM.Collect$$libinit$$0000001B  c_w.l(libinit2.o)
    0x00000312   0x00000312   0x00000000   Code   RO          615    .ARM.Collect$$libinit$$0000001D  c_w.l(libinit2.o)
    0x00000312   0x00000312   0x00000000   Code   RO          617    .ARM.Collect$$libinit$$0000001F  c_w.l(libinit2.o)
    0x00000312   0x00000312   0x00000000   Code   RO          619    .ARM.Collect$$libinit$$00000021  c_w.l(libinit2.o)
    0x00000312   0x00000312   0x00000000   Code   RO          621    .ARM.Collect$$libinit$$00000023  c_w.l(libinit2.o)
    0x00000312   0x00000312   0x00000000   Code   RO          623    .ARM.Collect$$libinit$$00000025  c_w.l(libinit2.o)
    0x00000312   0x00000312   0x00000000   Code   RO          627    .ARM.Collect$$libinit$$0000002C  c_w.l(libinit2.o)
    0x00000312   0x00000312   0x00000000   Code   RO          629    .ARM.Collect$$libinit$$0000002E  c_w.l(libinit2.o)
    0x00000312   0x00000312   0x00000000   Code   RO          631    .ARM.Collect$$libinit$$00000030  c_w.l(libinit2.o)
    0x00000312   0x00000312   0x00000000   Code   RO          633    .ARM.Collect$$libinit$$00000032  c_w.l(libinit2.o)
    0x00000312   0x00000312   0x00000002   Code   RO          634    .ARM.Collect$$libinit$$00000033  c_w.l(libinit2.o)
    0x00000314   0x00000314   0x00000002   Code   RO          714    .ARM.Collect$$libshutdown$$00000000  c_w.l(libshutdown.o)
    0x00000316   0x00000316   0x00000000   Code   RO          741    .ARM.Collect$$libshutdown$$00000002  c_w.l(libshutdown2.o)
    0x00000316   0x00000316   0x00000000   Code   RO          743    .ARM.Collect$$libshutdown$$00000004  c_w.l(libshutdown2.o)
    0x00000316   0x00000316   0x00000000   Code   RO          746    .ARM.Collect$$libshutdown$$00000007  c_w.l(libshutdown2.o)
    0x00000316   0x00000316   0x00000000   Code   RO          749    .ARM.Collect$$libshutdown$$0000000A  c_w.l(libshutdown2.o)
    0x00000316   0x00000316   0x00000000   Code   RO          751    .ARM.Collect$$libshutdown$$0000000C  c_w.l(libshutdown2.o)
    0x00000316   0x00000316   0x00000000   Code   RO          754    .ARM.Collect$$libshutdown$$0000000F  c_w.l(libshutdown2.o)
    0x00000316   0x00000316   0x00000002   Code   RO          755    .ARM.Collect$$libshutdown$$00000010  c_w.l(libshutdown2.o)
    0x00000318   0x00000318   0x00000000   Code   RO          390    .ARM.Collect$$rtentry$$00000000  c_w.l(__rtentry.o)
    0x00000318   0x00000318   0x00000000   Code   RO          487    .ARM.Collect$$rtentry$$00000002  c_w.l(__rtentry2.o)
    0x00000318   0x00000318   0x00000006   Code   RO          499    .ARM.Collect$$rtentry$$00000004  c_w.l(__rtentry4.o)
    0x0000031e   0x0000031e   0x00000000   Code   RO          489    .ARM.Collect$$rtentry$$00000009  c_w.l(__rtentry2.o)
    0x0000031e   0x0000031e   0x00000004   Code   RO          490    .ARM.Collect$$rtentry$$0000000A  c_w.l(__rtentry2.o)
    0x00000322   0x00000322   0x00000000   Code   RO          492    .ARM.Collect$$rtentry$$0000000C  c_w.l(__rtentry2.o)
    0x00000322   0x00000322   0x00000008   Code   RO          493    .ARM.Collect$$rtentry$$0000000D  c_w.l(__rtentry2.o)
    0x0000032a   0x0000032a   0x00000002   Code   RO          637    .ARM.Collect$$rtexit$$00000000  c_w.l(rtexit.o)
    0x0000032c   0x0000032c   0x00000000   Code   RO          676    .ARM.Collect$$rtexit$$00000002  c_w.l(rtexit2.o)
    0x0000032c   0x0000032c   0x00000004   Code   RO          677    .ARM.Collect$$rtexit$$00000003  c_w.l(rtexit2.o)
    0x00000330   0x00000330   0x00000006   Code   RO          678    .ARM.Collect$$rtexit$$00000004  c_w.l(rtexit2.o)
    0x00000336   0x00000336   0x00000002   PAD
    0x00000338   0x00000338   0x00000114   Code   RO          227  * .text               startup_tm4c123.o
    0x0000044c   0x0000044c   0x00000028   Code   RO          255    .text               c_w.l(noretval__2sprintf.o)
    0x00000474   0x00000474   0x00000034   Code   RO          257    .text               c_w.l(noretval__2snprintf.o)
    0x000004a8   0x000004a8   0x00000078   Code   RO          261    .text               c_w.l(_printf_dec.o)
    0x00000520   0x00000520   0x0000010e   Code   RO          271    .text               c_w.l(__printf_wp.o)
    0x0000062e   0x0000062e   0x00000004   Code   RO          286    .text               c_w.l(strtok_r.o)
    0x00000632   0x00000632   0x00000006   Code   RO          288    .text               c_w.l(heapauxi.o)
    0x00000638   0x00000638   0x00000016   Code   RO          391    .text               c_w.l(_rserrno.o)
    0x0000064e   0x0000064e   0x000000b2   Code   RO          393    .text               c_w.l(_printf_intcommon.o)
    0x00000700   0x00000700   0x0000041c   Code   RO          395    .text               c_w.l(_printf_fp_dec.o)
    0x00000b1c   0x00000b1c   0x00000030   Code   RO          399    .text               c_w.l(_printf_char_common.o)
    0x00000b4c   0x00000b4c   0x0000000a   Code   RO          401    .text               c_w.l(_sputc.o)
    0x00000b56   0x00000b56   0x00000010   Code   RO          403    .text               c_w.l(_snputc.o)
    0x00000b66   0x00000b66   0x00000002   PAD
    0x00000b68   0x00000b68   0x000000b0   Code   RO          406    .text               c_w.l(strtod.o)
    0x00000c18   0x00000c18   0x00000044   Code   RO          408    .text               c_w.l(strtok_int.o)
    0x00000c5c   0x00000c5c   0x00000008   Code   RO          504    .text               c_w.l(rt_locale_intlibspace.o)
    0x00000c64   0x00000c64   0x00000008   Code   RO          509    .text               c_w.l(rt_errno_addr_intlibspace.o)
    0x00000c6c   0x00000c6c   0x0000008a   Code   RO          511    .text               c_w.l(lludiv10.o)
    0x00000cf6   0x00000cf6   0x00000012   Code   RO          513    .text               c_w.l(isspace.o)
    0x00000d08   0x00000d08   0x00000080   Code   RO          515    .text               c_w.l(_printf_fp_infnan.o)
    0x00000d88   0x00000d88   0x00000040   Code   RO          519    .text               c_w.l(_sgetc.o)
    0x00000dc8   0x00000dc8   0x000000e4   Code   RO          521    .text               c_w.l(bigflt0.o)
    0x00000eac   0x00000eac   0x00000020   Code   RO          551    .text               c_w.l(strcspn.o)
    0x00000ecc   0x00000ecc   0x0000001c   Code   RO          553    .text               c_w.l(strspn.o)
    0x00000ee8   0x00000ee8   0x00000008   Code   RO          567    .text               c_w.l(libspace.o)
    0x00000ef0   0x00000ef0   0x0000004a   Code   RO          570    .text               c_w.l(sys_stackheap_outer.o)
    0x00000f3a   0x00000f3a   0x00000002   PAD
    0x00000f3c   0x00000f3c   0x00000010   Code   RO          572    .text               c_w.l(rt_ctype_table.o)
    0x00000f4c   0x00000f4c   0x000004f8   Code   RO          574    .text               c_w.l(scanf_fp.o)
    0x00001444   0x00001444   0x00000012   Code   RO          580    .text               c_w.l(exit.o)
    0x00001456   0x00001456   0x00000002   PAD
    0x00001458   0x00001458   0x0000007c   Code   RO          582    .text               c_w.l(strcmpv7em.o)
    0x000014d4   0x000014d4   0x00000026   Code   RO          639    .text               c_w.l(llshl.o)
    0x000014fa   0x000014fa   0x00000002   PAD
    0x000014fc   0x000014fc   0x00000320   Code   RO          682    .text               c_w.l(scanf_hexfp.o)
    0x0000181c   0x0000181c   0x00000134   Code   RO          684    .text               c_w.l(scanf_infnan.o)
    0x00001950   0x00001950   0x0000000c   Code   RO          698    .text               c_w.l(sys_exit.o)
    0x0000195c   0x0000195c   0x0000001c   Code   RO          706    .text               c_w.l(_chval.o)
    0x00001978   0x00001978   0x00000002   Code   RO          731    .text               c_w.l(use_no_semi.o)
    0x0000197a   0x0000197a   0x00000000   Code   RO          733    .text               c_w.l(indicate_semi.o)
    0x0000197a   0x0000197a   0x00000006   PAD
    0x00001980   0x00001980   0x000001ac   Code   RO          189    .text.APP_Compute_Distance  app.o
    0x00001b2c   0x00001b2c   0x000000a4   Code   RO          211    .text.APP_Destination_Reached  app.o
    0x00001bd0   0x00001bd0   0x00000018   Code   RO          191    .text.APP_Float_To_Int  app.o
    0x00001be8   0x00001be8   0x00000018   Code   RO          207    .text.APP_LCD_Clear_Write  app.o
    0x00001c00   0x00001c00   0x00000014   Code   RO          203    .text.APP_LCD_Write  app.o
    0x00001c14   0x00001c14   0x00000038   Code   RO          209    .text.APP_Prompt_Dump_Read  app.o
    0x00001c4c   0x00001c4c   0x00000022   Code   RO          197    .text.APP_Read_Point  app.o
    0x00001c6e   0x00001c6e   0x00000002   PAD
    0x00001c70   0x00001c70   0x000000d4   Code   RO          201    .text.APP_Send_Sentences  app.o
    0x00001d44   0x00001d44   0x0000002c   Code   RO          213    .text.APP_System_Init  app.o
    0x00001d70   0x00001d70   0x00000084   Code   RO          185    .text.APP_To_Degree  app.o
    0x00001df4   0x00001df4   0x00000004   PAD
    0x00001df8   0x00001df8   0x00000028   Code   RO          187    .text.APP_To_Radian  app.o
    0x00001e20   0x00001e20   0x00000018   Code   RO          199    .text.APP_UART_INIT  app.o
    0x00001e38   0x00001e38   0x00000028   Code   RO          195    .text.APP_Write_Point  app.o
    0x00001e60   0x00001e60   0x00000014   Code   RO          145    .text.E_RESET       lcd.o
    0x00001e74   0x00001e74   0x00000014   Code   RO          143    .text.E_SET         lcd.o
    0x00001e88   0x00001e88   0x0000007c   Code   RO          109    .text.HAL_GPS_Read  gps.o
    0x00001f04   0x00001f04   0x0000000a   Code   RO          133    .text.HAL_LCD_Clear  lcd.o
    0x00001f0e   0x00001f0e   0x00000002   PAD
    0x00001f10   0x00001f10   0x00000026   Code   RO          123    .text.HAL_LCD_Init  lcd.o
    0x00001f36   0x00001f36   0x00000002   PAD
    0x00001f38   0x00001f38   0x0000005a   Code   RO          125    .text.HAL_LCD_Send_CMD  lcd.o
    0x00001f92   0x00001f92   0x00000002   PAD
    0x00001f94   0x00001f94   0x0000005a   Code   RO          127    .text.HAL_LCD_Send_Char  lcd.o
    0x00001fee   0x00001fee   0x00000002   PAD
    0x00001ff0   0x00001ff0   0x0000002c   Code   RO          131    .text.HAL_LCD_Send_Number  lcd.o
    0x0000201c   0x0000201c   0x00000022   Code   RO          129    .text.HAL_LCD_Send_String  lcd.o
    0x0000203e   0x0000203e   0x00000002   PAD
    0x00002040   0x00002040   0x0000001a   Code   RO          135    .text.HAL_LCD_XY    lcd.o
    0x0000205a   0x0000205a   0x00000002   PAD
    0x0000205c   0x0000205c   0x00000038   Code   RO          157    .text.HAL_LEDS_INIT  led.o
    0x00002094   0x00002094   0x00000014   Code   RO          159    .text.HAL_LED_SET   led.o
    0x000020a8   0x000020a8   0x00000024   Code   RO          175    .text.HAL_SWITCH_GET  switch.o
    0x000020cc   0x000020cc   0x00000074   Code   RO          137    .text.LCD_DATA_CTRL_Init  lcd.o
    0x00002140   0x00002140   0x00000014   Code   RO           30    .text.MCAL_EEPROM_Config_BlockOffset  eeprom_programme.o
    0x00002154   0x00002154   0x00000034   Code   RO           26    .text.MCAL_EEPROM_Fix_Error  eeprom_programme.o
    0x00002188   0x00002188   0x0000004c   Code   RO           22    .text.MCAL_EEPROM_INIT  eeprom_programme.o
    0x000021d4   0x000021d4   0x0000001a   Code   RO           32    .text.MCAL_EEPROM_Read  eeprom_programme.o
    0x000021ee   0x000021ee   0x00000002   PAD
    0x000021f0   0x000021f0   0x00000028   Code   RO           24    .text.MCAL_EEPROM_Software_Reset  eeprom_programme.o
    0x00002218   0x00002218   0x0000001a   Code   RO           34    .text.MCAL_EEPROM_Write  eeprom_programme.o
    0x00002232   0x00002232   0x00000002   PAD
    0x00002234   0x00002234   0x0000001e   Code   RO           52    .text.MCAL_GPIO_GetPinValue  gpio_proggramm.o
    0x00002252   0x00002252   0x00000002   PAD
    0x00002254   0x00002254   0x0000003c   Code   RO           46    .text.MCAL_GPIO_INIT  gpio_proggramm.o
    0x00002290   0x00002290   0x0000008e   Code   RO           48    .text.MCAL_GPIO_SetPinMode  gpio_proggramm.o
    0x0000231e   0x0000231e   0x00000002   PAD
    0x00002320   0x00002320   0x00000026   Code   RO           50    .text.MCAL_GPIO_SetPinValue  gpio_proggramm.o
    0x00002346   0x00002346   0x00000002   PAD
    0x00002348   0x00002348   0x0000001c   Code   RO           64    .text.MCAL_STK_Delay_ms  stk_program.o
    0x00002364   0x00002364   0x00000004   PAD
    0x00002368   0x00002368   0x000000d8   Code   RO           83    .text.MCAL_UART_Init  uart_src.o
    0x00002440   0x00002440   0x00000010   Code   RO           89    .text.MCAL_UART_Receive_Byte_Poll  uart_src.o
    0x00002450   0x00002450   0x0000000e   Code   RO           87    .text.MCAL_UART_Send_Byte_Poll  uart_src.o
    0x0000245e   0x0000245e   0x00000002   PAD
    0x00002460   0x00002460   0x00000022   Code   RO           95    .text.MCAL_UART_Send_String  uart_src.o
    0x00002482   0x00002482   0x00000002   PAD
    0x00002484   0x00002484   0x00000014   Code   RO          139    .text.RS_RESET      lcd.o
    0x00002498   0x00002498   0x00000014   Code   RO          147    .text.RS_SET        lcd.o
    0x000024ac   0x000024ac   0x00000014   Code   RO          141    .text.RW_RESET      lcd.o
    0x000024c0   0x000024c0   0x00000022   Code   RO           62    .text.STK_wait      stk_program.o
    0x000024e2   0x000024e2   0x00000002   PAD
    0x000024e4   0x000024e4   0x00000070   Code   RO          238    .text.SystemInit    system_tm4c123.o
    0x00002554   0x00002554   0x0000022e   Code   RO           85    .text.UART_GPIO_RCC  uart_src.o
    0x00002782   0x00002782   0x00000002   PAD
    0x00002784   0x00002784   0x00000028   Code   RO          121    .text.delay_ms      lcd.o
    0x000027ac   0x000027ac   0x00000004   PAD
    0x000027b0   0x000027b0   0x000001f4   Code   RO            2    .text.main          main.o
    0x000029a4   0x000029a4   0x0000007e   Code   RO          107    .text.parse_GPS_data  gps.o
    0x00002a22   0x00002a22   0x0000003e   Code   RO          524    CL$$btod_d2e        c_w.l(btod.o)
    0x00002a60   0x00002a60   0x00000046   Code   RO          526    CL$$btod_d2e_denorm_low  c_w.l(btod.o)
    0x00002aa6   0x00002aa6   0x00000060   Code   RO          525    CL$$btod_d2e_norm_op1  c_w.l(btod.o)
    0x00002b06   0x00002b06   0x00000338   Code   RO          534    CL$$btod_div_common  c_w.l(btod.o)
    0x00002e3e   0x00002e3e   0x00000002   PAD
    0x00002e40   0x00002e40   0x00000084   Code   RO          532    CL$$btod_e2d        c_w.l(btod.o)
    0x00002ec4   0x00002ec4   0x000000dc   Code   RO          531    CL$$btod_e2e        c_w.l(btod.o)
    0x00002fa0   0x00002fa0   0x0000002a   Code   RO          528    CL$$btod_ediv       c_w.l(btod.o)
    0x00002fca   0x00002fca   0x0000002a   Code   RO          530    CL$$btod_edivd      c_w.l(btod.o)
    0x00002ff4   0x00002ff4   0x0000002a   Code   RO          527    CL$$btod_emul       c_w.l(btod.o)
    0x0000301e   0x0000301e   0x0000002a   Code   RO          529    CL$$btod_emuld      c_w.l(btod.o)
    0x00003048   0x00003048   0x00000244   Code   RO          533    CL$$btod_mult_common  c_w.l(btod.o)
    0x0000328c   0x0000328c   0x00000030   Code   RO          470    i.__ARM_fpclassify  m_wm.l(fpclassify.o)
    0x000032bc   0x000032bc   0x00000004   PAD
    0x000032c0   0x000032c0   0x000000f8   Code   RO          667    i.__hardfp___mathlib_tofloat  m_wm.l(narrow.o)
    0x000033b8   0x000033b8   0x000002d8   Code   RO          433    i.__hardfp_atan     m_wm.l(atan.o)
    0x00003690   0x00003690   0x00000200   Code   RO          322    i.__hardfp_atan2    m_wm.l(atan2.o)
    0x00003890   0x00003890   0x00000038   Code   RO          334    i.__hardfp_atof     m_wm.l(atof.o)
    0x000038c8   0x000038c8   0x000000c8   Code   RO          340    i.__hardfp_cos      m_wm.l(cos.o)
    0x00003990   0x00003990   0x000000d0   Code   RO          715    i.__hardfp_ldexp    m_wm.l(ldexp.o)
    0x00003a60   0x00003a60   0x00000c50   Code   RO          352    i.__hardfp_pow      m_wm.l(pow.o)
    0x000046b0   0x000046b0   0x000000c8   Code   RO          366    i.__hardfp_sin      m_wm.l(sin.o)
    0x00004778   0x00004778   0x0000007a   Code   RO          378    i.__hardfp_sqrt     m_wm.l(sqrt.o)
    0x000047f2   0x000047f2   0x00000006   PAD
    0x000047f8   0x000047f8   0x00000438   Code   RO          475    i.__ieee754_rem_pio2  m_wm.l(rred.o)
    0x00004c30   0x00004c30   0x00000170   Code   RO          447    i.__kernel_cos      m_wm.l(cos_i.o)
    0x00004da0   0x00004da0   0x000000f8   Code   RO          472    i.__kernel_poly     m_wm.l(poly.o)
    0x00004e98   0x00004e98   0x00000130   Code   RO          480    i.__kernel_sin      m_wm.l(sin_i.o)
    0x00004fc8   0x00004fc8   0x00000030   Code   RO          450    i.__mathlib_dbl_divzero  m_wm.l(dunder.o)
    0x00004ff8   0x00004ff8   0x00000014   Code   RO          451    i.__mathlib_dbl_infnan  m_wm.l(dunder.o)
    0x0000500c   0x0000500c   0x00000014   Code   RO          452    i.__mathlib_dbl_infnan2  m_wm.l(dunder.o)
    0x00005020   0x00005020   0x00000020   Code   RO          453    i.__mathlib_dbl_invalid  m_wm.l(dunder.o)
    0x00005040   0x00005040   0x00000020   Code   RO          454    i.__mathlib_dbl_overflow  m_wm.l(dunder.o)
    0x00005060   0x00005060   0x00000020   Code   RO          456    i.__mathlib_dbl_underflow  m_wm.l(dunder.o)
    0x00005080   0x00005080   0x00000012   Code   RO          668    i.__mathlib_narrow  m_wm.l(narrow.o)
    0x00005092   0x00005092   0x00000014   Code   RO          717    i.__support_ldexp   m_wm.l(ldexp.o)
    0x000050a6   0x000050a6   0x0000000e   Code   RO          273    i._is_digit         c_w.l(__printf_wp.o)
    0x000050b4   0x000050b4   0x00000010   Code   RO          435    i.atan              m_wm.l(atan.o)
    0x000050c4   0x000050c4   0x00000018   Code   RO          466    i.fabs              m_wm.l(fabs.o)
    0x000050dc   0x000050dc   0x00000004   PAD
    0x000050e0   0x000050e0   0x0000008c   Code   RO          692    i.frexp             m_wm.l(frexp.o)
    0x0000516c   0x0000516c   0x0000006e   Code   RO          380    i.sqrt              m_wm.l(sqrt.o)
    0x000051da   0x000051da   0x00000002   PAD
    0x000051dc   0x000051dc   0x0000002c   Code   RO          549    locale$$code        c_w.l(lc_numeric_c.o)
    0x00005208   0x00005208   0x0000002c   Code   RO          647    locale$$code        c_w.l(lc_ctype_c.o)
    0x00005234   0x00005234   0x00000018   Code   RO          410    x$fpl$basic         fz_wm.l(basic.o)
    0x0000524c   0x0000524c   0x00000062   Code   RO          292    x$fpl$d2f           fz_wm.l(d2f.o)
    0x000052ae   0x000052ae   0x00000002   PAD
    0x000052b0   0x000052b0   0x00000150   Code   RO          294    x$fpl$dadd          fz_wm.l(daddsub_clz.o)
    0x00005400   0x00005400   0x00000010   Code   RO          555    x$fpl$dcheck1       fz_wm.l(dcheck1.o)
    0x00005410   0x00005410   0x00000018   Code   RO          557    x$fpl$dcmpinf       fz_wm.l(dcmpi.o)
    0x00005428   0x00005428   0x000002b0   Code   RO          303    x$fpl$ddiv          fz_wm.l(ddiv.o)
    0x000056d8   0x000056d8   0x00000078   Code   RO          412    x$fpl$deqf          fz_wm.l(deqf.o)
    0x00005750   0x00005750   0x0000005e   Code   RO          559    x$fpl$dfix          fz_wm.l(dfix.o)
    0x000057ae   0x000057ae   0x00000002   PAD
    0x000057b0   0x000057b0   0x0000005a   Code   RO          306    x$fpl$dfixu         fz_wm.l(dfixu.o)
    0x0000580a   0x0000580a   0x0000002e   Code   RO          311    x$fpl$dflt          fz_wm.l(dflt_clz.o)
    0x00005838   0x00005838   0x00000026   Code   RO          310    x$fpl$dfltu         fz_wm.l(dflt_clz.o)
    0x0000585e   0x0000585e   0x00000002   PAD
    0x00005860   0x00005860   0x00000078   Code   RO          414    x$fpl$dgeqf         fz_wm.l(dgeqf.o)
    0x000058d8   0x000058d8   0x00000078   Code   RO          416    x$fpl$dleqf         fz_wm.l(dleqf.o)
    0x00005950   0x00005950   0x00000154   Code   RO          316    x$fpl$dmul          fz_wm.l(dmul.o)
    0x00005aa4   0x00005aa4   0x0000009c   Code   RO          418    x$fpl$dnaninf       fz_wm.l(dnaninf.o)
    0x00005b40   0x00005b40   0x0000000c   Code   RO          420    x$fpl$dretinf       fz_wm.l(dretinf.o)
    0x00005b4c   0x00005b4c   0x0000006c   Code   RO          422    x$fpl$drleqf        fz_wm.l(drleqf.o)
    0x00005bb8   0x00005bb8   0x00000016   Code   RO          295    x$fpl$drsb          fz_wm.l(daddsub_clz.o)
    0x00005bce   0x00005bce   0x00000002   PAD
    0x00005bd0   0x00005bd0   0x00000198   Code   RO          424    x$fpl$dsqrt         fz_wm.l(dsqrt_umaal.o)
    0x00005d68   0x00005d68   0x000001d4   Code   RO          296    x$fpl$dsub          fz_wm.l(daddsub_clz.o)
    0x00005f3c   0x00005f3c   0x00000056   Code   RO          318    x$fpl$f2d           fz_wm.l(f2d.o)
    0x00005f92   0x00005f92   0x00000054   Code   RO          300    x$fpl$fcmp          fz_wm.l(dcmp.o)
    0x00005fe6   0x00005fe6   0x0000008c   Code   RO          426    x$fpl$fnaninf       fz_wm.l(fnaninf.o)
    0x00006072   0x00006072   0x0000001a   Code   RO          657    x$fpl$fpinit        fz_wm.l(fpinit.o)
    0x0000608c   0x0000608c   0x0000000a   Code   RO          428    x$fpl$fretinf       fz_wm.l(fretinf.o)
    0x00006096   0x00006096   0x00000006   Code   RO          563    x$fpl$ieeestatus    fz_wm.l(istatus.o)
    0x0000609c   0x0000609c   0x00000004   Code   RO          320    x$fpl$printf1       fz_wm.l(printf1.o)
    0x000060a0   0x000060a0   0x00000064   Code   RO          635    x$fpl$retnan        fz_wm.l(retnan.o)
    0x00006104   0x00006104   0x0000005c   Code   RO          430    x$fpl$scalbn        fz_wm.l(scalbn.o)
    0x00006160   0x00006160   0x00000004   Code   RO          565    x$fpl$scanf1        fz_wm.l(scanf1.o)
    0x00006164   0x00006164   0x00000008   Code   RO          659    x$fpl$scanf2        fz_wm.l(scanf2.o)
    0x0000616c   0x0000616c   0x00000030   Code   RO          665    x$fpl$trapveneer    fz_wm.l(trapv.o)
    0x0000619c   0x0000619c   0x00000000   Code   RO          432    x$fpl$usenofp       fz_wm.l(usenofp.o)
    0x0000619c   0x0000619c   0x00000004   PAD
    0x000061a0   0x000061a0   0x00000088   Data   RO          355    .constdata          m_wm.l(pow.o)
    0x00006228   0x00006228   0x00000098   Data   RO          436    .constdata          m_wm.l(atan.o)
    0x000062c0   0x000062c0   0x00000030   Data   RO          448    .constdata          m_wm.l(cos_i.o)
    0x000062f0   0x000062f0   0x00000008   Data   RO          474    .constdata          m_wm.l(qnan.o)
    0x000062f8   0x000062f8   0x000000cc   Data   RO          477    .constdata          m_wm.l(rred.o)
    0x000063c4   0x000063c4   0x00000004   PAD
    0x000063c8   0x000063c8   0x00000028   Data   RO          481    .constdata          m_wm.l(sin_i.o)
    0x000063f0   0x000063f0   0x00000094   Data   RO          522    .constdata          c_w.l(bigflt0.o)
    0x00006484   0x00006484   0x0000000e   Data   RO           13    .rodata.str1.1      main.o
    0x00006492   0x00006492   0x00000002   Data   RO          111    .rodata.str1.1      gps.o
    0x00006494   0x00006494   0x00000020   Data   RO          783    Region$$Table       anon$$obj.o
    0x000064b4   0x000064b4   0x00000008   Data   RO          653    c$$dinf             fz_wm.l(fpconst.o)
    0x000064bc   0x000064bc   0x00000008   Data   RO          656    c$$dmax             fz_wm.l(fpconst.o)
    0x000064c4   0x000064c4   0x0000001c   Data   RO          548    locale$$data        c_w.l(lc_numeric_c.o)
    0x000064e0   0x000064e0   0x00000110   Data   RO          646    locale$$data        c_w.l(lc_ctype_c.o)


    Execution Region ER_RW (Exec base: 0x20000000, Load base: 0x000065f0, Size: 0x00000004, Max: 0xffffffff, ABSOLUTE)

    Exec Addr    Load Addr    Size         Type   Attr      Idx    E Section Name        Object

    0x20000000   0x000065f0   0x00000004   Data   RW           10    .data.counter       main.o


    Execution Region ER_ZI (Exec base: 0x20000008, Load base: 0x000065f4, Size: 0x00000300, Max: 0xffffffff, ABSOLUTE)

    Exec Addr    Load Addr    Size         Type   Attr      Idx    E Section Name        Object

    0x20000008        -       0x00000060   Zero   RW          568    .bss                c_w.l(libspace.o)
    0x20000068        -       0x00000064   Zero   RW          112    .bss.GPS_Sentence   gps.o
    0x200000cc        -       0x0000000c   Zero   RW           11    .bss.cfg1           main.o
    0x200000d8        -       0x0000000c   Zero   RW           12    .bss.cfg2           main.o
    0x200000e4        -       0x00000001   Zero   RW            9    .bss.cmd            main.o
    0x200000e5   0x000065f4   0x00000003   PAD
    0x200000e8        -       0x00000004   Zero   RW            4    .bss.current_latitude  main.o
    0x200000ec        -       0x00000004   Zero   RW            5    .bss.current_longitude  main.o
    0x200000f0        -       0x00000004   Zero   RW          215    .bss.deltaLat       app.o
    0x200000f4        -       0x00000004   Zero   RW          216    .bss.deltaLong      app.o
    0x200000f8        -       0x00000004   Zero   RW            8    .bss.distance       main.o
    0x200000fc        -       0x00000004   Zero   RW            6    .bss.prev_latitude  main.o
    0x20000100        -       0x00000004   Zero   RW            7    .bss.prev_longitude  main.o
    0x20000104   0x000065f4   0x00000004   PAD
    0x20000108        -       0x00000000   Zero   RW          225    HEAP                startup_tm4c123.o
    0x20000108        -       0x00000200   Zero   RW          224    STACK               startup_tm4c123.o


==============================================================================

Image component sizes


      Code (inc. data)   RO Data    RW Data    ZI Data      Debug   Object Name

      1242        168          0          0          8       6218   app.o
       240          0          0          0          0       1723   eeprom_programme.o
       270          0          0          0          0       2453   gpio_proggramm.o
       250          8          2          0        100       3025   gps.o
       588          8          0          0          0       3209   lcd.o
        76          0          0          0          0       1874   led.o
       500         68         14          4         45       2316   main.o
       276         24        620          0        512       5472   startup_tm4c123.o
        62          0          0          0          0       2047   stk_program.o
        36          0          0          0          0       1583   switch.o
       112          0          0          0          0       6533   system_tm4c123.o
       838         32          0          0          0       3412   uart_src.o

    ----------------------------------------------------------------------
      4534        312        668          4        672      39865   Object Totals
         0          0         32          0          0          0   (incl. Generated)
        44          4          0          0          7          0   (incl. Padding)

    ----------------------------------------------------------------------

      Code (inc. data)   RO Data    RW Data    ZI Data      Debug   Library Member Name

         8          0          0          0          0         68   __main.o
       284          0          0          0          0        156   __printf_wp.o
         0          0          0          0          0          0   __rtentry.o
        12          0          0          0          0          0   __rtentry2.o
         6          0          0          0          0          0   __rtentry4.o
        52          8          0          0          0          0   __scatter.o
        26          0          0          0          0          0   __scatter_copy.o
        28          0          0          0          0          0   __scatter_zi.o
        28          0          0          0          0         68   _chval.o
        48          6          0          0          0         96   _printf_char_common.o
         6          0          0          0          0          0   _printf_d.o
       120         16          0          0          0         92   _printf_dec.o
         6          0          0          0          0          0   _printf_f.o
      1052          0          0          0          0        148   _printf_fp_dec.o
       128         16          0          0          0         84   _printf_fp_infnan.o
       178          0          0          0          0         88   _printf_intcommon.o
         0          0          0          0          0          0   _printf_percent.o
         4          0          0          0          0          0   _printf_percent_end.o
        22          0          0          0          0        100   _rserrno.o
        64          0          0          0          0         84   _sgetc.o
        16          0          0          0          0         68   _snputc.o
        10          0          0          0          0         68   _sputc.o
       228          4        148          0          0         96   bigflt0.o
      2152        136          0          0          0        960   btod.o
        18          0          0          0          0         80   exit.o
         6          0          0          0          0        152   heapauxi.o
         0          0          0          0          0          0   indicate_semi.o
        18          0          0          0          0         76   isspace.o
        44         10        272          0          0         76   lc_ctype_c.o
        44         10         28          0          0         76   lc_numeric_c.o
         2          0          0          0          0          0   libinit.o
        34          0          0          0          0          0   libinit2.o
         2          0          0          0          0          0   libshutdown.o
         2          0          0          0          0          0   libshutdown2.o
         8          4          0          0         96         68   libspace.o
        38          0          0          0          0         68   llshl.o
       138          0          0          0          0         80   lludiv10.o
        52          4          0          0          0         84   noretval__2snprintf.o
        40          6          0          0          0         84   noretval__2sprintf.o
        16          4          0          0          0         76   rt_ctype_table.o
         8          4          0          0          0         68   rt_errno_addr_intlibspace.o
         8          4          0          0          0         68   rt_locale_intlibspace.o
         2          0          0          0          0          0   rtexit.o
        10          0          0          0          0          0   rtexit2.o
      1272         16          0          0          0        168   scanf_fp.o
       800         14          0          0          0        100   scanf_hexfp.o
       308         16          0          0          0        100   scanf_infnan.o
       124          0          0          0          0         88   strcmpv7em.o
        32          0          0          0          0         80   strcspn.o
        28          0          0          0          0         80   strspn.o
       176         14          0          0          0        124   strtod.o
        68          4          0          0          0         84   strtok_int.o
         4          0          0          0          0         68   strtok_r.o
        12          4          0          0          0         68   sys_exit.o
        74          0          0          0          0         80   sys_stackheap_outer.o
         2          0          0          0          0         68   use_no_semi.o
        24          0          0          0          0        164   basic.o
        98          4          0          0          0        140   d2f.o
       826         16          0          0          0        500   daddsub_clz.o
        16          4          0          0          0        116   dcheck1.o
        84          0          0          0          0        244   dcmp.o
        24          0          0          0          0        116   dcmpi.o
       688        140          0          0          0        264   ddiv.o
       120          4          0          0          0        140   deqf.o
        94          4          0          0          0        140   dfix.o
        90          4          0          0          0        140   dfixu.o
        84          0          0          0          0        232   dflt_clz.o
       120          4          0          0          0        140   dgeqf.o
       120          4          0          0          0        140   dleqf.o
       340         12          0          0          0        152   dmul.o
       156          4          0          0          0        140   dnaninf.o
        12          0          0          0          0        116   dretinf.o
       108          0          0          0          0        128   drleqf.o
       408         56          0          0          0        168   dsqrt_umaal.o
        86          4          0          0          0        132   f2d.o
       140          4          0          0          0        132   fnaninf.o
         0          0         16          0          0          0   fpconst.o
        26          0          0          0          0        116   fpinit.o
        10          0          0          0          0        116   fretinf.o
         6          0          0          0          0        116   istatus.o
         4          0          0          0          0        116   printf1.o
       100          0          0          0          0        116   retnan.o
        92          0          0          0          0        116   scalbn.o
         4          0          0          0          0        116   scanf1.o
         8          0          0          0          0        132   scanf2.o
        48          0          0          0          0        116   trapv.o
         0          0          0          0          0          0   usenofp.o
       744        106        152          0          0        352   atan.o
       512         64          0          0          0        208   atan2.o
        56         10          0          0          0        132   atof.o
       200         20          0          0          0        164   cos.o
       368         46         48          0          0        200   cos_i.o
       184         44          0          0          0        744   dunder.o
        24          0          0          0          0        124   fabs.o
        48          0          0          0          0        124   fpclassify.o
       140         22          0          0          0        132   frexp.o
       228          8          0          0          0        308   ldexp.o
       266         16          0          0          0        308   narrow.o
       248          0          0          0          0        152   poly.o
      3152        296        136          0          0        352   pow.o
         0          0          8          0          0          0   qnan.o
      1080        142        204          0          0        188   rred.o
       200         20          0          0          0        164   sin.o
       304         24         40          0          0        208   sin_i.o
       232          0          0          0          0        296   sqrt.o

    ----------------------------------------------------------------------
     19838       1384       1056          0         96      13000   Library Totals
        48          2          4          0          0          0   (incl. Padding)

    ----------------------------------------------------------------------

      Code (inc. data)   RO Data    RW Data    ZI Data      Debug   Library Name

      7868        300        448          0         96       4340   c_w.l
      3936        264         16          0          0       4504   fz_wm.l
      7986        818        588          0          0       4156   m_wm.l

    ----------------------------------------------------------------------
     19838       1384       1056          0         96      13000   Library Totals

    ----------------------------------------------------------------------

==============================================================================


      Code (inc. data)   RO Data    RW Data    ZI Data      Debug   

     24372       1696       1724          4        768      44713   Grand Totals
     24372       1696       1724          4        768      44713   ELF Image Totals
     24372       1696       1724          4          0          0   ROM Totals

==============================================================================

    Total RO  Size (Code + RO Data)                26096 (  25.48kB)
    Total RW  Size (RW Data + ZI Data)               772 (   0.75kB)
    Total ROM Size (Code + RO Data + RW Data)      26100 (  25.49kB)

==============================================================================

